<html>
<body>
<pre>
<h1>µVision Build Log</h1>
<h2>Tool Versions:</h2>
IDE-Version: µVision V5.32.0.0
Copyright (C) 2020 ARM Ltd and ARM Germany GmbH. All rights reserved.
License Information: sfsfgf DFDB, SFDGNGCN, LIC=----
 
Tool Versions:
Toolchain:       MDK-Lite  Version: 5.32.0.0
Toolchain Path:  C:\bin\Keil_v5\ARM\ARMCC\Bin
C Compiler:      Armcc.exe V5.06 update 7 (build 960)
Assembler:       Armasm.exe V5.06 update 7 (build 960)
Linker/Locator:  ArmLink.exe V5.06 update 7 (build 960)
Library Manager: ArmAr.exe V5.06 update 7 (build 960)
Hex Converter:   FromElf.exe V5.06 update 7 (build 960)
CPU DLL:         SARMCM3.DLL V5.32.0.0
Dialog DLL:      DARMCM1.DLL V1.19.4.0
Target DLL:      STLink\ST-LINKIII-KEIL_SWO.dll V3.0.8.0
Dialog DLL:      TARMCM1.DLL V1.14.3.0
 
<h2>Project:</h2>
C:\Users\r.hif\RTO1\RTO1\UE02\Apus.uvprojx
Project File Date:  11/05/2020

<h2>Output:</h2>
*** Using Compiler 'V5.06 update 7 (build 960)', folder: 'C:\bin\Keil_v5\ARM\ARMCC\Bin'
Build target 'Apus'
Note: source file '.\src\APOS.s' - object file renamed from '.\output\APOS.o' to '.\output\apos_1.o'.
compiling Key.c...
compiling Led.c...
compiling TftDisplay.c...
compiling systick.c...
compiling Adc.c...
compiling main.c...
src\main.c(40): warning:  #174-D: expression has no effect
  		__NOP;
src\main.c(46): warning:  #177-D: function "tryGPIO"  was declared but never referenced
  static void tryGPIO()	
src\main.c: 2 warnings, 0 errors
compiling APOS.c...
assembling APOS.s...
src\APOS.s(1): warning: A1313W: Missing END directive at end of file
compiling stm32f0xx_adc.c...
compiling stm32f0xx_cec.c...
compiling stm32f0xx_can.c...
compiling stm32f0xx_comp.c...
compiling stm32f0xx_crc.c...
compiling stm32f0xx_crs.c...
compiling stm32f0xx_dac.c...
compiling stm32f0xx_dbgmcu.c...
compiling stm32f0xx_dma.c...
compiling stm32f0xx_exti.c...
compiling stm32f0xx_gpio.c...
compiling stm32f0xx_flash.c...
compiling stm32f0xx_misc.c...
compiling stm32f0xx_i2c.c...
compiling stm32f0xx_iwdg.c...
compiling stm32f0xx_pwr.c...
compiling stm32f0xx_rcc.c...
compiling stm32f0xx_rtc.c...
compiling stm32f0xx_spi.c...
compiling stm32f0xx_syscfg.c...
compiling stm32f0xx_tim.c...
assembling startup_stm32f072.s...
compiling stm32f0xx_wwdg.c...
compiling stm32f0xx_usart.c...
compiling TftFont_6x8.c...
compiling TftFont_16x24.c...
compiling system_stm32f0xx.c...
compiling TaskCounter.c...
src\Tasks\TaskCounter.c(16): warning:  #223-D: function "Systick_GetTick" declared implicitly
  	uint32_t tick = Systick_GetTick();
src\Tasks\TaskCounter.c: 1 warning, 0 errors
compiling TaskKey.c...
compiling TaskLed.c...
src\Tasks\TaskLed.c(20): warning:  #223-D: function "Systick_GetTick" declared implicitly
  	tick = Systick_GetTick();
src\Tasks\TaskLed.c: 1 warning, 0 errors
compiling TaskMandelbrot.c...
src\Tasks\TaskMandelbrot.c(31): warning:  #223-D: function "Systick_GetTick" declared implicitly
  	uint32_t tick = Systick_GetTick();
src\Tasks\TaskMandelbrot.c(30): warning:  #177-D: variable "lastTick"  was declared but never referenced
  	static uint32_t lastTick = 0;
src\Tasks\TaskMandelbrot.c: 2 warnings, 0 errors
compiling TaskPoti.c...
compiling TestTask.c...
compiling TaskWatch.c...
src\Tasks\TaskWatch.c(15): warning:  #223-D: function "Systick_GetTick" declared implicitly
  	uint32_t tick = Systick_GetTick();
src\Tasks\TaskWatch.c(27): warning:  #1-D: last line of file ends without a newline
  }
src\Tasks\TaskWatch.c: 2 warnings, 0 errors
linking...
Program Size: Code=6612 RO-data=5624 RW-data=84 ZI-data=1084  
FromELF: creating hex file...
".\output\Apus.axf" - 0 Error(s), 9 Warning(s).

<h2>Software Packages used:</h2>

Package Vendor: Keil
                http://www.keil.com/pack/Keil.STM32F0xx_DFP.2.1.0.pack
                Keil.STM32F0xx_DFP.2.1.0
                STMicroelectronics STM32F0 Series Device Support, Drivers and Examples

<h2>Collection of Component include folders:</h2>
  C:\Users\r.hif\AppData\Local\Arm\Packs\Keil\STM32F0xx_DFP\2.1.0\Drivers\CMSIS\Device\ST\STM32F0xx\Include

<h2>Collection of Component Files used:</h2>
Build Time Elapsed:  00:00:31
</pre>
</body>
</html>
