Component: ARM Compiler 5.06 update 7 (build 960) Tool: armlink [4d3601]

==============================================================================

Section Cross References

    key.o(i.Key_GetState) refers to stm32f0xx_gpio.o(i.GPIO_ReadInputDataBit) for GPIO_ReadInputDataBit
    key.o(i.Key_Init) refers to stm32f0xx_rcc.o(i.RCC_AHBPeriphClockCmd) for RCC_AHBPeriphClockCmd
    key.o(i.Key_Init) refers to stm32f0xx_gpio.o(i.GPIO_StructInit) for GPIO_StructInit
    key.o(i.Key_Init) refers to stm32f0xx_gpio.o(i.GPIO_Init) for GPIO_Init
    led.o(i.Led_Init) refers to stm32f0xx_rcc.o(i.RCC_AHBPeriphClockCmd) for RCC_AHBPeriphClockCmd
    led.o(i.Led_Init) refers to stm32f0xx_gpio.o(i.GPIO_StructInit) for GPIO_StructInit
    led.o(i.Led_Init) refers to stm32f0xx_gpio.o(i.GPIO_Init) for GPIO_Init
    led.o(i.Led_Switch) refers to led.o(i.__ARM_common_switch8) for __ARM_common_switch8
    led.o(i.Led_Switch) refers to stm32f0xx_gpio.o(i.GPIO_WriteBit) for GPIO_WriteBit
    led.o(i.Led_TurnOff) refers to led.o(i.Led_Switch) for Led_Switch
    led.o(i.Led_TurnOn) refers to led.o(i.Led_Switch) for Led_Switch
    tftdisplay.o(i.Tft_ClearScreen) refers to tftdisplay.o(i.Tft_SetWindow) for Tft_SetWindow
    tftdisplay.o(i.Tft_ClearScreen) refers to tftdisplay.o(i.Tft_WritePixels) for Tft_WritePixels
    tftdisplay.o(i.Tft_ClearScreen) refers to tftdisplay.o(.data) for Tft_Cfg
    tftdisplay.o(i.Tft_DrawChar) refers to tftdisplay.o(i.Tft_SetWindow) for Tft_SetWindow
    tftdisplay.o(i.Tft_DrawChar) refers to tftdisplay.o(i.Tft_WriteCmd) for Tft_WriteCmd
    tftdisplay.o(i.Tft_DrawChar) refers to tftdisplay.o(i.Tft_WritePixel) for Tft_WritePixel
    tftdisplay.o(i.Tft_DrawChar) refers to tftdisplay.o(.data) for Tft_Cfg
    tftdisplay.o(i.Tft_DrawHLine) refers to tftdisplay.o(i.Tft_SetWindow) for Tft_SetWindow
    tftdisplay.o(i.Tft_DrawHLine) refers to tftdisplay.o(i.Tft_WritePixels) for Tft_WritePixels
    tftdisplay.o(i.Tft_DrawHLine) refers to tftdisplay.o(.data) for Tft_Cfg
    tftdisplay.o(i.Tft_DrawPixel) refers to tftdisplay.o(i.Tft_SetWindow) for Tft_SetWindow
    tftdisplay.o(i.Tft_DrawPixel) refers to tftdisplay.o(i.Tft_WriteCmd) for Tft_WriteCmd
    tftdisplay.o(i.Tft_DrawPixel) refers to tftdisplay.o(i.Tft_WritePixel) for Tft_WritePixel
    tftdisplay.o(i.Tft_DrawPixel) refers to tftdisplay.o(.data) for Tft_Cfg
    tftdisplay.o(i.Tft_DrawString) refers to tftdisplay.o(i.Tft_DrawChar) for Tft_DrawChar
    tftdisplay.o(i.Tft_DrawString) refers to tftdisplay.o(.data) for Tft_Cfg
    tftdisplay.o(i.Tft_DrawVLine) refers to tftdisplay.o(i.Tft_SetWindow) for Tft_SetWindow
    tftdisplay.o(i.Tft_DrawVLine) refers to tftdisplay.o(i.Tft_WritePixels) for Tft_WritePixels
    tftdisplay.o(i.Tft_DrawVLine) refers to tftdisplay.o(.data) for Tft_Cfg
    tftdisplay.o(i.Tft_Init) refers to tftdisplay.o(i.Tft_InitGPIOs) for Tft_InitGPIOs
    tftdisplay.o(i.Tft_Init) refers to tftdisplay.o(i.Tft_WriteCmd) for Tft_WriteCmd
    tftdisplay.o(i.Tft_Init) refers to tftdisplay.o(i.Tft_WriteData) for Tft_WriteData
    tftdisplay.o(i.Tft_InitGPIOs) refers to stm32f0xx_rcc.o(i.RCC_AHBPeriphClockCmd) for RCC_AHBPeriphClockCmd
    tftdisplay.o(i.Tft_InitGPIOs) refers to stm32f0xx_gpio.o(i.GPIO_StructInit) for GPIO_StructInit
    tftdisplay.o(i.Tft_InitGPIOs) refers to stm32f0xx_gpio.o(i.GPIO_Init) for GPIO_Init
    tftdisplay.o(i.Tft_SetBackgroundColourRgb16) refers to tftdisplay.o(.data) for Tft_Cfg
    tftdisplay.o(i.Tft_SetFont) refers to tftdisplay.o(.data) for Tft_Cfg
    tftdisplay.o(i.Tft_SetForegroundColourRgb16) refers to tftdisplay.o(.data) for Tft_Cfg
    tftdisplay.o(i.Tft_SetWindow) refers to main.o(i.__aeabi_assert) for __aeabi_assert
    tftdisplay.o(i.Tft_SetWindow) refers to tftdisplay.o(i.Tft_WriteCmd) for Tft_WriteCmd
    tftdisplay.o(i.Tft_SetWindow) refers to tftdisplay.o(i.Tft_WriteData) for Tft_WriteData
    tftdisplay.o(i.Tft_WriteCmd) refers to tftdisplay.o(i.Tft_WriteData) for Tft_WriteData
    tftdisplay.o(i.Tft_WriteData) refers to tftdisplay.o(i.Tft_ToBSRRValue) for Tft_ToBSRRValue
    tftdisplay.o(i.Tft_WritePixel) refers to tftdisplay.o(i.Tft_WriteData) for Tft_WriteData
    tftdisplay.o(i.Tft_WritePixels) refers to tftdisplay.o(i.Tft_WriteCmd) for Tft_WriteCmd
    tftdisplay.o(i.Tft_WritePixels) refers to tftdisplay.o(i.Tft_ToBSRRValue) for Tft_ToBSRRValue
    adc.o(i.Adc_GetValue) refers to stm32f0xx_adc.o(i.ADC_GetFlagStatus) for ADC_GetFlagStatus
    adc.o(i.Adc_GetValue) refers to stm32f0xx_adc.o(i.ADC_StartOfConversion) for ADC_StartOfConversion
    adc.o(i.Adc_GetValue) refers to stm32f0xx_adc.o(i.ADC_GetConversionValue) for ADC_GetConversionValue
    adc.o(i.Adc_GetValue) refers to idiv.o(.text) for __aeabi_idivmod
    adc.o(i.Adc_Init) refers to stm32f0xx_rcc.o(i.RCC_APB2PeriphClockCmd) for RCC_APB2PeriphClockCmd
    adc.o(i.Adc_Init) refers to stm32f0xx_adc.o(i.ADC_Init) for ADC_Init
    adc.o(i.Adc_Init) refers to stm32f0xx_adc.o(i.ADC_Cmd) for ADC_Cmd
[...]
    Removing stm32f0xx_i2c.o(i.I2C_ITConfig), (20 bytes).
    Removing stm32f0xx_i2c.o(i.I2C_IdleClockTimeoutCmd), (28 bytes).
    Removing stm32f0xx_i2c.o(i.I2C_Init), (108 bytes).
    Removing stm32f0xx_i2c.o(i.I2C_MasterRequestConfig), (28 bytes).
    Removing stm32f0xx_i2c.o(i.I2C_NumberOfBytesConfig), (28 bytes).
    Removing stm32f0xx_i2c.o(i.I2C_OwnAddress2Config), (36 bytes).
    Removing stm32f0xx_i2c.o(i.I2C_PECRequestCmd), (28 bytes).
    Removing stm32f0xx_i2c.o(i.I2C_ReadRegister), (22 bytes).
    Removing stm32f0xx_i2c.o(i.I2C_ReceiveData), (8 bytes).
    Removing stm32f0xx_i2c.o(i.I2C_ReloadCmd), (28 bytes).
    Removing stm32f0xx_i2c.o(i.I2C_SMBusAlertCmd), (28 bytes).
    Removing stm32f0xx_i2c.o(i.I2C_SendData), (4 bytes).
    Removing stm32f0xx_i2c.o(i.I2C_SlaveAddressConfig), (20 bytes).
    Removing stm32f0xx_i2c.o(i.I2C_SlaveByteControlCmd), (28 bytes).
    Removing stm32f0xx_i2c.o(i.I2C_SoftwareResetCmd), (20 bytes).
    Removing stm32f0xx_i2c.o(i.I2C_StopModeCmd), (28 bytes).
    Removing stm32f0xx_i2c.o(i.I2C_StretchClockCmd), (28 bytes).
    Removing stm32f0xx_i2c.o(i.I2C_StructInit), (24 bytes).
    Removing stm32f0xx_i2c.o(i.I2C_TimeoutAConfig), (20 bytes).
    Removing stm32f0xx_i2c.o(i.I2C_TimeoutBConfig), (32 bytes).
    Removing stm32f0xx_i2c.o(i.I2C_TransferHandling), (44 bytes).
    Removing stm32f0xx_iwdg.o(.rev16_text), (4 bytes).
    Removing stm32f0xx_iwdg.o(.revsh_text), (4 bytes).
    Removing stm32f0xx_iwdg.o(i.IWDG_Enable), (16 bytes).
    Removing stm32f0xx_iwdg.o(i.IWDG_GetFlagStatus), (28 bytes).
    Removing stm32f0xx_iwdg.o(i.IWDG_ReloadCounter), (16 bytes).
    Removing stm32f0xx_iwdg.o(i.IWDG_SetPrescaler), (12 bytes).
    Removing stm32f0xx_iwdg.o(i.IWDG_SetReload), (12 bytes).
    Removing stm32f0xx_iwdg.o(i.IWDG_SetWindowValue), (12 bytes).
    Removing stm32f0xx_iwdg.o(i.IWDG_WriteAccessCmd), (12 bytes).
    Removing stm32f0xx_misc.o(.rev16_text), (4 bytes).
    Removing stm32f0xx_misc.o(.revsh_text), (4 bytes).
    Removing stm32f0xx_misc.o(i.NVIC_Init), (112 bytes).
    Removing stm32f0xx_misc.o(i.NVIC_SystemLPConfig), (32 bytes).
    Removing stm32f0xx_misc.o(i.SysTick_CLKSourceConfig), (36 bytes).
    Removing stm32f0xx_pwr.o(.rev16_text), (4 bytes).
    Removing stm32f0xx_pwr.o(.revsh_text), (4 bytes).
    Removing stm32f0xx_pwr.o(i.PWR_BackupAccessCmd), (40 bytes).
    Removing stm32f0xx_pwr.o(i.PWR_ClearFlag), (20 bytes).
    Removing stm32f0xx_pwr.o(i.PWR_DeInit), (22 bytes).
    Removing stm32f0xx_pwr.o(i.PWR_EnterSTANDBYMode), (48 bytes).
    Removing stm32f0xx_pwr.o(i.PWR_EnterSTOPMode), (100 bytes).
    Removing stm32f0xx_pwr.o(i.PWR_EnterSleepMode), (28 bytes).
    Removing stm32f0xx_pwr.o(i.PWR_GetFlagStatus), (28 bytes).
    Removing stm32f0xx_pwr.o(i.PWR_PVDCmd), (36 bytes).
    Removing stm32f0xx_pwr.o(i.PWR_PVDLevelConfig), (32 bytes).
    Removing stm32f0xx_pwr.o(i.PWR_WakeUpPinCmd), (32 bytes).
    Removing stm32f0xx_rcc.o(.rev16_text), (4 bytes).
    Removing stm32f0xx_rcc.o(.revsh_text), (4 bytes).
    Removing stm32f0xx_rcc.o(i.RCC_ADCCLKConfig), (56 bytes).
    Removing stm32f0xx_rcc.o(i.RCC_AHBPeriphResetCmd), (32 bytes).
    Removing stm32f0xx_rcc.o(i.RCC_APB1PeriphClockCmd), (32 bytes).
    Removing stm32f0xx_rcc.o(i.RCC_APB1PeriphResetCmd), (32 bytes).
    Removing stm32f0xx_rcc.o(i.RCC_APB2PeriphResetCmd), (32 bytes).
    Removing stm32f0xx_rcc.o(i.RCC_AdjustHSI14CalibrationValue), (32 bytes).
    Removing stm32f0xx_rcc.o(i.RCC_AdjustHSICalibrationValue), (32 bytes).
    Removing stm32f0xx_rcc.o(i.RCC_BackupResetCmd), (40 bytes).
    Removing stm32f0xx_rcc.o(i.RCC_CECCLKConfig), (28 bytes).
    Removing stm32f0xx_rcc.o(i.RCC_ClearFlag), (20 bytes).
    Removing stm32f0xx_rcc.o(i.RCC_ClearITPendingBit), (12 bytes).
    Removing stm32f0xx_rcc.o(i.RCC_ClockSecuritySystemCmd), (40 bytes).
    Removing stm32f0xx_rcc.o(i.RCC_DeInit), (116 bytes).
    Removing stm32f0xx_rcc.o(i.RCC_GetClocksFreq), (496 bytes).
    Removing stm32f0xx_rcc.o(i.RCC_GetFlagStatus), (72 bytes).
    Removing stm32f0xx_rcc.o(i.RCC_GetITStatus), (28 bytes).
    Removing stm32f0xx_rcc.o(i.RCC_GetSYSCLKSource), (16 bytes).
    Removing stm32f0xx_rcc.o(i.RCC_HCLKConfig), (32 bytes).
    Removing stm32f0xx_rcc.o(i.RCC_HSEConfig), (16 bytes).
    Removing stm32f0xx_rcc.o(i.RCC_HSI14ADCRequestCmd), (36 bytes).
    Removing stm32f0xx_rcc.o(i.RCC_HSI14Cmd), (36 bytes).
    Removing stm32f0xx_rcc.o(i.RCC_HSI48Cmd), (40 bytes).
    Removing stm32f0xx_rcc.o(i.RCC_HSICmd), (36 bytes).
    Removing stm32f0xx_rcc.o(i.RCC_I2CCLKConfig), (28 bytes).
    Removing stm32f0xx_rcc.o(i.RCC_ITConfig), (32 bytes).
    Removing stm32f0xx_rcc.o(i.RCC_LSEConfig), (40 bytes).
    Removing stm32f0xx_rcc.o(i.RCC_LSEDriveConfig), (28 bytes).
    Removing stm32f0xx_rcc.o(i.RCC_LSICmd), (36 bytes).
    Removing stm32f0xx_rcc.o(i.RCC_MCOConfig), (28 bytes).
    Removing stm32f0xx_rcc.o(i.RCC_PCLKConfig), (36 bytes).
    Removing stm32f0xx_rcc.o(i.RCC_PLLCmd), (40 bytes).
    Removing stm32f0xx_rcc.o(i.RCC_PLLConfig), (36 bytes).
    Removing stm32f0xx_rcc.o(i.RCC_PREDIV1Config), (28 bytes).
    Removing stm32f0xx_rcc.o(i.RCC_RTCCLKCmd), (40 bytes).
    Removing stm32f0xx_rcc.o(i.RCC_RTCCLKConfig), (16 bytes).
    Removing stm32f0xx_rcc.o(i.RCC_SYSCLKConfig), (28 bytes).
    Removing stm32f0xx_rcc.o(i.RCC_USARTCLKConfig), (52 bytes).
    Removing stm32f0xx_rcc.o(i.RCC_USBCLKConfig), (28 bytes).
    Removing stm32f0xx_rcc.o(i.RCC_WaitForHSEStartUp), (60 bytes).
    Removing stm32f0xx_rcc.o(.data), (16 bytes).
    Removing stm32f0xx_rtc.o(.rev16_text), (4 bytes).
    Removing stm32f0xx_rtc.o(.revsh_text), (4 bytes).
    Removing stm32f0xx_rtc.o(i.RTC_AlarmCmd), (112 bytes).
    Removing stm32f0xx_rtc.o(i.RTC_AlarmStructInit), (22 bytes).
    Removing stm32f0xx_rtc.o(i.RTC_AlarmSubSecondConfig), (40 bytes).
    Removing stm32f0xx_rtc.o(i.RTC_Bcd2ToByte), (26 bytes).
    Removing stm32f0xx_rtc.o(i.RTC_BypassShadowCmd), (52 bytes).
    Removing stm32f0xx_rtc.o(i.RTC_ByteToBcd2), (28 bytes).
    Removing stm32f0xx_rtc.o(i.RTC_CalibOutputCmd), (56 bytes).
    Removing stm32f0xx_rtc.o(i.RTC_CalibOutputConfig), (44 bytes).
    Removing stm32f0xx_rtc.o(i.RTC_ClearFlag), (32 bytes).
    Removing stm32f0xx_rtc.o(i.RTC_ClearITPendingBit), (36 bytes).
    Removing stm32f0xx_rtc.o(i.RTC_DateStructInit), (14 bytes).
    Removing stm32f0xx_rtc.o(i.RTC_DayLightSavingConfig), (48 bytes).
    Removing stm32f0xx_rtc.o(i.RTC_DeInit), (116 bytes).
    Removing stm32f0xx_rtc.o(i.RTC_EnterInitMode), (88 bytes).
    Removing stm32f0xx_rtc.o(i.RTC_ExitInitMode), (20 bytes).
    Removing stm32f0xx_rtc.o(i.RTC_GetAlarm), (120 bytes).
    Removing stm32f0xx_rtc.o(i.RTC_GetAlarmSubSecond), (20 bytes).
    Removing stm32f0xx_rtc.o(i.RTC_GetDate), (96 bytes).
    Removing stm32f0xx_rtc.o(i.RTC_GetFlagStatus), (44 bytes).
    Removing stm32f0xx_rtc.o(i.RTC_GetITStatus), (76 bytes).
    Removing stm32f0xx_rtc.o(i.RTC_GetStoreOperation), (16 bytes).
    Removing stm32f0xx_rtc.o(i.RTC_GetSubSecond), (16 bytes).
    Removing stm32f0xx_rtc.o(i.RTC_GetTime), (92 bytes).
    Removing stm32f0xx_rtc.o(i.RTC_GetTimeStamp), (164 bytes).
    Removing stm32f0xx_rtc.o(i.RTC_GetTimeStampSubSecond), (12 bytes).
    Removing stm32f0xx_rtc.o(i.RTC_GetWakeUpCounter), (12 bytes).
    Removing stm32f0xx_rtc.o(i.RTC_ITConfig), (100 bytes).
    Removing stm32f0xx_rtc.o(i.RTC_Init), (88 bytes).
    Removing stm32f0xx_rtc.o(i.RTC_OutputConfig), (48 bytes).
    Removing stm32f0xx_rtc.o(i.RTC_OutputTypeConfig), (28 bytes).
    Removing stm32f0xx_rtc.o(i.RTC_ReadBackupRegister), (32 bytes).
    Removing stm32f0xx_rtc.o(i.RTC_RefClockCmd), (76 bytes).
    Removing stm32f0xx_rtc.o(i.RTC_SetAlarm), (216 bytes).
    Removing stm32f0xx_rtc.o(i.RTC_SetDate), (208 bytes).
    Removing stm32f0xx_rtc.o(i.RTC_SetTime), (216 bytes).
    Removing stm32f0xx_rtc.o(i.RTC_SetWakeUpCounter), (24 bytes).
    Removing stm32f0xx_rtc.o(i.RTC_SmoothCalibConfig), (96 bytes).
    Removing stm32f0xx_rtc.o(i.RTC_StructInit), (14 bytes).
    Removing stm32f0xx_rtc.o(i.RTC_SynchroShiftConfig), (124 bytes).
    Removing stm32f0xx_rtc.o(i.RTC_TamperCmd), (32 bytes).
    Removing stm32f0xx_rtc.o(i.RTC_TamperFilterConfig), (28 bytes).
    Removing stm32f0xx_rtc.o(i.RTC_TamperPinsPrechargeDuration), (28 bytes).
    Removing stm32f0xx_rtc.o(i.RTC_TamperPullUpCmd), (40 bytes).
    Removing stm32f0xx_rtc.o(i.RTC_TamperSamplingFreqConfig), (28 bytes).
    Removing stm32f0xx_rtc.o(i.RTC_TamperTriggerConfig), (36 bytes).
    Removing stm32f0xx_rtc.o(i.RTC_TimeStampCmd), (64 bytes).
    Removing stm32f0xx_rtc.o(i.RTC_TimeStampOnTamperDetectionCmd), (36 bytes).
    Removing stm32f0xx_rtc.o(i.RTC_TimeStructInit), (12 bytes).
    Removing stm32f0xx_rtc.o(i.RTC_WaitForSynchro), (108 bytes).
    Removing stm32f0xx_rtc.o(i.RTC_WakeUpClockConfig), (40 bytes).
    Removing stm32f0xx_rtc.o(i.RTC_WakeUpCmd), (116 bytes).
    Removing stm32f0xx_rtc.o(i.RTC_WriteBackupRegister), (28 bytes).
    Removing stm32f0xx_rtc.o(i.RTC_WriteProtectionCmd), (28 bytes).
    Removing stm32f0xx_spi.o(.rev16_text), (4 bytes).
    Removing stm32f0xx_spi.o(.revsh_text), (4 bytes).
    Removing stm32f0xx_spi.o(i.I2S_Cmd), (32 bytes).
    Removing stm32f0xx_spi.o(i.I2S_Init), (232 bytes).
    Removing stm32f0xx_spi.o(i.I2S_StructInit), (20 bytes).
    Removing stm32f0xx_spi.o(i.SPI_BiDirectionalLineConfig), (32 bytes).
    Removing stm32f0xx_spi.o(i.SPI_CRCLengthConfig), (20 bytes).
    Removing stm32f0xx_spi.o(i.SPI_CalculateCRC), (32 bytes).
    Removing stm32f0xx_spi.o(i.SPI_Cmd), (28 bytes).
    Removing stm32f0xx_spi.o(i.SPI_DataSizeConfig), (24 bytes).
    Removing stm32f0xx_spi.o(i.SPI_GetCRC), (16 bytes).
    Removing stm32f0xx_spi.o(i.SPI_GetCRCPolynomial), (6 bytes).
    Removing stm32f0xx_spi.o(i.SPI_GetReceptionFIFOStatus), (12 bytes).
    Removing stm32f0xx_spi.o(i.SPI_GetTransmissionFIFOStatus), (12 bytes).
    Removing stm32f0xx_spi.o(i.SPI_I2S_ClearFlag), (6 bytes).
    Removing stm32f0xx_spi.o(i.SPI_I2S_DMACmd), (20 bytes).
    Removing stm32f0xx_spi.o(i.SPI_I2S_DeInit), (60 bytes).
    Removing stm32f0xx_spi.o(i.SPI_I2S_GetFlagStatus), (20 bytes).
    Removing stm32f0xx_spi.o(i.SPI_I2S_GetITStatus), (56 bytes).
    Removing stm32f0xx_spi.o(i.SPI_I2S_ITConfig), (34 bytes).
    Removing stm32f0xx_spi.o(i.SPI_I2S_ReceiveData16), (6 bytes).
    Removing stm32f0xx_spi.o(i.SPI_I2S_SendData16), (4 bytes).
    Removing stm32f0xx_spi.o(i.SPI_Init), (88 bytes).
    Removing stm32f0xx_spi.o(i.SPI_LastDMATransferCmd), (20 bytes).
    Removing stm32f0xx_spi.o(i.SPI_NSSInternalSoftwareConfig), (32 bytes).
    Removing stm32f0xx_spi.o(i.SPI_NSSPulseModeCmd), (28 bytes).
    Removing stm32f0xx_spi.o(i.SPI_ReceiveData8), (12 bytes).
    Removing stm32f0xx_spi.o(i.SPI_RxFIFOThresholdConfig), (20 bytes).
    Removing stm32f0xx_spi.o(i.SPI_SSOutputCmd), (28 bytes).
    Removing stm32f0xx_spi.o(i.SPI_SendData8), (10 bytes).
    Removing stm32f0xx_spi.o(i.SPI_StructInit), (30 bytes).
    Removing stm32f0xx_spi.o(i.SPI_TIModeCmd), (28 bytes).
    Removing stm32f0xx_spi.o(i.SPI_TransmitCRC), (12 bytes).
    Removing stm32f0xx_syscfg.o(.rev16_text), (4 bytes).
    Removing stm32f0xx_syscfg.o(.revsh_text), (4 bytes).
    Removing stm32f0xx_syscfg.o(i.SYSCFG_BreakConfig), (16 bytes).
    Removing stm32f0xx_syscfg.o(i.SYSCFG_ClearFlag), (16 bytes).
    Removing stm32f0xx_syscfg.o(i.SYSCFG_DMAChannelRemapConfig), (32 bytes).
    Removing stm32f0xx_syscfg.o(i.SYSCFG_DeInit), (44 bytes).
    Removing stm32f0xx_syscfg.o(i.SYSCFG_EXTILineConfig), (64 bytes).
    Removing stm32f0xx_syscfg.o(i.SYSCFG_GetFlagStatus), (32 bytes).
    Removing stm32f0xx_syscfg.o(i.SYSCFG_I2CFastModePlusConfig), (32 bytes).
    Removing stm32f0xx_syscfg.o(i.SYSCFG_MemoryRemapConfig), (28 bytes).
    Removing stm32f0xx_tim.o(.rev16_text), (4 bytes).
    Removing stm32f0xx_tim.o(.revsh_text), (4 bytes).
    Removing stm32f0xx_tim.o(i.TI1_Config), (56 bytes).
    Removing stm32f0xx_tim.o(i.TI2_Config), (76 bytes).
    Removing stm32f0xx_tim.o(i.TI3_Config), (72 bytes).
    Removing stm32f0xx_tim.o(i.TI4_Config), (80 bytes).
    Removing stm32f0xx_tim.o(i.TIM_ARRPreloadConfig), (28 bytes).
    Removing stm32f0xx_tim.o(i.TIM_BDTRConfig), (32 bytes).
    Removing stm32f0xx_tim.o(i.TIM_BDTRStructInit), (18 bytes).
    Removing stm32f0xx_tim.o(i.TIM_CCPreloadControl), (28 bytes).
    Removing stm32f0xx_tim.o(i.TIM_CCxCmd), (30 bytes).
    Removing stm32f0xx_tim.o(i.TIM_CCxNCmd), (30 bytes).
    Removing stm32f0xx_tim.o(i.TIM_ClearFlag), (6 bytes).
    Removing stm32f0xx_tim.o(i.TIM_ClearITPendingBit), (6 bytes).
    Removing stm32f0xx_tim.o(i.TIM_ClearOC1Ref), (24 bytes).
    Removing stm32f0xx_tim.o(i.TIM_ClearOC2Ref), (20 bytes).
    Removing stm32f0xx_tim.o(i.TIM_ClearOC3Ref), (24 bytes).
    Removing stm32f0xx_tim.o(i.TIM_ClearOC4Ref), (20 bytes).
    Removing stm32f0xx_tim.o(i.TIM_Cmd), (28 bytes).
    Removing stm32f0xx_tim.o(i.TIM_CounterModeConfig), (24 bytes).
    Removing stm32f0xx_tim.o(i.TIM_CtrlPWMOutputs), (34 bytes).
    Removing stm32f0xx_tim.o(i.TIM_DMACmd), (20 bytes).
    Removing stm32f0xx_tim.o(i.TIM_DMAConfig), (12 bytes).
    Removing stm32f0xx_tim.o(i.TIM_DeInit), (260 bytes).
    Removing stm32f0xx_tim.o(i.TIM_ETRClockMode1Config), (52 bytes).
    Removing stm32f0xx_tim.o(i.TIM_ETRClockMode2Config), (34 bytes).
    Removing stm32f0xx_tim.o(i.TIM_ETRConfig), (24 bytes).
    Removing stm32f0xx_tim.o(i.TIM_EncoderInterfaceConfig), (68 bytes).
    Removing stm32f0xx_tim.o(i.TIM_ForcedOC1Config), (24 bytes).
    Removing stm32f0xx_tim.o(i.TIM_ForcedOC2Config), (24 bytes).
    Removing stm32f0xx_tim.o(i.TIM_ForcedOC3Config), (24 bytes).
    Removing stm32f0xx_tim.o(i.TIM_ForcedOC4Config), (24 bytes).
    Removing stm32f0xx_tim.o(i.TIM_GenerateEvent), (4 bytes).
    Removing stm32f0xx_tim.o(i.TIM_GetCapture1), (6 bytes).
    Removing stm32f0xx_tim.o(i.TIM_GetCapture2), (6 bytes).
    Removing stm32f0xx_tim.o(i.TIM_GetCapture3), (6 bytes).
    Removing stm32f0xx_tim.o(i.TIM_GetCapture4), (6 bytes).
    Removing stm32f0xx_tim.o(i.TIM_GetCounter), (6 bytes).
    Removing stm32f0xx_tim.o(i.TIM_GetFlagStatus), (20 bytes).
    Removing stm32f0xx_tim.o(i.TIM_GetITStatus), (38 bytes).
    Removing stm32f0xx_tim.o(i.TIM_GetPrescaler), (6 bytes).
    Removing stm32f0xx_tim.o(i.TIM_ICInit), (112 bytes).
    Removing stm32f0xx_tim.o(i.TIM_ICStructInit), (18 bytes).
    Removing stm32f0xx_tim.o(i.TIM_ITConfig), (20 bytes).
    Removing stm32f0xx_tim.o(i.TIM_ITRxExternalClockConfig), (24 bytes).
    Removing stm32f0xx_tim.o(i.TIM_InternalClockConfig), (16 bytes).
    Removing stm32f0xx_tim.o(i.TIM_OC1FastConfig), (24 bytes).
    Removing stm32f0xx_tim.o(i.TIM_OC1Init), (148 bytes).
    Removing stm32f0xx_tim.o(i.TIM_OC1NPolarityConfig), (24 bytes).
    Removing stm32f0xx_tim.o(i.TIM_OC1PolarityConfig), (24 bytes).
    Removing stm32f0xx_tim.o(i.TIM_OC1PreloadConfig), (24 bytes).
    Removing stm32f0xx_tim.o(i.TIM_OC2FastConfig), (24 bytes).
    Removing stm32f0xx_tim.o(i.TIM_OC2Init), (172 bytes).
    Removing stm32f0xx_tim.o(i.TIM_OC2NPolarityConfig), (24 bytes).
    Removing stm32f0xx_tim.o(i.TIM_OC2PolarityConfig), (24 bytes).
    Removing stm32f0xx_tim.o(i.TIM_OC2PreloadConfig), (24 bytes).
    Removing stm32f0xx_tim.o(i.TIM_OC3FastConfig), (24 bytes).
    Removing stm32f0xx_tim.o(i.TIM_OC3Init), (152 bytes).
    Removing stm32f0xx_tim.o(i.TIM_OC3NPolarityConfig), (24 bytes).
    Removing stm32f0xx_tim.o(i.TIM_OC3PolarityConfig), (24 bytes).
    Removing stm32f0xx_tim.o(i.TIM_OC3PreloadConfig), (24 bytes).
    Removing stm32f0xx_tim.o(i.TIM_OC4FastConfig), (24 bytes).
    Removing stm32f0xx_tim.o(i.TIM_OC4Init), (112 bytes).
    Removing stm32f0xx_tim.o(i.TIM_OC4PolarityConfig), (24 bytes).
    Removing stm32f0xx_tim.o(i.TIM_OC4PreloadConfig), (24 bytes).
    Removing stm32f0xx_tim.o(i.TIM_OCStructInit), (20 bytes).
    Removing stm32f0xx_tim.o(i.TIM_PWMIConfig), (124 bytes).
    Removing stm32f0xx_tim.o(i.TIM_PrescalerConfig), (6 bytes).
    Removing stm32f0xx_tim.o(i.TIM_RemapConfig), (6 bytes).
    Removing stm32f0xx_tim.o(i.TIM_SelectCCDMA), (28 bytes).
    Removing stm32f0xx_tim.o(i.TIM_SelectCOM), (28 bytes).
    Removing stm32f0xx_tim.o(i.TIM_SelectHallSensor), (28 bytes).
    Removing stm32f0xx_tim.o(i.TIM_SelectInputTrigger), (24 bytes).
    Removing stm32f0xx_tim.o(i.TIM_SelectMasterSlaveMode), (20 bytes).
    Removing stm32f0xx_tim.o(i.TIM_SelectOCREFClear), (20 bytes).
    Removing stm32f0xx_tim.o(i.TIM_SelectOCxM), (82 bytes).
    Removing stm32f0xx_tim.o(i.TIM_SelectOnePulseMode), (20 bytes).
    Removing stm32f0xx_tim.o(i.TIM_SelectOutputTrigger), (20 bytes).
    Removing stm32f0xx_tim.o(i.TIM_SelectSlaveMode), (20 bytes).
    Removing stm32f0xx_tim.o(i.TIM_SetAutoreload), (4 bytes).
    Removing stm32f0xx_tim.o(i.TIM_SetClockDivision), (20 bytes).
    Removing stm32f0xx_tim.o(i.TIM_SetCompare1), (4 bytes).
    Removing stm32f0xx_tim.o(i.TIM_SetCompare2), (4 bytes).
    Removing stm32f0xx_tim.o(i.TIM_SetCompare3), (4 bytes).
    Removing stm32f0xx_tim.o(i.TIM_SetCompare4), (4 bytes).
    Removing stm32f0xx_tim.o(i.TIM_SetCounter), (4 bytes).
    Removing stm32f0xx_tim.o(i.TIM_SetIC1Prescaler), (20 bytes).
    Removing stm32f0xx_tim.o(i.TIM_SetIC2Prescaler), (24 bytes).
    Removing stm32f0xx_tim.o(i.TIM_SetIC3Prescaler), (20 bytes).
    Removing stm32f0xx_tim.o(i.TIM_SetIC4Prescaler), (24 bytes).
    Removing stm32f0xx_tim.o(i.TIM_TIxExternalClockConfig), (58 bytes).
    Removing stm32f0xx_tim.o(i.TIM_TimeBaseInit), (124 bytes).
    Removing stm32f0xx_tim.o(i.TIM_TimeBaseStructInit), (18 bytes).
    Removing stm32f0xx_tim.o(i.TIM_UpdateDisableConfig), (28 bytes).
    Removing stm32f0xx_tim.o(i.TIM_UpdateRequestConfig), (28 bytes).
    Removing stm32f0xx_usart.o(.rev16_text), (4 bytes).
    Removing stm32f0xx_usart.o(.revsh_text), (4 bytes).
    Removing stm32f0xx_usart.o(i.USART_AddressDetectionConfig), (16 bytes).
    Removing stm32f0xx_usart.o(i.USART_AutoBaudRateCmd), (28 bytes).
    Removing stm32f0xx_usart.o(i.USART_AutoBaudRateConfig), (18 bytes).
    Removing stm32f0xx_usart.o(i.USART_ClearFlag), (4 bytes).
    Removing stm32f0xx_usart.o(i.USART_ClearITPendingBit), (18 bytes).
    Removing stm32f0xx_usart.o(i.USART_ClockInit), (36 bytes).
    Removing stm32f0xx_usart.o(i.USART_ClockStructInit), (12 bytes).
    Removing stm32f0xx_usart.o(i.USART_Cmd), (24 bytes).
    Removing stm32f0xx_usart.o(i.USART_DECmd), (28 bytes).
    Removing stm32f0xx_usart.o(i.USART_DEPolarityConfig), (18 bytes).
    Removing stm32f0xx_usart.o(i.USART_DMACmd), (20 bytes).
    Removing stm32f0xx_usart.o(i.USART_DMAReceptionErrorConfig), (18 bytes).
    Removing stm32f0xx_usart.o(i.USART_DataInvCmd), (28 bytes).
    Removing stm32f0xx_usart.o(i.USART_DeInit), (124 bytes).
    Removing stm32f0xx_usart.o(i.USART_DirectionModeCmd), (20 bytes).
    Removing stm32f0xx_usart.o(i.USART_GetFlagStatus), (20 bytes).
    Removing stm32f0xx_usart.o(i.USART_GetITStatus), (78 bytes).
    Removing stm32f0xx_usart.o(i.USART_HalfDuplexCmd), (24 bytes).
    Removing stm32f0xx_usart.o(i.USART_ITConfig), (66 bytes).
    Removing stm32f0xx_usart.o(i.USART_Init), (232 bytes).
    Removing stm32f0xx_usart.o(i.USART_InvPinCmd), (20 bytes).
    Removing stm32f0xx_usart.o(i.USART_IrDACmd), (24 bytes).
    Removing stm32f0xx_usart.o(i.USART_IrDAConfig), (16 bytes).
    Removing stm32f0xx_usart.o(i.USART_LINBreakDetectLengthConfig), (16 bytes).
    Removing stm32f0xx_usart.o(i.USART_LINCmd), (28 bytes).
    Removing stm32f0xx_usart.o(i.USART_MSBFirstCmd), (28 bytes).
    Removing stm32f0xx_usart.o(i.USART_MuteModeCmd), (28 bytes).
    Removing stm32f0xx_usart.o(i.USART_MuteModeWakeUpConfig), (18 bytes).
    Removing stm32f0xx_usart.o(i.USART_OneBitMethodCmd), (28 bytes).
    Removing stm32f0xx_usart.o(i.USART_OverSampling8Cmd), (28 bytes).
    Removing stm32f0xx_usart.o(i.USART_OverrunDetectionConfig), (18 bytes).
    Removing stm32f0xx_usart.o(i.USART_ReceiveData), (10 bytes).
    Removing stm32f0xx_usart.o(i.USART_ReceiverTimeOutCmd), (28 bytes).
    Removing stm32f0xx_usart.o(i.USART_RequestCmd), (20 bytes).
    Removing stm32f0xx_usart.o(i.USART_STOPModeCmd), (24 bytes).
    Removing stm32f0xx_usart.o(i.USART_SWAPPinCmd), (28 bytes).
    Removing stm32f0xx_usart.o(i.USART_SendData), (8 bytes).
    Removing stm32f0xx_usart.o(i.USART_SetAddress), (18 bytes).
    Removing stm32f0xx_usart.o(i.USART_SetAutoRetryCount), (20 bytes).
    Removing stm32f0xx_usart.o(i.USART_SetBlockLength), (18 bytes).
    Removing stm32f0xx_usart.o(i.USART_SetDEAssertionTime), (20 bytes).
    Removing stm32f0xx_usart.o(i.USART_SetDEDeassertionTime), (20 bytes).
    Removing stm32f0xx_usart.o(i.USART_SetGuardTime), (16 bytes).
    Removing stm32f0xx_usart.o(i.USART_SetPrescaler), (18 bytes).
    Removing stm32f0xx_usart.o(i.USART_SetReceiverTimeOut), (16 bytes).
    Removing stm32f0xx_usart.o(i.USART_SmartCardCmd), (24 bytes).
    Removing stm32f0xx_usart.o(i.USART_SmartCardNACKCmd), (24 bytes).
    Removing stm32f0xx_usart.o(i.USART_StopModeWakeUpSourceConfig), (18 bytes).
    Removing stm32f0xx_usart.o(i.USART_StructInit), (24 bytes).
    Removing stm32f0xx_wwdg.o(.rev16_text), (4 bytes).
    Removing stm32f0xx_wwdg.o(.revsh_text), (4 bytes).
    Removing stm32f0xx_wwdg.o(i.WWDG_ClearFlag), (12 bytes).
    Removing stm32f0xx_wwdg.o(i.WWDG_DeInit), (22 bytes).
    Removing stm32f0xx_wwdg.o(i.WWDG_Enable), (16 bytes).
    Removing stm32f0xx_wwdg.o(i.WWDG_EnableIT), (20 bytes).
    Removing stm32f0xx_wwdg.o(i.WWDG_GetFlagStatus), (24 bytes).
    Removing stm32f0xx_wwdg.o(i.WWDG_SetCounter), (16 bytes).
    Removing stm32f0xx_wwdg.o(i.WWDG_SetPrescaler), (32 bytes).
    Removing stm32f0xx_wwdg.o(i.WWDG_SetWindowValue), (40 bytes).
    Removing system_stm32f0xx.o(.rev16_text), (4 bytes).
    Removing system_stm32f0xx.o(.revsh_text), (4 bytes).
    Removing system_stm32f0xx.o(i.SystemCoreClockUpdate), (176 bytes).
    Removing tftfont_6x8.o(.constdata), (912 bytes).
    Removing taskcounter.o(.rev16_text), (4 bytes).
    Removing taskcounter.o(.revsh_text), (4 bytes).
    Removing taskkey.o(.rev16_text), (4 bytes).
    Removing taskkey.o(.revsh_text), (4 bytes).
    Removing taskled.o(.rev16_text), (4 bytes).
    Removing taskled.o(.revsh_text), (4 bytes).
    Removing taskmandelbrot.o(.rev16_text), (4 bytes).
    Removing taskmandelbrot.o(.revsh_text), (4 bytes).
    Removing taskpoti.o(.rev16_text), (4 bytes).
    Removing taskpoti.o(.revsh_text), (4 bytes).
    Removing taskwatch.o(.rev16_text), (4 bytes).
    Removing taskwatch.o(.revsh_text), (4 bytes).
    Removing dfixul.o(.text), (64 bytes).

624 unused section(s) (total 23546 bytes) removed from the image.

==============================================================================

Image Symbol Table

    Local Symbols

    Symbol Name                              Value     Ov Type        Size  Object(Section)

    ../clib/microlib/division.c              0x00000000   Number         0  uldiv.o ABSOLUTE
    ../clib/microlib/division.c              0x00000000   Number         0  idiv.o ABSOLUTE
    ../clib/microlib/division.c              0x00000000   Number         0  uidiv.o ABSOLUTE
    ../clib/microlib/init/entry.s            0x00000000   Number         0  entry7b.o ABSOLUTE
    ../clib/microlib/init/entry.s            0x00000000   Number         0  entry8a.o ABSOLUTE
    ../clib/microlib/init/entry.s            0x00000000   Number         0  entry9a.o ABSOLUTE
    ../clib/microlib/init/entry.s            0x00000000   Number         0  entry10a.o ABSOLUTE
    ../clib/microlib/init/entry.s            0x00000000   Number         0  entry10b.o ABSOLUTE
    ../clib/microlib/init/entry.s            0x00000000   Number         0  entry11a.o ABSOLUTE
    ../clib/microlib/init/entry.s            0x00000000   Number         0  entry11b.o ABSOLUTE
    ../clib/microlib/init/entry.s            0x00000000   Number         0  entry12a.o ABSOLUTE
    ../clib/microlib/init/entry.s            0x00000000   Number         0  entry12b.o ABSOLUTE
    ../clib/microlib/init/entry.s            0x00000000   Number         0  entry9b.o ABSOLUTE
    ../clib/microlib/init/entry.s            0x00000000   Number         0  entry.o ABSOLUTE
    ../clib/microlib/init/entry.s            0x00000000   Number         0  entry2.o ABSOLUTE
    ../clib/microlib/init/entry.s            0x00000000   Number         0  entry5.o ABSOLUTE
    ../clib/microlib/init/entry.s            0x00000000   Number         0  entry8b.o ABSOLUTE
    ../clib/microlib/init/entry.s            0x00000000   Number         0  entry7a.o ABSOLUTE
    ../clib/microlib/longlong.c              0x00000000   Number         0  llsshr.o ABSOLUTE
    ../clib/microlib/longlong.c              0x00000000   Number         0  llshl.o ABSOLUTE
    ../clib/microlib/longlong.c              0x00000000   Number         0  llushr.o ABSOLUTE
    ../clib/microlib/malloc/calloc.c         0x00000000   Number         0  calloc.o ABSOLUTE
    ../clib/microlib/malloc/malloc.c         0x00000000   Number         0  malloca.o ABSOLUTE
    ../clib/microlib/malloc/malloc.c         0x00000000   Number         0  mallocr.o ABSOLUTE
    ../clib/microlib/malloc/malloc.c         0x00000000   Number         0  mallocra.o ABSOLUTE
    ../clib/microlib/malloc/malloc.c         0x00000000   Number         0  malloc.o ABSOLUTE
    ../clib/microlib/malloc/mvars.c          0x00000000   Number         0  mvars.o ABSOLUTE
    ../clib/microlib/printf/printf.c         0x00000000   Number         0  printfa.o ABSOLUTE
    ../clib/microlib/printf/printf.c         0x00000000   Number         0  printf6.o ABSOLUTE
    ../clib/microlib/printf/printf.c         0x00000000   Number         0  printfb.o ABSOLUTE
    ../clib/microlib/printf/printf.c         0x00000000   Number         0  printf0.o ABSOLUTE
    ../clib/microlib/printf/printf.c         0x00000000   Number         0  printf1.o ABSOLUTE
    ../clib/microlib/printf/printf.c         0x00000000   Number         0  printf2.o ABSOLUTE
    ../clib/microlib/printf/printf.c         0x00000000   Number         0  printf3.o ABSOLUTE
    ../clib/microlib/printf/printf.c         0x00000000   Number         0  printf4.o ABSOLUTE
    ../clib/microlib/printf/printf.c         0x00000000   Number         0  printf5.o ABSOLUTE
    ../clib/microlib/printf/printf.c         0x00000000   Number         0  printf7.o ABSOLUTE
    ../clib/microlib/printf/printf.c         0x00000000   Number         0  printf8.o ABSOLUTE
    ../clib/microlib/printf/stubs.s          0x00000000   Number         0  stubs.o ABSOLUTE
    ../clib/microlib/stdio/fputc.c           0x00000000   Number         0  fputc.o ABSOLUTE
    ../clib/microlib/stdio/semi.s            0x00000000   Number         0  semi.o ABSOLUTE
    ../clib/microlib/stdio/streams.c         0x00000000   Number         0  stdout.o ABSOLUTE
    ../clib/microlib/string/memcpy.c         0x00000000   Number         0  memcpya.o ABSOLUTE
    ../clib/microlib/string/memcpy.c         0x00000000   Number         0  memcpyb.o ABSOLUTE
    ../clib/microlib/string/strcpy.c         0x00000000   Number         0  strcpy.o ABSOLUTE
    ../clib/microlib/string/strlen.c         0x00000000   Number         0  strlen.o ABSOLUTE
    ../clib/microlib/string/strncpy.c        0x00000000   Number         0  strncpy.o ABSOLUTE
    ../clib/microlib/stubs.s                 0x00000000   Number         0  iusesemip.o ABSOLUTE
    ../clib/microlib/stubs.s                 0x00000000   Number         0  iusefp.o ABSOLUTE
    ../fplib/microlib/fpadd.c                0x00000000   Number         0  dadd.o ABSOLUTE
    ../fplib/microlib/fpdiv.c                0x00000000   Number         0  ddiv.o ABSOLUTE
    ../fplib/microlib/fpepilogue.c           0x00000000   Number         0  depilogue.o ABSOLUTE
    ../fplib/microlib/fpfix.c                0x00000000   Number         0  dfixul.o ABSOLUTE
    ../fplib/microlib/fpflt.c                0x00000000   Number         0  dfltui.o ABSOLUTE
    ../fplib/microlib/fpmul.c                0x00000000   Number         0  dmul.o ABSOLUTE
    cdrcmple.s                               0x00000000   Number         0  cdrcmple.o ABSOLUTE
    dc.s                                     0x00000000   Number         0  dc.o ABSOLUTE
    handlers.s                               0x00000000   Number         0  handlers.o ABSOLUTE
    init.s                                   0x00000000   Number         0  init.o ABSOLUTE
    src\APOS.c                               0x00000000   Number         0  apos.o ABSOLUTE
    src\APOS.s                               0x00000000   Number         0  apos_1.o ABSOLUTE
    src\BSP\Adc.c                            0x00000000   Number         0  adc.o ABSOLUTE
    src\BSP\Key.c                            0x00000000   Number         0  key.o ABSOLUTE
    src\BSP\Led.c                            0x00000000   Number         0  led.o ABSOLUTE
    src\BSP\TftDisplay.c                     0x00000000   Number         0  tftdisplay.o ABSOLUTE
    src\BSP\systick.c                        0x00000000   Number         0  systick.o ABSOLUTE
    src\Devices\startup_stm32f072.s          0x00000000   Number         0  startup_stm32f072.o ABSOLUTE
    src\Devices\system_stm32f0xx.c           0x00000000   Number         0  system_stm32f0xx.o ABSOLUTE
    src\Fonts\TftFont_16x24.c                0x00000000   Number         0  tftfont_16x24.o ABSOLUTE
    src\Fonts\TftFont_6x8.c                  0x00000000   Number         0  tftfont_6x8.o ABSOLUTE
    src\Tasks\TaskCounter.c                  0x00000000   Number         0  taskcounter.o ABSOLUTE
    src\Tasks\TaskKey.c                      0x00000000   Number         0  taskkey.o ABSOLUTE
    src\Tasks\TaskLed.c                      0x00000000   Number         0  taskled.o ABSOLUTE
    src\Tasks\TaskMandelbrot.c               0x00000000   Number         0  taskmandelbrot.o ABSOLUTE
    src\Tasks\TaskPoti.c                     0x00000000   Number         0  taskpoti.o ABSOLUTE
    src\Tasks\TaskWatch.c                    0x00000000   Number         0  taskwatch.o ABSOLUTE
    src\Tasks\TestTask.c                     0x00000000   Number         0  testtask.o ABSOLUTE
    src\\APOS.c                              0x00000000   Number         0  apos.o ABSOLUTE
    src\\BSP\\Adc.c                          0x00000000   Number         0  adc.o ABSOLUTE
    src\\BSP\\Key.c                          0x00000000   Number         0  key.o ABSOLUTE
    src\\BSP\\Led.c                          0x00000000   Number         0  led.o ABSOLUTE
    src\\BSP\\TftDisplay.c                   0x00000000   Number         0  tftdisplay.o ABSOLUTE
    src\\BSP\\systick.c                      0x00000000   Number         0  systick.o ABSOLUTE
    src\\Devices\\system_stm32f0xx.c         0x00000000   Number         0  system_stm32f0xx.o ABSOLUTE
    src\\Tasks\\TaskCounter.c                0x00000000   Number         0  taskcounter.o ABSOLUTE
    src\\Tasks\\TaskKey.c                    0x00000000   Number         0  taskkey.o ABSOLUTE
    src\\Tasks\\TaskLed.c                    0x00000000   Number         0  taskled.o ABSOLUTE
    src\\Tasks\\TaskMandelbrot.c             0x00000000   Number         0  taskmandelbrot.o ABSOLUTE
    src\\Tasks\\TaskPoti.c                   0x00000000   Number         0  taskpoti.o ABSOLUTE
    src\\Tasks\\TaskWatch.c                  0x00000000   Number         0  taskwatch.o ABSOLUTE
    src\\main.c                              0x00000000   Number         0  main.o ABSOLUTE
    src\main.c                               0x00000000   Number         0  main.o ABSOLUTE
    system\\stm32f0-stdperiph\\stm32f0xx_adc.c 0x00000000   Number         0  stm32f0xx_adc.o ABSOLUTE
    system\\stm32f0-stdperiph\\stm32f0xx_can.c 0x00000000   Number         0  stm32f0xx_can.o ABSOLUTE
    system\\stm32f0-stdperiph\\stm32f0xx_cec.c 0x00000000   Number         0  stm32f0xx_cec.o ABSOLUTE
    system\\stm32f0-stdperiph\\stm32f0xx_comp.c 0x00000000   Number         0  stm32f0xx_comp.o ABSOLUTE
    system\\stm32f0-stdperiph\\stm32f0xx_crc.c 0x00000000   Number         0  stm32f0xx_crc.o ABSOLUTE
    system\\stm32f0-stdperiph\\stm32f0xx_crs.c 0x00000000   Number         0  stm32f0xx_crs.o ABSOLUTE
    system\\stm32f0-stdperiph\\stm32f0xx_dac.c 0x00000000   Number         0  stm32f0xx_dac.o ABSOLUTE
    system\\stm32f0-stdperiph\\stm32f0xx_dbgmcu.c 0x00000000   Number         0  stm32f0xx_dbgmcu.o ABSOLUTE
    system\\stm32f0-stdperiph\\stm32f0xx_dma.c 0x00000000   Number         0  stm32f0xx_dma.o ABSOLUTE
    system\\stm32f0-stdperiph\\stm32f0xx_exti.c 0x00000000   Number         0  stm32f0xx_exti.o ABSOLUTE
    system\\stm32f0-stdperiph\\stm32f0xx_flash.c 0x00000000   Number         0  stm32f0xx_flash.o ABSOLUTE
    system\\stm32f0-stdperiph\\stm32f0xx_gpio.c 0x00000000   Number         0  stm32f0xx_gpio.o ABSOLUTE
    system\\stm32f0-stdperiph\\stm32f0xx_i2c.c 0x00000000   Number         0  stm32f0xx_i2c.o ABSOLUTE
    system\\stm32f0-stdperiph\\stm32f0xx_iwdg.c 0x00000000   Number         0  stm32f0xx_iwdg.o ABSOLUTE
    system\\stm32f0-stdperiph\\stm32f0xx_misc.c 0x00000000   Number         0  stm32f0xx_misc.o ABSOLUTE
    system\\stm32f0-stdperiph\\stm32f0xx_pwr.c 0x00000000   Number         0  stm32f0xx_pwr.o ABSOLUTE
    system\\stm32f0-stdperiph\\stm32f0xx_rcc.c 0x00000000   Number         0  stm32f0xx_rcc.o ABSOLUTE
    system\\stm32f0-stdperiph\\stm32f0xx_rtc.c 0x00000000   Number         0  stm32f0xx_rtc.o ABSOLUTE
    system\\stm32f0-stdperiph\\stm32f0xx_spi.c 0x00000000   Number         0  stm32f0xx_spi.o ABSOLUTE
    system\\stm32f0-stdperiph\\stm32f0xx_syscfg.c 0x00000000   Number         0  stm32f0xx_syscfg.o ABSOLUTE
    system\\stm32f0-stdperiph\\stm32f0xx_tim.c 0x00000000   Number         0  stm32f0xx_tim.o ABSOLUTE
    system\\stm32f0-stdperiph\\stm32f0xx_usart.c 0x00000000   Number         0  stm32f0xx_usart.o ABSOLUTE
    system\\stm32f0-stdperiph\\stm32f0xx_wwdg.c 0x00000000   Number         0  stm32f0xx_wwdg.o ABSOLUTE
    system\stm32f0-stdperiph\stm32f0xx_adc.c 0x00000000   Number         0  stm32f0xx_adc.o ABSOLUTE
    system\stm32f0-stdperiph\stm32f0xx_can.c 0x00000000   Number         0  stm32f0xx_can.o ABSOLUTE
    system\stm32f0-stdperiph\stm32f0xx_cec.c 0x00000000   Number         0  stm32f0xx_cec.o ABSOLUTE
    system\stm32f0-stdperiph\stm32f0xx_comp.c 0x00000000   Number         0  stm32f0xx_comp.o ABSOLUTE
    system\stm32f0-stdperiph\stm32f0xx_crc.c 0x00000000   Number         0  stm32f0xx_crc.o ABSOLUTE
    system\stm32f0-stdperiph\stm32f0xx_crs.c 0x00000000   Number         0  stm32f0xx_crs.o ABSOLUTE
    system\stm32f0-stdperiph\stm32f0xx_dac.c 0x00000000   Number         0  stm32f0xx_dac.o ABSOLUTE
    system\stm32f0-stdperiph\stm32f0xx_dbgmcu.c 0x00000000   Number         0  stm32f0xx_dbgmcu.o ABSOLUTE
    system\stm32f0-stdperiph\stm32f0xx_dma.c 0x00000000   Number         0  stm32f0xx_dma.o ABSOLUTE
    system\stm32f0-stdperiph\stm32f0xx_exti.c 0x00000000   Number         0  stm32f0xx_exti.o ABSOLUTE
    system\stm32f0-stdperiph\stm32f0xx_flash.c 0x00000000   Number         0  stm32f0xx_flash.o ABSOLUTE
    system\stm32f0-stdperiph\stm32f0xx_gpio.c 0x00000000   Number         0  stm32f0xx_gpio.o ABSOLUTE
    system\stm32f0-stdperiph\stm32f0xx_i2c.c 0x00000000   Number         0  stm32f0xx_i2c.o ABSOLUTE
    system\stm32f0-stdperiph\stm32f0xx_iwdg.c 0x00000000   Number         0  stm32f0xx_iwdg.o ABSOLUTE
    system\stm32f0-stdperiph\stm32f0xx_misc.c 0x00000000   Number         0  stm32f0xx_misc.o ABSOLUTE
    system\stm32f0-stdperiph\stm32f0xx_pwr.c 0x00000000   Number         0  stm32f0xx_pwr.o ABSOLUTE
    system\stm32f0-stdperiph\stm32f0xx_rcc.c 0x00000000   Number         0  stm32f0xx_rcc.o ABSOLUTE
    system\stm32f0-stdperiph\stm32f0xx_rtc.c 0x00000000   Number         0  stm32f0xx_rtc.o ABSOLUTE
    system\stm32f0-stdperiph\stm32f0xx_spi.c 0x00000000   Number         0  stm32f0xx_spi.o ABSOLUTE
    system\stm32f0-stdperiph\stm32f0xx_syscfg.c 0x00000000   Number         0  stm32f0xx_syscfg.o ABSOLUTE
    system\stm32f0-stdperiph\stm32f0xx_tim.c 0x00000000   Number         0  stm32f0xx_tim.o ABSOLUTE
    system\stm32f0-stdperiph\stm32f0xx_usart.c 0x00000000   Number         0  stm32f0xx_usart.o ABSOLUTE
    system\stm32f0-stdperiph\stm32f0xx_wwdg.c 0x00000000   Number         0  stm32f0xx_wwdg.o ABSOLUTE
    RESET                                    0x08000000   Section      192  startup_stm32f072.o(RESET)
    .ARM.Collect$$$$00000000                 0x080000c0   Section        0  entry.o(.ARM.Collect$$$$00000000)
    .ARM.Collect$$$$00000001                 0x080000c0   Section        4  entry2.o(.ARM.Collect$$$$00000001)
    .ARM.Collect$$$$00000004                 0x080000c4   Section        4  entry5.o(.ARM.Collect$$$$00000004)
    .ARM.Collect$$$$00000008                 0x080000c8   Section        0  entry7b.o(.ARM.Collect$$$$00000008)
    .ARM.Collect$$$$0000000A                 0x080000c8   Section        0  entry8b.o(.ARM.Collect$$$$0000000A)
    .ARM.Collect$$$$0000000B                 0x080000c8   Section        8  entry9a.o(.ARM.Collect$$$$0000000B)
    .ARM.Collect$$$$0000000E                 0x080000d0   Section        4  entry12b.o(.ARM.Collect$$$$0000000E)
    .ARM.Collect$$$$0000000F                 0x080000d4   Section        0  entry10a.o(.ARM.Collect$$$$0000000F)
    .ARM.Collect$$$$00000011                 0x080000d4   Section        0  entry11a.o(.ARM.Collect$$$$00000011)
    .ARM.Collect$$$$00002712                 0x080000d4   Section        4  entry2.o(.ARM.Collect$$$$00002712)
    __lit__00000000                          0x080000d4   Data           4  entry2.o(.ARM.Collect$$$$00002712)
    .text                                    0x080000d8   Section      114  apos_1.o(.text)
    .text                                    0x0800014c   Section       40  startup_stm32f072.o(.text)
    .text                                    0x08000174   Section        0  uidiv.o(.text)
    .text                                    0x080001a0   Section        0  idiv.o(.text)
    .text                                    0x080001c8   Section        0  strncpy.o(.text)
    .text                                    0x080001e2   Section        0  strlen.o(.text)
    .text                                    0x080001f0   Section        0  strcpy.o(.text)
    .text                                    0x08000202   Section        0  calloc.o(.text)
    .text                                    0x08000220   Section        0  dadd.o(.text)
    .text                                    0x08000388   Section        0  dmul.o(.text)
    .text                                    0x08000458   Section        0  ddiv.o(.text)
    .text                                    0x08000548   Section        0  dfltui.o(.text)
    .text                                    0x08000564   Section       40  cdrcmple.o(.text)
    .text                                    0x0800058c   Section        0  llshl.o(.text)
    .text                                    0x080005ac   Section        0  llsshr.o(.text)
    .text                                    0x080005d2   Section        0  depilogue.o(.text)
    .text                                    0x080005d2   Section        0  iusefp.o(.text)
    .text                                    0x08000690   Section       36  init.o(.text)
    .text                                    0x080006b4   Section        0  llushr.o(.text)
    i.ADC_Cmd                                0x080006d6   Section        0  stm32f0xx_adc.o(i.ADC_Cmd)
    i.ADC_GetConversionValue                 0x080006ee   Section        0  stm32f0xx_adc.o(i.ADC_GetConversionValue)
    i.ADC_GetFlagStatus                      0x080006f6   Section        0  stm32f0xx_adc.o(i.ADC_GetFlagStatus)
    i.ADC_Init                               0x08000728   Section        0  stm32f0xx_adc.o(i.ADC_Init)
    i.ADC_StartOfConversion                  0x08000754   Section        0  stm32f0xx_adc.o(i.ADC_StartOfConversion)
    i.APOS_Scheduler                         0x08000760   Section        0  apos.o(i.APOS_Scheduler)
    i.APOS_TASK_Create                       0x080007c8   Section        0  apos.o(i.APOS_TASK_Create)
    i.Adc_GetValue                           0x08000844   Section        0  adc.o(i.Adc_GetValue)
    i.Adc_Init                               0x080008ac   Section        0  adc.o(i.Adc_Init)
    i.Adc_SetChannel                         0x080008e8   Section        0  adc.o(i.Adc_SetChannel)
    i.Debug_TaskOff_A                        0x08000908   Section        0  apos.o(i.Debug_TaskOff_A)
    i.Debug_TaskOn_A                         0x0800091c   Section        0  apos.o(i.Debug_TaskOn_A)
    i.GPIO_Init                              0x08000930   Section        0  stm32f0xx_gpio.o(i.GPIO_Init)
    i.GPIO_ReadInputDataBit                  0x080009c0   Section        0  stm32f0xx_gpio.o(i.GPIO_ReadInputDataBit)
    i.GPIO_StructInit                        0x080009d4   Section        0  stm32f0xx_gpio.o(i.GPIO_StructInit)
    i.GPIO_WriteBit                          0x080009ec   Section        0  stm32f0xx_gpio.o(i.GPIO_WriteBit)
    i.GPIO_setup                             0x080009f8   Section        0  main.o(i.GPIO_setup)
    i.Key_GetState                           0x08000a28   Section        0  key.o(i.Key_GetState)
    i.Key_Init                               0x08000a6c   Section        0  key.o(i.Key_Init)
    i.Led_Init                               0x08000aa8   Section        0  led.o(i.Led_Init)
    i.Led_Switch                             0x08000ae4   Section        0  led.o(i.Led_Switch)
    Led_Switch                               0x08000ae5   Thumb Code    66  led.o(i.Led_Switch)
    i.Led_TurnOff                            0x08000b2c   Section        0  led.o(i.Led_TurnOff)
    i.Led_TurnOn                             0x08000b3a   Section        0  led.o(i.Led_TurnOn)
    i.MandelBrot                             0x08000b48   Section        0  taskmandelbrot.o(i.MandelBrot)
    MandelBrot                               0x08000b49   Thumb Code   470  taskmandelbrot.o(i.MandelBrot)
    i.NVIC_SetPriority                       0x08000d44   Section        0  systick.o(i.NVIC_SetPriority)
    NVIC_SetPriority                         0x08000d45   Thumb Code   110  systick.o(i.NVIC_SetPriority)
    i.RCC_AHBPeriphClockCmd                  0x08000dbc   Section        0  stm32f0xx_rcc.o(i.RCC_AHBPeriphClockCmd)
    i.RCC_APB2PeriphClockCmd                 0x08000ddc   Section        0  stm32f0xx_rcc.o(i.RCC_APB2PeriphClockCmd)
    i.SetSysClock                            0x08000dfc   Section        0  system_stm32f0xx.o(i.SetSysClock)
    SetSysClock                              0x08000dfd   Thumb Code   206  system_stm32f0xx.o(i.SetSysClock)
    i.SysTick_Handler                        0x08000ed4   Section        0  systick.o(i.SysTick_Handler)
    i.SystemInit                             0x08000ee4   Section        0  system_stm32f0xx.o(i.SystemInit)
    i.Systick_GetTick                        0x08000f60   Section        0  systick.o(i.Systick_GetTick)
    i.TaskA                                  0x08000f6c   Section        0  apos.o(i.TaskA)
    i.TaskCounter                            0x08000f80   Section        0  taskcounter.o(i.TaskCounter)
    i.TaskKey                                0x08000fd8   Section        0  taskkey.o(i.TaskKey)
    i.TaskLed                                0x080010c8   Section        0  taskled.o(i.TaskLed)
    i.TaskMandelbrot                         0x08001124   Section        0  taskmandelbrot.o(i.TaskMandelbrot)
    i.TaskPoti                               0x08001140   Section        0  taskpoti.o(i.TaskPoti)
    i.TaskWatch                              0x08001180   Section        0  taskwatch.o(i.TaskWatch)
    i.Tft_ClearScreen                        0x080011ec   Section        0  tftdisplay.o(i.Tft_ClearScreen)
    i.Tft_DrawChar                           0x08001210   Section        0  tftdisplay.o(i.Tft_DrawChar)
    i.Tft_DrawPixel                          0x080012fc   Section        0  tftdisplay.o(i.Tft_DrawPixel)
    i.Tft_DrawString                         0x08001340   Section        0  tftdisplay.o(i.Tft_DrawString)
    i.Tft_Init                               0x08001384   Section        0  tftdisplay.o(i.Tft_Init)
    i.Tft_InitGPIOs                          0x080013e0   Section        0  tftdisplay.o(i.Tft_InitGPIOs)
    Tft_InitGPIOs                            0x080013e1   Thumb Code    68  tftdisplay.o(i.Tft_InitGPIOs)
    i.Tft_SetFont                            0x08001430   Section        0  tftdisplay.o(i.Tft_SetFont)
    i.Tft_SetForegroundColourRgb16           0x08001468   Section        0  tftdisplay.o(i.Tft_SetForegroundColourRgb16)
    i.Tft_SetWindow                          0x08001474   Section        0  tftdisplay.o(i.Tft_SetWindow)
    Tft_SetWindow                            0x08001475   Thumb Code   192  tftdisplay.o(i.Tft_SetWindow)
    i.Tft_ToBSRRValue                        0x080015a0   Section        0  tftdisplay.o(i.Tft_ToBSRRValue)
    Tft_ToBSRRValue                          0x080015a1   Thumb Code    14  tftdisplay.o(i.Tft_ToBSRRValue)
    i.Tft_WriteCmd                           0x080015b0   Section        0  tftdisplay.o(i.Tft_WriteCmd)
    Tft_WriteCmd                             0x080015b1   Thumb Code    20  tftdisplay.o(i.Tft_WriteCmd)
    i.Tft_WriteData                          0x080015c8   Section        0  tftdisplay.o(i.Tft_WriteData)
    Tft_WriteData                            0x080015c9   Thumb Code    28  tftdisplay.o(i.Tft_WriteData)
    i.Tft_WritePixel                         0x080015e8   Section        0  tftdisplay.o(i.Tft_WritePixel)
    Tft_WritePixel                           0x080015e9   Thumb Code    18  tftdisplay.o(i.Tft_WritePixel)
    i.Tft_WritePixels                        0x080015fc   Section        0  tftdisplay.o(i.Tft_WritePixels)
    Tft_WritePixels                          0x080015fd   Thumb Code    82  tftdisplay.o(i.Tft_WritePixels)
    i.Tick_InitSysTick                       0x08001654   Section        0  systick.o(i.Tick_InitSysTick)
    i.__0snprintf$6                          0x08001698   Section        0  printf6.o(i.__0snprintf$6)
    i.__ARM_clz                              0x080016d0   Section        0  depilogue.o(i.__ARM_clz)
    i.__ARM_common_switch8                   0x080016fe   Section        0  led.o(i.__ARM_common_switch8)
    i.__aeabi_assert                         0x0800171a   Section        0  main.o(i.__aeabi_assert)
    i.__scatterload_copy                     0x08001756   Section       14  handlers.o(i.__scatterload_copy)
    i.__scatterload_null                     0x08001764   Section        2  handlers.o(i.__scatterload_null)
    i.__scatterload_zeroinit                 0x08001766   Section       14  handlers.o(i.__scatterload_zeroinit)
    i._printf_core                           0x08001774   Section        0  printf6.o(i._printf_core)
    _printf_core                             0x08001775   Thumb Code   768  printf6.o(i._printf_core)
    i._printf_post_padding                   0x08001a78   Section        0  printf6.o(i._printf_post_padding)
    _printf_post_padding                     0x08001a79   Thumb Code    32  printf6.o(i._printf_post_padding)
    i._printf_pre_padding                    0x08001a98   Section        0  printf6.o(i._printf_pre_padding)
    _printf_pre_padding                      0x08001a99   Thumb Code    44  printf6.o(i._printf_pre_padding)
    i._snputc                                0x08001ac4   Section        0  printf6.o(i._snputc)
    _snputc                                  0x08001ac5   Thumb Code    22  printf6.o(i._snputc)
    i.main                                   0x08001adc   Section        0  main.o(i.main)
    i.malloc                                 0x08001bdc   Section        0  malloc.o(i.malloc)
    i.resCounterLED                          0x08001c48   Section        0  main.o(i.resCounterLED)
    resCounterLED                            0x08001c49   Thumb Code    14  main.o(i.resCounterLED)
    i.resKeyLED                              0x08001c5c   Section        0  main.o(i.resKeyLED)
    resKeyLED                                0x08001c5d   Thumb Code    14  main.o(i.resKeyLED)
    i.resLedLED                              0x08001c70   Section        0  main.o(i.resLedLED)
    resLedLED                                0x08001c71   Thumb Code    16  main.o(i.resLedLED)
    i.resMandelbrotLED                       0x08001c84   Section        0  main.o(i.resMandelbrotLED)
    resMandelbrotLED                         0x08001c85   Thumb Code    16  main.o(i.resMandelbrotLED)
    i.resPotiLED                             0x08001c98   Section        0  main.o(i.resPotiLED)
    resPotiLED                               0x08001c99   Thumb Code    16  main.o(i.resPotiLED)
    i.resSysTickLED                          0x08001cac   Section        0  main.o(i.resSysTickLED)
    resSysTickLED                            0x08001cad   Thumb Code    14  main.o(i.resSysTickLED)
    i.resWatchLED                            0x08001cc0   Section        0  main.o(i.resWatchLED)
    resWatchLED                              0x08001cc1   Thumb Code    16  main.o(i.resWatchLED)
    i.setCounterLED                          0x08001cd4   Section        0  main.o(i.setCounterLED)
    setCounterLED                            0x08001cd5   Thumb Code    14  main.o(i.setCounterLED)
    i.setKeyLED                              0x08001ce8   Section        0  main.o(i.setKeyLED)
    setKeyLED                                0x08001ce9   Thumb Code    14  main.o(i.setKeyLED)
    i.setLedLED                              0x08001cfc   Section        0  main.o(i.setLedLED)
    setLedLED                                0x08001cfd   Thumb Code    14  main.o(i.setLedLED)
    i.setMandelbrotLED                       0x08001d10   Section        0  main.o(i.setMandelbrotLED)
    setMandelbrotLED                         0x08001d11   Thumb Code    14  main.o(i.setMandelbrotLED)
    i.setPotiLED                             0x08001d24   Section        0  main.o(i.setPotiLED)
    setPotiLED                               0x08001d25   Thumb Code    14  main.o(i.setPotiLED)
    i.setSysTickLED                          0x08001d38   Section        0  main.o(i.setSysTickLED)
    setSysTickLED                            0x08001d39   Thumb Code    14  main.o(i.setSysTickLED)
    i.setWatchLED                            0x08001d4c   Section        0  main.o(i.setWatchLED)
    setWatchLED                              0x08001d4d   Thumb Code    14  main.o(i.setWatchLED)
    .constdata                               0x08001d60   Section     5392  tftfont_16x24.o(.constdata)
    Bitmaps_16x24                            0x08001d60   Data        5376  tftfont_16x24.o(.constdata)
    .constdata                               0x08003270   Section        6  taskkey.o(.constdata)
    color                                    0x08003270   Data           6  taskkey.o(.constdata)
    .data                                    0x20000000   Section        8  tftdisplay.o(.data)
    Tft_Cfg                                  0x20000000   Data           8  tftdisplay.o(.data)
    .data                                    0x20000008   Section        4  systick.o(.data)
    msTicks                                  0x20000008   Data           4  systick.o(.data)
    .data                                    0x2000000c   Section       12  apos.o(.data)
    currentTask                              0x2000000c   Data           4  apos.o(.data)
    lastTick                                 0x20000010   Data           4  apos.o(.data)
    currentTask                              0x20000014   Data           4  apos.o(.data)
    .data                                    0x20000018   Section       20  system_stm32f0xx.o(.data)
    .data                                    0x2000002c   Section        8  taskcounter.o(.data)
    counter                                  0x2000002c   Data           4  taskcounter.o(.data)
    lastTick                                 0x20000030   Data           4  taskcounter.o(.data)
    .data                                    0x20000034   Section        5  taskkey.o(.data)
    i                                        0x20000034   Data           4  taskkey.o(.data)
    printKey                                 0x20000038   Data           1  taskkey.o(.data)
    .data                                    0x2000003c   Section       13  taskled.o(.data)
    LED                                      0x2000003c   Data           3  taskled.o(.data)
    tick                                     0x20000040   Data           4  taskled.o(.data)
    lastTick                                 0x20000044   Data           4  taskled.o(.data)
    i                                        0x20000048   Data           1  taskled.o(.data)
    .data                                    0x2000004c   Section       16  taskmandelbrot.o(.data)
    von                                      0x2000004c   Data           4  taskmandelbrot.o(.data)
    bis                                      0x20000050   Data           4  taskmandelbrot.o(.data)
    intervalCnt                              0x20000054   Data           4  taskmandelbrot.o(.data)
    lastTick                                 0x20000058   Data           4  taskmandelbrot.o(.data)
    .data                                    0x2000005c   Section        4  taskwatch.o(.data)
    lastTick                                 0x2000005c   Data           4  taskwatch.o(.data)
    .data                                    0x20000060   Section        4  mvars.o(.data)
    .data                                    0x20000064   Section        4  mvars.o(.data)
    .bss                                     0x20000068   Section       40  apos.o(.bss)
    pTasks                                   0x20000068   Data          40  apos.o(.bss)
    .bss                                     0x20000090   Section       14  taskcounter.o(.bss)
    tmpBuf                                   0x20000090   Data          14  taskcounter.o(.bss)
    .bss                                     0x2000009e   Section       12  taskkey.o(.bss)
    output                                   0x2000009e   Data          12  taskkey.o(.bss)
    .bss                                     0x200000aa   Section       14  taskpoti.o(.bss)
    adcBuf                                   0x200000aa   Data          14  taskpoti.o(.bss)
    .bss                                     0x200000b8   Section       14  taskwatch.o(.bss)
    output                                   0x200000b8   Data          14  taskwatch.o(.bss)
    HEAP                                     0x200000c8   Section      512  startup_stm32f072.o(HEAP)
    STACK                                    0x200002c8   Section     1024  startup_stm32f072.o(STACK)

    Global Symbols

    Symbol Name                              Value     Ov Type        Size  Object(Section)

    BuildAttributes$$THM_ISAv3M$S$PE$A:L22$X:L11$S22$IEEE1$IW$USESV6$~STKCKD$USESV7$~SHL$OSPACE$ROPI$EBA8$MICROLIB$REQ8$PRES8$EABIv2 0x00000000   Number         0  anon$$obj.o ABSOLUTE
    __ARM_use_no_argv                        0x00000000   Number         0  main.o ABSOLUTE
    _printf_a                                0x00000000   Number         0  stubs.o ABSOLUTE
    _printf_c                                0x00000000   Number         0  stubs.o ABSOLUTE
    _printf_charcount                        0x00000000   Number         0  stubs.o ABSOLUTE
    _printf_d                                0x00000000   Number         0  stubs.o ABSOLUTE
    _printf_e                                0x00000000   Number         0  stubs.o ABSOLUTE
    _printf_f                                0x00000000   Number         0  stubs.o ABSOLUTE
    _printf_flags                            0x00000000   Number         0  stubs.o ABSOLUTE
    _printf_fp_dec                           0x00000000   Number         0  stubs.o ABSOLUTE
    _printf_fp_hex                           0x00000000   Number         0  stubs.o ABSOLUTE
    _printf_g                                0x00000000   Number         0  stubs.o ABSOLUTE
    _printf_i                                0x00000000   Number         0  stubs.o ABSOLUTE
    _printf_int_dec                          0x00000000   Number         0  stubs.o ABSOLUTE
    _printf_l                                0x00000000   Number         0  stubs.o ABSOLUTE
    _printf_lc                               0x00000000   Number         0  stubs.o ABSOLUTE
    _printf_ll                               0x00000000   Number         0  stubs.o ABSOLUTE
    _printf_lld                              0x00000000   Number         0  stubs.o ABSOLUTE
    _printf_lli                              0x00000000   Number         0  stubs.o ABSOLUTE
    _printf_llo                              0x00000000   Number         0  stubs.o ABSOLUTE
    _printf_llu                              0x00000000   Number         0  stubs.o ABSOLUTE
    _printf_llx                              0x00000000   Number         0  stubs.o ABSOLUTE
    _printf_longlong_dec                     0x00000000   Number         0  stubs.o ABSOLUTE
    _printf_longlong_hex                     0x00000000   Number         0  stubs.o ABSOLUTE
    _printf_longlong_oct                     0x00000000   Number         0  stubs.o ABSOLUTE
    _printf_ls                               0x00000000   Number         0  stubs.o ABSOLUTE
    _printf_mbtowc                           0x00000000   Number         0  stubs.o ABSOLUTE
    _printf_n                                0x00000000   Number         0  stubs.o ABSOLUTE
    _printf_o                                0x00000000   Number         0  stubs.o ABSOLUTE
    _printf_p                                0x00000000   Number         0  stubs.o ABSOLUTE
    _printf_percent                          0x00000000   Number         0  stubs.o ABSOLUTE
    _printf_pre_padding                      0x00000000   Number         0  stubs.o ABSOLUTE
    _printf_return_value                     0x00000000   Number         0  stubs.o ABSOLUTE
    _printf_s                                0x00000000   Number         0  stubs.o ABSOLUTE
    _printf_sizespec                         0x00000000   Number         0  stubs.o ABSOLUTE
    _printf_str                              0x00000000   Number         0  stubs.o ABSOLUTE
    _printf_truncate_signed                  0x00000000   Number         0  stubs.o ABSOLUTE
    _printf_truncate_unsigned                0x00000000   Number         0  stubs.o ABSOLUTE
    _printf_u                                0x00000000   Number         0  stubs.o ABSOLUTE
    _printf_wc                               0x00000000   Number         0  stubs.o ABSOLUTE
    _printf_wctomb                           0x00000000   Number         0  stubs.o ABSOLUTE
    _printf_widthprec                        0x00000000   Number         0  stubs.o ABSOLUTE
    _printf_x                                0x00000000   Number         0  stubs.o ABSOLUTE
    __arm_fini_                               - Undefined Weak Reference
    __cpp_initialize__aeabi_                  - Undefined Weak Reference
    __cxa_finalize                            - Undefined Weak Reference
    __decompress                              - Undefined Weak Reference
    _clock_init                               - Undefined Weak Reference
    _microlib_exit                            - Undefined Weak Reference
    __Vectors_Size                           0x000000c0   Number         0  startup_stm32f072.o ABSOLUTE
    __Vectors                                0x08000000   Data           4  startup_stm32f072.o(RESET)
    __Vectors_End                            0x080000c0   Data           0  startup_stm32f072.o(RESET)
    __main                                   0x080000c1   Thumb Code     0  entry.o(.ARM.Collect$$$$00000000)
    _main_stk                                0x080000c1   Thumb Code     0  entry2.o(.ARM.Collect$$$$00000001)
    _main_scatterload                        0x080000c5   Thumb Code     0  entry5.o(.ARM.Collect$$$$00000004)
    __main_after_scatterload                 0x080000c9   Thumb Code     0  entry5.o(.ARM.Collect$$$$00000004)
    _main_clock                              0x080000c9   Thumb Code     0  entry7b.o(.ARM.Collect$$$$00000008)
    _main_cpp_init                           0x080000c9   Thumb Code     0  entry8b.o(.ARM.Collect$$$$0000000A)
    _main_init                               0x080000c9   Thumb Code     0  entry9a.o(.ARM.Collect$$$$0000000B)
    __rt_lib_shutdown_fini                   0x080000d1   Thumb Code     0  entry12b.o(.ARM.Collect$$$$0000000E)
    __rt_final_cpp                           0x080000d5   Thumb Code     0  entry10a.o(.ARM.Collect$$$$0000000F)
    __rt_final_exit                          0x080000d5   Thumb Code     0  entry11a.o(.ARM.Collect$$$$00000011)
    FillTaskA                                0x080000d9   Thumb Code    38  apos_1.o(.text)
    FillTaskB                                0x080000ff   Thumb Code    38  apos_1.o(.text)
    FillTaskC                                0x08000125   Thumb Code    38  apos_1.o(.text)
    Reset_Handler                            0x0800014d   Thumb Code     8  startup_stm32f072.o(.text)
    NMI_Handler                              0x08000155   Thumb Code     2  startup_stm32f072.o(.text)
    HardFault_Handler                        0x08000157   Thumb Code     2  startup_stm32f072.o(.text)
    SVC_Handler                              0x08000159   Thumb Code     2  startup_stm32f072.o(.text)
    PendSV_Handler                           0x0800015b   Thumb Code    12  startup_stm32f072.o(.text)
    ADC1_COMP_IRQHandler                     0x08000169   Thumb Code     0  startup_stm32f072.o(.text)
    CEC_CAN_IRQHandler                       0x08000169   Thumb Code     0  startup_stm32f072.o(.text)
    DMA1_Channel1_IRQHandler                 0x08000169   Thumb Code     0  startup_stm32f072.o(.text)
    DMA1_Channel2_3_IRQHandler               0x08000169   Thumb Code     0  startup_stm32f072.o(.text)
    DMA1_Channel4_5_6_7_IRQHandler           0x08000169   Thumb Code     0  startup_stm32f072.o(.text)
    EXTI0_1_IRQHandler                       0x08000169   Thumb Code     0  startup_stm32f072.o(.text)
    EXTI2_3_IRQHandler                       0x08000169   Thumb Code     0  startup_stm32f072.o(.text)
    EXTI4_15_IRQHandler                      0x08000169   Thumb Code     0  startup_stm32f072.o(.text)
    FLASH_IRQHandler                         0x08000169   Thumb Code     0  startup_stm32f072.o(.text)
    I2C1_IRQHandler                          0x08000169   Thumb Code     0  startup_stm32f072.o(.text)
    I2C2_IRQHandler                          0x08000169   Thumb Code     0  startup_stm32f072.o(.text)
    PVD_VDDIO2_IRQHandler                    0x08000169   Thumb Code     0  startup_stm32f072.o(.text)
    RCC_CRS_IRQHandler                       0x08000169   Thumb Code     0  startup_stm32f072.o(.text)
    RTC_IRQHandler                           0x08000169   Thumb Code     0  startup_stm32f072.o(.text)
    SPI1_IRQHandler                          0x08000169   Thumb Code     0  startup_stm32f072.o(.text)
    SPI2_IRQHandler                          0x08000169   Thumb Code     0  startup_stm32f072.o(.text)
    TIM14_IRQHandler                         0x08000169   Thumb Code     0  startup_stm32f072.o(.text)
    TIM15_IRQHandler                         0x08000169   Thumb Code     0  startup_stm32f072.o(.text)
    TIM16_IRQHandler                         0x08000169   Thumb Code     0  startup_stm32f072.o(.text)
    TIM17_IRQHandler                         0x08000169   Thumb Code     0  startup_stm32f072.o(.text)
    TIM1_BRK_UP_TRG_COM_IRQHandler           0x08000169   Thumb Code     0  startup_stm32f072.o(.text)
    TIM1_CC_IRQHandler                       0x08000169   Thumb Code     0  startup_stm32f072.o(.text)
    TIM2_IRQHandler                          0x08000169   Thumb Code     0  startup_stm32f072.o(.text)
    TIM3_IRQHandler                          0x08000169   Thumb Code     0  startup_stm32f072.o(.text)
    TIM6_DAC_IRQHandler                      0x08000169   Thumb Code     0  startup_stm32f072.o(.text)
    TIM7_IRQHandler                          0x08000169   Thumb Code     0  startup_stm32f072.o(.text)
    TSC_IRQHandler                           0x08000169   Thumb Code     0  startup_stm32f072.o(.text)
    USART1_IRQHandler                        0x08000169   Thumb Code     0  startup_stm32f072.o(.text)
    USART2_IRQHandler                        0x08000169   Thumb Code     0  startup_stm32f072.o(.text)
    USART3_4_IRQHandler                      0x08000169   Thumb Code     0  startup_stm32f072.o(.text)
    USB_IRQHandler                           0x08000169   Thumb Code     0  startup_stm32f072.o(.text)
    WWDG_IRQHandler                          0x08000169   Thumb Code     0  startup_stm32f072.o(.text)
    __aeabi_uidiv                            0x08000175   Thumb Code     0  uidiv.o(.text)
    __aeabi_uidivmod                         0x08000175   Thumb Code    44  uidiv.o(.text)
    __aeabi_idiv                             0x080001a1   Thumb Code     0  idiv.o(.text)
    __aeabi_idivmod                          0x080001a1   Thumb Code    40  idiv.o(.text)
    strncpy                                  0x080001c9   Thumb Code    26  strncpy.o(.text)
    strlen                                   0x080001e3   Thumb Code    14  strlen.o(.text)
    strcpy                                   0x080001f1   Thumb Code    18  strcpy.o(.text)
    calloc                                   0x08000203   Thumb Code    28  calloc.o(.text)
    __aeabi_dadd                             0x08000221   Thumb Code   330  dadd.o(.text)
    __aeabi_dsub                             0x0800036b   Thumb Code    12  dadd.o(.text)
    __aeabi_drsub                            0x08000377   Thumb Code    12  dadd.o(.text)
    __aeabi_dmul                             0x08000389   Thumb Code   202  dmul.o(.text)
    __aeabi_ddiv                             0x08000459   Thumb Code   234  ddiv.o(.text)
    __aeabi_ui2d                             0x08000549   Thumb Code    24  dfltui.o(.text)
    __aeabi_cdrcmple                         0x08000565   Thumb Code    38  cdrcmple.o(.text)
    __aeabi_llsl                             0x0800058d   Thumb Code    32  llshl.o(.text)
    _ll_shift_l                              0x0800058d   Thumb Code     0  llshl.o(.text)
    __aeabi_lasr                             0x080005ad   Thumb Code    38  llsshr.o(.text)
    _ll_sshift_r                             0x080005ad   Thumb Code     0  llsshr.o(.text)
    __I$use$fp                               0x080005d3   Thumb Code     0  iusefp.o(.text)
    _double_round                            0x080005d3   Thumb Code    26  depilogue.o(.text)
    _double_epilogue                         0x080005ed   Thumb Code   164  depilogue.o(.text)
    __scatterload                            0x08000691   Thumb Code    28  init.o(.text)
    __scatterload_rt2                        0x08000691   Thumb Code     0  init.o(.text)
    __aeabi_llsr                             0x080006b5   Thumb Code    34  llushr.o(.text)
    _ll_ushift_r                             0x080006b5   Thumb Code     0  llushr.o(.text)
    ADC_Cmd                                  0x080006d7   Thumb Code    24  stm32f0xx_adc.o(i.ADC_Cmd)
    ADC_GetConversionValue                   0x080006ef   Thumb Code     8  stm32f0xx_adc.o(i.ADC_GetConversionValue)
    ADC_GetFlagStatus                        0x080006f7   Thumb Code    48  stm32f0xx_adc.o(i.ADC_GetFlagStatus)
    ADC_Init                                 0x08000729   Thumb Code    40  stm32f0xx_adc.o(i.ADC_Init)
    ADC_StartOfConversion                    0x08000755   Thumb Code    10  stm32f0xx_adc.o(i.ADC_StartOfConversion)
    APOS_Scheduler                           0x08000761   Thumb Code    92  apos.o(i.APOS_Scheduler)
    APOS_TASK_Create                         0x080007c9   Thumb Code   114  apos.o(i.APOS_TASK_Create)
    Adc_GetValue                             0x08000845   Thumb Code    88  adc.o(i.Adc_GetValue)
    Adc_Init                                 0x080008ad   Thumb Code    54  adc.o(i.Adc_Init)
    Adc_SetChannel                           0x080008e9   Thumb Code    26  adc.o(i.Adc_SetChannel)
    Debug_TaskOff_A                          0x08000909   Thumb Code    14  apos.o(i.Debug_TaskOff_A)
    Debug_TaskOn_A                           0x0800091d   Thumb Code    14  apos.o(i.Debug_TaskOn_A)
    GPIO_Init                                0x08000931   Thumb Code   144  stm32f0xx_gpio.o(i.GPIO_Init)
    GPIO_ReadInputDataBit                    0x080009c1   Thumb Code    20  stm32f0xx_gpio.o(i.GPIO_ReadInputDataBit)
    GPIO_StructInit                          0x080009d5   Thumb Code    20  stm32f0xx_gpio.o(i.GPIO_StructInit)
    GPIO_WriteBit                            0x080009ed   Thumb Code    12  stm32f0xx_gpio.o(i.GPIO_WriteBit)
    GPIO_setup                               0x080009f9   Thumb Code    40  main.o(i.GPIO_setup)
    Key_GetState                             0x08000a29   Thumb Code    64  key.o(i.Key_GetState)
    Key_Init                                 0x08000a6d   Thumb Code    56  key.o(i.Key_Init)
    Led_Init                                 0x08000aa9   Thumb Code    56  led.o(i.Led_Init)
    Led_TurnOff                              0x08000b2d   Thumb Code    14  led.o(i.Led_TurnOff)
    Led_TurnOn                               0x08000b3b   Thumb Code    14  led.o(i.Led_TurnOn)
    RCC_AHBPeriphClockCmd                    0x08000dbd   Thumb Code    28  stm32f0xx_rcc.o(i.RCC_AHBPeriphClockCmd)
    RCC_APB2PeriphClockCmd                   0x08000ddd   Thumb Code    28  stm32f0xx_rcc.o(i.RCC_APB2PeriphClockCmd)
    SysTick_Handler                          0x08000ed5   Thumb Code    12  systick.o(i.SysTick_Handler)
    SystemInit                               0x08000ee5   Thumb Code   110  system_stm32f0xx.o(i.SystemInit)
    Systick_GetTick                          0x08000f61   Thumb Code     6  systick.o(i.Systick_GetTick)
    TaskA                                    0x08000f6d   Thumb Code    20  apos.o(i.TaskA)
    TaskCounter                              0x08000f81   Thumb Code    64  taskcounter.o(i.TaskCounter)
    TaskKey                                  0x08000fd9   Thumb Code   174  taskkey.o(i.TaskKey)
    TaskLed                                  0x080010c9   Thumb Code    76  taskled.o(i.TaskLed)
    TaskMandelbrot                           0x08001125   Thumb Code    18  taskmandelbrot.o(i.TaskMandelbrot)
    TaskPoti                                 0x08001141   Thumb Code    46  taskpoti.o(i.TaskPoti)
    TaskWatch                                0x08001181   Thumb Code    78  taskwatch.o(i.TaskWatch)
    Tft_ClearScreen                          0x080011ed   Thumb Code    30  tftdisplay.o(i.Tft_ClearScreen)
    Tft_DrawChar                             0x08001211   Thumb Code   226  tftdisplay.o(i.Tft_DrawChar)
    Tft_DrawPixel                            0x080012fd   Thumb Code    60  tftdisplay.o(i.Tft_DrawPixel)
    Tft_DrawString                           0x08001341   Thumb Code    64  tftdisplay.o(i.Tft_DrawString)
    Tft_Init                                 0x08001385   Thumb Code    84  tftdisplay.o(i.Tft_Init)
    Tft_SetFont                              0x08001431   Thumb Code    52  tftdisplay.o(i.Tft_SetFont)
    Tft_SetForegroundColourRgb16             0x08001469   Thumb Code     6  tftdisplay.o(i.Tft_SetForegroundColourRgb16)
    Tick_InitSysTick                         0x08001655   Thumb Code    54  systick.o(i.Tick_InitSysTick)
    __0snprintf$6                            0x08001699   Thumb Code    50  printf6.o(i.__0snprintf$6)
    __1snprintf$6                            0x08001699   Thumb Code     0  printf6.o(i.__0snprintf$6)
    __2snprintf                              0x08001699   Thumb Code     0  printf6.o(i.__0snprintf$6)
    __ARM_clz                                0x080016d1   Thumb Code    46  depilogue.o(i.__ARM_clz)
    __ARM_common_switch8                     0x080016ff   Thumb Code    28  led.o(i.__ARM_common_switch8)
    __aeabi_assert                           0x0800171b   Thumb Code    60  main.o(i.__aeabi_assert)
    __scatterload_copy                       0x08001757   Thumb Code    14  handlers.o(i.__scatterload_copy)
    __scatterload_null                       0x08001765   Thumb Code     2  handlers.o(i.__scatterload_null)
    __scatterload_zeroinit                   0x08001767   Thumb Code    14  handlers.o(i.__scatterload_zeroinit)
    main                                     0x08001add   Thumb Code   206  main.o(i.main)
    malloc                                   0x08001bdd   Thumb Code    92  malloc.o(i.malloc)
    TftFont_16x24                            0x08003260   Data          16  tftfont_16x24.o(.constdata)
    Region$$Table$$Base                      0x08003278   Number         0  anon$$obj.o(Region$$Table)
    Region$$Table$$Limit                     0x08003298   Number         0  anon$$obj.o(Region$$Table)
    SystemCoreClock                          0x20000018   Data           4  system_stm32f0xx.o(.data)
    AHBPrescTable                            0x2000001c   Data          16  system_stm32f0xx.o(.data)
    __microlib_freelist                      0x20000060   Data           4  mvars.o(.data)
    __microlib_freelist_initialised          0x20000064   Data           4  mvars.o(.data)
    __heap_base                              0x200000c8   Data           0  startup_stm32f072.o(HEAP)
    __heap_limit                             0x200002c8   Data           0  startup_stm32f072.o(HEAP)
    __initial_sp                             0x200006c8   Data           0  startup_stm32f072.o(STACK)



==============================================================================

Memory Map of the image

  Image Entry point : 0x080000c1

  Load Region LR_IROM1 (Base: 0x08000000, Size: 0x00003300, Max: 0x00020000, ABSOLUTE)

    Execution Region ER_IROM1 (Exec base: 0x08000000, Load base: 0x08000000, Size: 0x00003298, Max: 0x00020000, ABSOLUTE)

    Exec Addr    Load Addr    Size         Type   Attr      Idx    E Section Name        Object

    0x08000000   0x08000000   0x000000c0   Data   RO         4239    RESET               startup_stm32f072.o
    0x080000c0   0x080000c0   0x00000000   Code   RO         4516  * .ARM.Collect$$$$00000000  mc_p.l(entry.o)
    0x080000c0   0x080000c0   0x00000004   Code   RO         4806    .ARM.Collect$$$$00000001  mc_p.l(entry2.o)
    0x080000c4   0x080000c4   0x00000004   Code   RO         4809    .ARM.Collect$$$$00000004  mc_p.l(entry5.o)
    0x080000c8   0x080000c8   0x00000000   Code   RO         4811    .ARM.Collect$$$$00000008  mc_p.l(entry7b.o)
    0x080000c8   0x080000c8   0x00000000   Code   RO         4813    .ARM.Collect$$$$0000000A  mc_p.l(entry8b.o)
    0x080000c8   0x080000c8   0x00000008   Code   RO         4814    .ARM.Collect$$$$0000000B  mc_p.l(entry9a.o)
    0x080000d0   0x080000d0   0x00000004   Code   RO         4821    .ARM.Collect$$$$0000000E  mc_p.l(entry12b.o)
    0x080000d4   0x080000d4   0x00000000   Code   RO         4816    .ARM.Collect$$$$0000000F  mc_p.l(entry10a.o)
    0x080000d4   0x080000d4   0x00000000   Code   RO         4818    .ARM.Collect$$$$00000011  mc_p.l(entry11a.o)
    0x080000d4   0x080000d4   0x00000004   Code   RO         4807    .ARM.Collect$$$$00002712  mc_p.l(entry2.o)
    0x080000d8   0x080000d8   0x00000072   Code   RO          664    .text               apos_1.o
    0x0800014a   0x0800014a   0x00000002   PAD
    0x0800014c   0x0800014c   0x00000028   Code   RO         4240    .text               startup_stm32f072.o
    0x08000174   0x08000174   0x0000002c   Code   RO         4519    .text               mc_p.l(uidiv.o)
    0x080001a0   0x080001a0   0x00000028   Code   RO         4521    .text               mc_p.l(idiv.o)
    0x080001c8   0x080001c8   0x0000001a   Code   RO         4525    .text               mc_p.l(strncpy.o)
    0x080001e2   0x080001e2   0x0000000e   Code   RO         4527    .text               mc_p.l(strlen.o)
    0x080001f0   0x080001f0   0x00000012   Code   RO         4529    .text               mc_p.l(strcpy.o)
    0x08000202   0x08000202   0x0000001c   Code   RO         4794    .text               mc_p.l(calloc.o)
    0x0800021e   0x0800021e   0x00000002   PAD
    0x08000220   0x08000220   0x00000168   Code   RO         4796    .text               mf_p.l(dadd.o)
    0x08000388   0x08000388   0x000000d0   Code   RO         4798    .text               mf_p.l(dmul.o)
    0x08000458   0x08000458   0x000000f0   Code   RO         4800    .text               mf_p.l(ddiv.o)
    0x08000548   0x08000548   0x0000001c   Code   RO         4802    .text               mf_p.l(dfltui.o)
    0x08000564   0x08000564   0x00000028   Code   RO         4804    .text               mf_p.l(cdrcmple.o)
    0x0800058c   0x0800058c   0x00000020   Code   RO         4827    .text               mc_p.l(llshl.o)
    0x080005ac   0x080005ac   0x00000026   Code   RO         4829    .text               mc_p.l(llsshr.o)
    0x080005d2   0x080005d2   0x00000000   Code   RO         4859    .text               mc_p.l(iusefp.o)
    0x080005d2   0x080005d2   0x000000be   Code   RO         4860    .text               mf_p.l(depilogue.o)
    0x08000690   0x08000690   0x00000024   Code   RO         4866    .text               mc_p.l(init.o)
    0x080006b4   0x080006b4   0x00000022   Code   RO         4869    .text               mc_p.l(llushr.o)
    0x080006d6   0x080006d6   0x00000018   Code   RO          679    i.ADC_Cmd           stm32f0xx_adc.o
    0x080006ee   0x080006ee   0x00000008   Code   RO          686    i.ADC_GetConversionValue  stm32f0xx_adc.o
    0x080006f6   0x080006f6   0x00000030   Code   RO          687    i.ADC_GetFlagStatus  stm32f0xx_adc.o
    0x08000726   0x08000726   0x00000002   PAD
    0x08000728   0x08000728   0x0000002c   Code   RO          690    i.ADC_Init          stm32f0xx_adc.o
    0x08000754   0x08000754   0x0000000a   Code   RO          693    i.ADC_StartOfConversion  stm32f0xx_adc.o
    0x0800075e   0x0800075e   0x00000002   PAD
    0x08000760   0x08000760   0x00000068   Code   RO          552    i.APOS_Scheduler    apos.o
    0x080007c8   0x080007c8   0x0000007c   Code   RO          554    i.APOS_TASK_Create  apos.o
    0x08000844   0x08000844   0x00000068   Code   RO          291    i.Adc_GetValue      adc.o
    0x080008ac   0x080008ac   0x0000003c   Code   RO          292    i.Adc_Init          adc.o
    0x080008e8   0x080008e8   0x00000020   Code   RO          293    i.Adc_SetChannel    adc.o
    0x08000908   0x08000908   0x00000014   Code   RO          555    i.Debug_TaskOff_A   apos.o
    0x0800091c   0x0800091c   0x00000014   Code   RO          558    i.Debug_TaskOn_A    apos.o
    0x08000930   0x08000930   0x00000090   Code   RO         1928    i.GPIO_Init         stm32f0xx_gpio.o
    0x080009c0   0x080009c0   0x00000014   Code   RO         1932    i.GPIO_ReadInputDataBit  stm32f0xx_gpio.o
    0x080009d4   0x080009d4   0x00000018   Code   RO         1937    i.GPIO_StructInit   stm32f0xx_gpio.o
    0x080009ec   0x080009ec   0x0000000c   Code   RO         1939    i.GPIO_WriteBit     stm32f0xx_gpio.o
    0x080009f8   0x080009f8   0x00000030   Code   RO          389    i.GPIO_setup        main.o
    0x08000a28   0x08000a28   0x00000044   Code   RO            3    i.Key_GetState      key.o
    0x08000a6c   0x08000a6c   0x0000003c   Code   RO            4    i.Key_Init          key.o
    0x08000aa8   0x08000aa8   0x0000003c   Code   RO          129    i.Led_Init          led.o
    0x08000ae4   0x08000ae4   0x00000048   Code   RO          130    i.Led_Switch        led.o
    0x08000b2c   0x08000b2c   0x0000000e   Code   RO          131    i.Led_TurnOff       led.o
    0x08000b3a   0x08000b3a   0x0000000e   Code   RO          132    i.Led_TurnOn        led.o
    0x08000b48   0x08000b48   0x000001fc   Code   RO         4431    i.MandelBrot        taskmandelbrot.o
    0x08000d44   0x08000d44   0x00000078   Code   RO          326    i.NVIC_SetPriority  systick.o
    0x08000dbc   0x08000dbc   0x00000020   Code   RO         2448    i.RCC_AHBPeriphClockCmd  stm32f0xx_rcc.o
    0x08000ddc   0x08000ddc   0x00000020   Code   RO         2452    i.RCC_APB2PeriphClockCmd  stm32f0xx_rcc.o
    0x08000dfc   0x08000dfc   0x000000d8   Code   RO         4246    i.SetSysClock       system_stm32f0xx.o
    0x08000ed4   0x08000ed4   0x00000010   Code   RO          327    i.SysTick_Handler   systick.o
    0x08000ee4   0x08000ee4   0x0000007c   Code   RO         4248    i.SystemInit        system_stm32f0xx.o
    0x08000f60   0x08000f60   0x0000000c   Code   RO          328    i.Systick_GetTick   systick.o
    0x08000f6c   0x08000f6c   0x00000014   Code   RO          561    i.TaskA             apos.o
    0x08000f80   0x08000f80   0x00000058   Code   RO         4328    i.TaskCounter       taskcounter.o
    0x08000fd8   0x08000fd8   0x000000f0   Code   RO         4367    i.TaskKey           taskkey.o
    0x080010c8   0x080010c8   0x0000005c   Code   RO         4400    i.TaskLed           taskled.o
    0x08001124   0x08001124   0x0000001c   Code   RO         4432    i.TaskMandelbrot    taskmandelbrot.o
    0x08001140   0x08001140   0x00000040   Code   RO         4461    i.TaskPoti          taskpoti.o
    0x08001180   0x08001180   0x0000006c   Code   RO         4489    i.TaskWatch         taskwatch.o
    0x080011ec   0x080011ec   0x00000024   Code   RO          171    i.Tft_ClearScreen   tftdisplay.o
    0x08001210   0x08001210   0x000000ec   Code   RO          172    i.Tft_DrawChar      tftdisplay.o
    0x080012fc   0x080012fc   0x00000044   Code   RO          174    i.Tft_DrawPixel     tftdisplay.o
    0x08001340   0x08001340   0x00000044   Code   RO          175    i.Tft_DrawString    tftdisplay.o
    0x08001384   0x08001384   0x0000005c   Code   RO          177    i.Tft_Init          tftdisplay.o
    0x080013e0   0x080013e0   0x00000050   Code   RO          178    i.Tft_InitGPIOs     tftdisplay.o
    0x08001430   0x08001430   0x00000038   Code   RO          180    i.Tft_SetFont       tftdisplay.o
    0x08001468   0x08001468   0x0000000c   Code   RO          181    i.Tft_SetForegroundColourRgb16  tftdisplay.o
    0x08001474   0x08001474   0x0000012c   Code   RO          182    i.Tft_SetWindow     tftdisplay.o
    0x080015a0   0x080015a0   0x0000000e   Code   RO          183    i.Tft_ToBSRRValue   tftdisplay.o
    0x080015ae   0x080015ae   0x00000002   PAD
    0x080015b0   0x080015b0   0x00000018   Code   RO          184    i.Tft_WriteCmd      tftdisplay.o
    0x080015c8   0x080015c8   0x00000020   Code   RO          185    i.Tft_WriteData     tftdisplay.o
    0x080015e8   0x080015e8   0x00000012   Code   RO          186    i.Tft_WritePixel    tftdisplay.o
    0x080015fa   0x080015fa   0x00000002   PAD
    0x080015fc   0x080015fc   0x00000058   Code   RO          187    i.Tft_WritePixels   tftdisplay.o
    0x08001654   0x08001654   0x00000044   Code   RO          329    i.Tick_InitSysTick  systick.o
    0x08001698   0x08001698   0x00000038   Code   RO         4689    i.__0snprintf$6     mc_p.l(printf6.o)
    0x080016d0   0x080016d0   0x0000002e   Code   RO         4862    i.__ARM_clz         mf_p.l(depilogue.o)
    0x080016fe   0x080016fe   0x0000001c   Code   RO          161    i.__ARM_common_switch8  led.o
    0x0800171a   0x0800171a   0x0000003c   Code   RO          390    i.__aeabi_assert    main.o
    0x08001756   0x08001756   0x0000000e   Code   RO         4876    i.__scatterload_copy  mc_p.l(handlers.o)
    0x08001764   0x08001764   0x00000002   Code   RO         4877    i.__scatterload_null  mc_p.l(handlers.o)
    0x08001766   0x08001766   0x0000000e   Code   RO         4878    i.__scatterload_zeroinit  mc_p.l(handlers.o)
    0x08001774   0x08001774   0x00000304   Code   RO         4695    i._printf_core      mc_p.l(printf6.o)
    0x08001a78   0x08001a78   0x00000020   Code   RO         4696    i._printf_post_padding  mc_p.l(printf6.o)
    0x08001a98   0x08001a98   0x0000002c   Code   RO         4697    i._printf_pre_padding  mc_p.l(printf6.o)
    0x08001ac4   0x08001ac4   0x00000016   Code   RO         4698    i._snputc           mc_p.l(printf6.o)
    0x08001ada   0x08001ada   0x00000002   PAD
    0x08001adc   0x08001adc   0x00000100   Code   RO          391    i.main              main.o
    0x08001bdc   0x08001bdc   0x0000006c   Code   RO         4832    i.malloc            mc_p.l(malloc.o)
    0x08001c48   0x08001c48   0x00000014   Code   RO          392    i.resCounterLED     main.o
    0x08001c5c   0x08001c5c   0x00000014   Code   RO          393    i.resKeyLED         main.o
    0x08001c70   0x08001c70   0x00000014   Code   RO          394    i.resLedLED         main.o
    0x08001c84   0x08001c84   0x00000014   Code   RO          395    i.resMandelbrotLED  main.o
    0x08001c98   0x08001c98   0x00000014   Code   RO          396    i.resPotiLED        main.o
    0x08001cac   0x08001cac   0x00000014   Code   RO          397    i.resSysTickLED     main.o
    0x08001cc0   0x08001cc0   0x00000014   Code   RO          398    i.resWatchLED       main.o
    0x08001cd4   0x08001cd4   0x00000014   Code   RO          399    i.setCounterLED     main.o
    0x08001ce8   0x08001ce8   0x00000014   Code   RO          400    i.setKeyLED         main.o
    0x08001cfc   0x08001cfc   0x00000014   Code   RO          401    i.setLedLED         main.o
    0x08001d10   0x08001d10   0x00000014   Code   RO          402    i.setMandelbrotLED  main.o
    0x08001d24   0x08001d24   0x00000014   Code   RO          403    i.setPotiLED        main.o
    0x08001d38   0x08001d38   0x00000014   Code   RO          404    i.setSysTickLED     main.o
    0x08001d4c   0x08001d4c   0x00000014   Code   RO          405    i.setWatchLED       main.o
    0x08001d60   0x08001d60   0x00001510   Data   RO         4314    .constdata          tftfont_16x24.o
    0x08003270   0x08003270   0x00000006   Data   RO         4369    .constdata          taskkey.o
    0x08003276   0x08003276   0x00000002   PAD
    0x08003278   0x08003278   0x00000020   Data   RO         4874    Region$$Table       anon$$obj.o


    Execution Region RW_IRAM1 (Exec base: 0x20000000, Load base: 0x08003298, Size: 0x000006c8, Max: 0x00004000, ABSOLUTE)

    Exec Addr    Load Addr    Size         Type   Attr      Idx    E Section Name        Object

    0x20000000   0x08003298   0x00000008   Data   RW          188    .data               tftdisplay.o
    0x20000008   0x080032a0   0x00000004   Data   RW          330    .data               systick.o
    0x2000000c   0x080032a4   0x0000000c   Data   RW          567    .data               apos.o
    0x20000018   0x080032b0   0x00000014   Data   RW         4249    .data               system_stm32f0xx.o
    0x2000002c   0x080032c4   0x00000008   Data   RW         4330    .data               taskcounter.o
    0x20000034   0x080032cc   0x00000005   Data   RW         4370    .data               taskkey.o
    0x20000039   0x080032d1   0x00000003   PAD
    0x2000003c   0x080032d4   0x0000000d   Data   RW         4401    .data               taskled.o
    0x20000049   0x080032e1   0x00000003   PAD
    0x2000004c   0x080032e4   0x00000010   Data   RW         4433    .data               taskmandelbrot.o
    0x2000005c   0x080032f4   0x00000004   Data   RW         4491    .data               taskwatch.o
    0x20000060   0x080032f8   0x00000004   Data   RW         4871    .data               mc_p.l(mvars.o)
    0x20000064   0x080032fc   0x00000004   Data   RW         4872    .data               mc_p.l(mvars.o)
    0x20000068        -       0x00000028   Zero   RW          566    .bss                apos.o
    0x20000090        -       0x0000000e   Zero   RW         4329    .bss                taskcounter.o
    0x2000009e        -       0x0000000c   Zero   RW         4368    .bss                taskkey.o
    0x200000aa        -       0x0000000e   Zero   RW         4462    .bss                taskpoti.o
    0x200000b8        -       0x0000000e   Zero   RW         4490    .bss                taskwatch.o
    0x200000c6   0x08003300   0x00000002   PAD
    0x200000c8        -       0x00000200   Zero   RW         4238    HEAP                startup_stm32f072.o
    0x200002c8        -       0x00000400   Zero   RW         4237    STACK               startup_stm32f072.o


==============================================================================

Image component sizes


      Code (inc. data)   RO Data    RW Data    ZI Data      Debug   Object Name

       196         28          0          0          0       2087   adc.o
       288         34          0         12         40       3087   apos.o
       114          0          0          0          0        416   apos_1.o
       128          8          0          0          0     163390   key.o
       188         18          0          0          0       2662   led.o
       644        134          0          0          0       7505   main.o
        40         10        192          0       1536        592   startup_stm32f072.o
       134          4          0          0          0       3038   stm32f0xx_adc.o
       200          4          0          0          0       2602   stm32f0xx_gpio.o
        64          8          0          0          0       1061   stm32f0xx_rcc.o
       340         24          0         20          0       1545   system_stm32f0xx.o
       216         34          0          4          0     151675   systick.o
        88         24          0          8         14       1142   taskcounter.o
       240         66          6          5         12       1310   taskkey.o
        92         16          0         13          0       1450   taskled.o
       536         48          0         16          0       1941   taskmandelbrot.o
        64         18          0          0         14       1019   taskpoti.o
       108         30          0          4         14       1188   taskwatch.o
      1124        180          0          8          0       9006   tftdisplay.o
         0          0       5392          0          0        512   tftfont_16x24.o
         0          0          0          0          0        364   tftfont_6x8.o

    ----------------------------------------------------------------------
      4814        688       5624         96       1632     357592   Object Totals
         0          0         32          0          0          0   (incl. Generated)
        10          0          2          6          2          0   (incl. Padding)

    ----------------------------------------------------------------------

      Code (inc. data)   RO Data    RW Data    ZI Data      Debug   Library Member Name

        28          0          0          0          0         68   calloc.o
         0          0          0          0          0          0   entry.o
         0          0          0          0          0          0   entry10a.o
         0          0          0          0          0          0   entry11a.o
         4          0          0          0          0          0   entry12b.o
         8          4          0          0          0          0   entry2.o
         4          0          0          0          0          0   entry5.o
         0          0          0          0          0          0   entry7b.o
         0          0          0          0          0          0   entry8b.o
         8          4          0          0          0          0   entry9a.o
        30          0          0          0          0          0   handlers.o
        40          0          0          0          0         72   idiv.o
        36          8          0          0          0         68   init.o
         0          0          0          0          0          0   iusefp.o
        32          0          0          0          0         68   llshl.o
        38          0          0          0          0         68   llsshr.o
        34          0          0          0          0         68   llushr.o
       108         16          0          0          0         76   malloc.o
         0          0          0          8          0          0   mvars.o
       926         10          0          0          0        392   printf6.o
        18          0          0          0          0         60   strcpy.o
        14          0          0          0          0         60   strlen.o
        26          0          0          0          0         68   strncpy.o
        44          0          0          0          0         72   uidiv.o
        40          2          0          0          0         68   cdrcmple.o
       360          6          0          0          0        140   dadd.o
       240          6          0          0          0         84   ddiv.o
       236          0          0          0          0        216   depilogue.o
        28          4          0          0          0         68   dfltui.o
       208          6          0          0          0         88   dmul.o

    ----------------------------------------------------------------------
      2514         66          0          8          0       1804   Library Totals
         4          0          0          0          0          0   (incl. Padding)

    ----------------------------------------------------------------------

      Code (inc. data)   RO Data    RW Data    ZI Data      Debug   Library Name

      1398         42          0          8          0       1140   mc_p.l
      1112         24          0          0          0        664   mf_p.l

    ----------------------------------------------------------------------
      2514         66          0          8          0       1804   Library Totals

    ----------------------------------------------------------------------

==============================================================================


      Code (inc. data)   RO Data    RW Data    ZI Data      Debug   

      7328        754       5624        104       1632     355660   Grand Totals
      7328        754       5624        104       1632     355660   ELF Image Totals
      7328        754       5624        104          0          0   ROM Totals

==============================================================================

    Total RO  Size (Code + RO Data)                12952 (  12.65kB)
    Total RW  Size (RW Data + ZI Data)              1736 (   1.70kB)
    Total ROM Size (Code + RO Data + RW Data)      13056 (  12.75kB)

==============================================================================

