Component: ARM Compiler 5.06 update 7 (build 960) Tool: armlink [4d3601]

==============================================================================

Section Cross References

    key.o(i.Key_GetState) refers to stm32f0xx_gpio.o(i.GPIO_ReadInputDataBit) for GPIO_ReadInputDataBit
    key.o(i.Key_Init) refers to stm32f0xx_rcc.o(i.RCC_AHBPeriphClockCmd) for RCC_AHBPeriphClockCmd
    key.o(i.Key_Init) refers to stm32f0xx_gpio.o(i.GPIO_StructInit) for GPIO_StructInit
    key.o(i.Key_Init) refers to stm32f0xx_gpio.o(i.GPIO_Init) for GPIO_Init
    led.o(i.Led_Init) refers to stm32f0xx_rcc.o(i.RCC_AHBPeriphClockCmd) for RCC_AHBPeriphClockCmd
    led.o(i.Led_Init) refers to stm32f0xx_gpio.o(i.GPIO_StructInit) for GPIO_StructInit
    led.o(i.Led_Init) refers to stm32f0xx_gpio.o(i.GPIO_Init) for GPIO_Init
    led.o(i.Led_Switch) refers to led.o(i.__ARM_common_switch8) for __ARM_common_switch8
    led.o(i.Led_Switch) refers to stm32f0xx_gpio.o(i.GPIO_WriteBit) for GPIO_WriteBit
    led.o(i.Led_TurnOff) refers to led.o(i.Led_Switch) for Led_Switch
    led.o(i.Led_TurnOn) refers to led.o(i.Led_Switch) for Led_Switch
    tftdisplay.o(i.Tft_ClearScreen) refers to tftdisplay.o(i.Tft_SetWindow) for Tft_SetWindow
    tftdisplay.o(i.Tft_ClearScreen) refers to tftdisplay.o(i.Tft_WritePixels) for Tft_WritePixels
    tftdisplay.o(i.Tft_ClearScreen) refers to tftdisplay.o(.data) for Tft_Cfg
    tftdisplay.o(i.Tft_DrawChar) refers to tftdisplay.o(i.Tft_SetWindow) for Tft_SetWindow
    tftdisplay.o(i.Tft_DrawChar) refers to tftdisplay.o(i.Tft_WriteCmd) for Tft_WriteCmd
    tftdisplay.o(i.Tft_DrawChar) refers to tftdisplay.o(i.Tft_WritePixel) for Tft_WritePixel
    tftdisplay.o(i.Tft_DrawChar) refers to tftdisplay.o(.data) for Tft_Cfg
    tftdisplay.o(i.Tft_DrawHLine) refers to tftdisplay.o(i.Tft_SetWindow) for Tft_SetWindow
    tftdisplay.o(i.Tft_DrawHLine) refers to tftdisplay.o(i.Tft_WritePixels) for Tft_WritePixels
    tftdisplay.o(i.Tft_DrawHLine) refers to tftdisplay.o(.data) for Tft_Cfg
    tftdisplay.o(i.Tft_DrawPixel) refers to tftdisplay.o(i.Tft_SetWindow) for Tft_SetWindow
    tftdisplay.o(i.Tft_DrawPixel) refers to tftdisplay.o(i.Tft_WriteCmd) for Tft_WriteCmd
    tftdisplay.o(i.Tft_DrawPixel) refers to tftdisplay.o(i.Tft_WritePixel) for Tft_WritePixel
    tftdisplay.o(i.Tft_DrawPixel) refers to tftdisplay.o(.data) for Tft_Cfg
    tftdisplay.o(i.Tft_DrawString) refers to tftdisplay.o(i.Tft_DrawChar) for Tft_DrawChar
    tftdisplay.o(i.Tft_DrawString) refers to tftdisplay.o(.data) for Tft_Cfg
    tftdisplay.o(i.Tft_DrawVLine) refers to tftdisplay.o(i.Tft_SetWindow) for Tft_SetWindow
    tftdisplay.o(i.Tft_DrawVLine) refers to tftdisplay.o(i.Tft_WritePixels) for Tft_WritePixels
    tftdisplay.o(i.Tft_DrawVLine) refers to tftdisplay.o(.data) for Tft_Cfg
    tftdisplay.o(i.Tft_Init) refers to tftdisplay.o(i.Tft_InitGPIOs) for Tft_InitGPIOs
    tftdisplay.o(i.Tft_Init) refers to tftdisplay.o(i.Tft_WriteCmd) for Tft_WriteCmd
    tftdisplay.o(i.Tft_Init) refers to tftdisplay.o(i.Tft_WriteData) for Tft_WriteData
    tftdisplay.o(i.Tft_InitGPIOs) refers to stm32f0xx_rcc.o(i.RCC_AHBPeriphClockCmd) for RCC_AHBPeriphClockCmd
    tftdisplay.o(i.Tft_InitGPIOs) refers to stm32f0xx_gpio.o(i.GPIO_StructInit) for GPIO_StructInit
    tftdisplay.o(i.Tft_InitGPIOs) refers to stm32f0xx_gpio.o(i.GPIO_Init) for GPIO_Init
    tftdisplay.o(i.Tft_SetBackgroundColourRgb16) refers to tftdisplay.o(.data) for Tft_Cfg
    tftdisplay.o(i.Tft_SetFont) refers to tftdisplay.o(.data) for Tft_Cfg
    tftdisplay.o(i.Tft_SetForegroundColourRgb16) refers to tftdisplay.o(.data) for Tft_Cfg
    tftdisplay.o(i.Tft_SetWindow) refers to main.o(i.__aeabi_assert) for __aeabi_assert
    tftdisplay.o(i.Tft_SetWindow) refers to tftdisplay.o(i.Tft_WriteCmd) for Tft_WriteCmd
    tftdisplay.o(i.Tft_SetWindow) refers to tftdisplay.o(i.Tft_WriteData) for Tft_WriteData
    tftdisplay.o(i.Tft_WriteCmd) refers to tftdisplay.o(i.Tft_WriteData) for Tft_WriteData
    tftdisplay.o(i.Tft_WriteData) refers to tftdisplay.o(i.Tft_ToBSRRValue) for Tft_ToBSRRValue
    tftdisplay.o(i.Tft_WritePixel) refers to tftdisplay.o(i.Tft_WriteData) for Tft_WriteData
    tftdisplay.o(i.Tft_WritePixels) refers to tftdisplay.o(i.Tft_WriteCmd) for Tft_WriteCmd
    tftdisplay.o(i.Tft_WritePixels) refers to tftdisplay.o(i.Tft_ToBSRRValue) for Tft_ToBSRRValue
    adc.o(i.Adc_GetValue) refers to stm32f0xx_adc.o(i.ADC_GetFlagStatus) for ADC_GetFlagStatus
    adc.o(i.Adc_GetValue) refers to stm32f0xx_adc.o(i.ADC_StartOfConversion) for ADC_StartOfConversion
    adc.o(i.Adc_GetValue) refers to stm32f0xx_adc.o(i.ADC_GetConversionValue) for ADC_GetConversionValue
    adc.o(i.Adc_GetValue) refers to idiv.o(.text) for __aeabi_idivmod
    adc.o(i.Adc_Init) refers to stm32f0xx_rcc.o(i.RCC_APB2PeriphClockCmd) for RCC_APB2PeriphClockCmd
    adc.o(i.Adc_Init) refers to stm32f0xx_adc.o(i.ADC_Init) for ADC_Init
    adc.o(i.Adc_Init) refers to stm32f0xx_adc.o(i.ADC_Cmd) for ADC_Cmd
[...]
    Removing stm32f0xx_dbgmcu.o(.rev16_text), (4 bytes).
    Removing stm32f0xx_dbgmcu.o(.revsh_text), (4 bytes).
    Removing stm32f0xx_dbgmcu.o(i.DBGMCU_APB1PeriphConfig), (32 bytes).
    Removing stm32f0xx_dbgmcu.o(i.DBGMCU_APB2PeriphConfig), (32 bytes).
    Removing stm32f0xx_dbgmcu.o(i.DBGMCU_Config), (32 bytes).
    Removing stm32f0xx_dbgmcu.o(i.DBGMCU_GetDEVID), (16 bytes).
    Removing stm32f0xx_dbgmcu.o(i.DBGMCU_GetREVID), (12 bytes).
    Removing stm32f0xx_dma.o(.rev16_text), (4 bytes).
    Removing stm32f0xx_dma.o(.revsh_text), (4 bytes).
    Removing stm32f0xx_dma.o(i.DMA_ClearFlag), (12 bytes).
    Removing stm32f0xx_dma.o(i.DMA_ClearITPendingBit), (12 bytes).
    Removing stm32f0xx_dma.o(i.DMA_Cmd), (28 bytes).
    Removing stm32f0xx_dma.o(i.DMA_DeInit), (216 bytes).
    Removing stm32f0xx_dma.o(i.DMA_GetCurrDataCounter), (8 bytes).
    Removing stm32f0xx_dma.o(i.DMA_GetFlagStatus), (28 bytes).
    Removing stm32f0xx_dma.o(i.DMA_GetITStatus), (28 bytes).
    Removing stm32f0xx_dma.o(i.DMA_ITConfig), (20 bytes).
    Removing stm32f0xx_dma.o(i.DMA_Init), (64 bytes).
    Removing stm32f0xx_dma.o(i.DMA_SetCurrDataCounter), (4 bytes).
    Removing stm32f0xx_dma.o(i.DMA_StructInit), (26 bytes).
    Removing stm32f0xx_exti.o(.rev16_text), (4 bytes).
    Removing stm32f0xx_exti.o(.revsh_text), (4 bytes).
    Removing stm32f0xx_exti.o(i.EXTI_ClearFlag), (12 bytes).
    Removing stm32f0xx_exti.o(i.EXTI_ClearITPendingBit), (12 bytes).
    Removing stm32f0xx_exti.o(i.EXTI_DeInit), (32 bytes).
    Removing stm32f0xx_exti.o(i.EXTI_GenerateSWInterrupt), (16 bytes).
    Removing stm32f0xx_exti.o(i.EXTI_GetFlagStatus), (28 bytes).
    Removing stm32f0xx_exti.o(i.EXTI_GetITStatus), (28 bytes).
    Removing stm32f0xx_exti.o(i.EXTI_Init), (136 bytes).
    Removing stm32f0xx_exti.o(i.EXTI_StructInit), (16 bytes).
    Removing stm32f0xx_flash.o(.rev16_text), (4 bytes).
    Removing stm32f0xx_flash.o(.revsh_text), (4 bytes).
    Removing stm32f0xx_flash.o(i.FLASH_ClearFlag), (12 bytes).
    Removing stm32f0xx_flash.o(i.FLASH_EraseAllPages), (72 bytes).
    Removing stm32f0xx_flash.o(i.FLASH_ErasePage), (76 bytes).
    Removing stm32f0xx_flash.o(i.FLASH_GetFlagStatus), (28 bytes).
    Removing stm32f0xx_flash.o(i.FLASH_GetPrefetchBufferStatus), (28 bytes).
    Removing stm32f0xx_flash.o(i.FLASH_GetStatus), (60 bytes).
    Removing stm32f0xx_flash.o(i.FLASH_ITConfig), (32 bytes).
    Removing stm32f0xx_flash.o(i.FLASH_Lock), (20 bytes).
    Removing stm32f0xx_flash.o(i.FLASH_OB_BOOT0Config), (80 bytes).
    Removing stm32f0xx_flash.o(i.FLASH_OB_BOOT0SWConfig), (80 bytes).
    Removing stm32f0xx_flash.o(i.FLASH_OB_BOOTConfig), (80 bytes).
    Removing stm32f0xx_flash.o(i.FLASH_OB_EnableWRP), (184 bytes).
    Removing stm32f0xx_flash.o(i.FLASH_OB_Erase), (152 bytes).
    Removing stm32f0xx_flash.o(i.FLASH_OB_GetRDP), (28 bytes).
    Removing stm32f0xx_flash.o(i.FLASH_OB_GetUser), (16 bytes).
    Removing stm32f0xx_flash.o(i.FLASH_OB_GetWRP), (12 bytes).
    Removing stm32f0xx_flash.o(i.FLASH_OB_Launch), (20 bytes).
    Removing stm32f0xx_flash.o(i.FLASH_OB_Lock), (20 bytes).
    Removing stm32f0xx_flash.o(i.FLASH_OB_ProgramData), (72 bytes).
    Removing stm32f0xx_flash.o(i.FLASH_OB_RDPConfig), (144 bytes).
    Removing stm32f0xx_flash.o(i.FLASH_OB_SRAMParityConfig), (80 bytes).
    Removing stm32f0xx_flash.o(i.FLASH_OB_Unlock), (40 bytes).
    Removing stm32f0xx_flash.o(i.FLASH_OB_UserConfig), (88 bytes).
    Removing stm32f0xx_flash.o(i.FLASH_OB_VDDAConfig), (80 bytes).
    Removing stm32f0xx_flash.o(i.FLASH_OB_WriteUser), (76 bytes).
    Removing stm32f0xx_flash.o(i.FLASH_PrefetchBufferCmd), (36 bytes).
    Removing stm32f0xx_flash.o(i.FLASH_ProgramHalfWord), (68 bytes).
    Removing stm32f0xx_flash.o(i.FLASH_ProgramWord), (108 bytes).
    Removing stm32f0xx_flash.o(i.FLASH_SetLatency), (28 bytes).
    Removing stm32f0xx_flash.o(i.FLASH_Unlock), (36 bytes).
    Removing stm32f0xx_flash.o(i.FLASH_WaitForLastOperation), (40 bytes).
    Removing stm32f0xx_gpio.o(.rev16_text), (4 bytes).
    Removing stm32f0xx_gpio.o(.revsh_text), (4 bytes).
    Removing stm32f0xx_gpio.o(i.GPIO_DeInit), (176 bytes).
    Removing stm32f0xx_gpio.o(i.GPIO_PinAFConfig), (68 bytes).
    Removing stm32f0xx_gpio.o(i.GPIO_PinLockConfig), (34 bytes).
    Removing stm32f0xx_gpio.o(i.GPIO_ReadInputData), (6 bytes).
    Removing stm32f0xx_gpio.o(i.GPIO_ReadOutputData), (6 bytes).
    Removing stm32f0xx_gpio.o(i.GPIO_ReadOutputDataBit), (20 bytes).
    Removing stm32f0xx_gpio.o(i.GPIO_ResetBits), (4 bytes).
    Removing stm32f0xx_gpio.o(i.GPIO_SetBits), (4 bytes).
    Removing stm32f0xx_gpio.o(i.GPIO_Write), (4 bytes).
    Removing stm32f0xx_i2c.o(.rev16_text), (4 bytes).
    Removing stm32f0xx_i2c.o(.revsh_text), (4 bytes).
    Removing stm32f0xx_i2c.o(i.I2C_10BitAddressHeaderCmd), (28 bytes).
    Removing stm32f0xx_i2c.o(i.I2C_10BitAddressingModeCmd), (28 bytes).
    Removing stm32f0xx_i2c.o(i.I2C_AcknowledgeConfig), (28 bytes).
    Removing stm32f0xx_i2c.o(i.I2C_AutoEndCmd), (28 bytes).
    Removing stm32f0xx_i2c.o(i.I2C_CalculatePEC), (28 bytes).
    Removing stm32f0xx_i2c.o(i.I2C_ClearFlag), (4 bytes).
    Removing stm32f0xx_i2c.o(i.I2C_ClearITPendingBit), (4 bytes).
    Removing stm32f0xx_i2c.o(i.I2C_ClockTimeoutCmd), (28 bytes).
    Removing stm32f0xx_i2c.o(i.I2C_Cmd), (24 bytes).
    Removing stm32f0xx_i2c.o(i.I2C_DMACmd), (20 bytes).
    Removing stm32f0xx_i2c.o(i.I2C_DeInit), (56 bytes).
    Removing stm32f0xx_i2c.o(i.I2C_DualAddressCmd), (28 bytes).
    Removing stm32f0xx_i2c.o(i.I2C_ExtendedClockTimeoutCmd), (26 bytes).
    Removing stm32f0xx_i2c.o(i.I2C_GeneralCallCmd), (28 bytes).
    Removing stm32f0xx_i2c.o(i.I2C_GenerateSTART), (28 bytes).
    Removing stm32f0xx_i2c.o(i.I2C_GenerateSTOP), (28 bytes).
    Removing stm32f0xx_i2c.o(i.I2C_GetAddressMatched), (14 bytes).
    Removing stm32f0xx_i2c.o(i.I2C_GetFlagStatus), (28 bytes).
    Removing stm32f0xx_i2c.o(i.I2C_GetITStatus), (78 bytes).
    Removing stm32f0xx_i2c.o(i.I2C_GetPEC), (8 bytes).
    Removing stm32f0xx_i2c.o(i.I2C_GetTransferDirection), (30 bytes).
    Removing stm32f0xx_i2c.o(i.I2C_ITConfig), (20 bytes).
    Removing stm32f0xx_i2c.o(i.I2C_IdleClockTimeoutCmd), (28 bytes).
    Removing stm32f0xx_i2c.o(i.I2C_Init), (108 bytes).
    Removing stm32f0xx_i2c.o(i.I2C_MasterRequestConfig), (28 bytes).
    Removing stm32f0xx_i2c.o(i.I2C_NumberOfBytesConfig), (28 bytes).
    Removing stm32f0xx_i2c.o(i.I2C_OwnAddress2Config), (36 bytes).
    Removing stm32f0xx_i2c.o(i.I2C_PECRequestCmd), (28 bytes).
    Removing stm32f0xx_i2c.o(i.I2C_ReadRegister), (22 bytes).
    Removing stm32f0xx_i2c.o(i.I2C_ReceiveData), (8 bytes).
    Removing stm32f0xx_i2c.o(i.I2C_ReloadCmd), (28 bytes).
    Removing stm32f0xx_i2c.o(i.I2C_SMBusAlertCmd), (28 bytes).
    Removing stm32f0xx_i2c.o(i.I2C_SendData), (4 bytes).
    Removing stm32f0xx_i2c.o(i.I2C_SlaveAddressConfig), (20 bytes).
    Removing stm32f0xx_i2c.o(i.I2C_SlaveByteControlCmd), (28 bytes).
    Removing stm32f0xx_i2c.o(i.I2C_SoftwareResetCmd), (20 bytes).
    Removing stm32f0xx_i2c.o(i.I2C_StopModeCmd), (28 bytes).
    Removing stm32f0xx_i2c.o(i.I2C_StretchClockCmd), (28 bytes).
    Removing stm32f0xx_i2c.o(i.I2C_StructInit), (24 bytes).
    Removing stm32f0xx_i2c.o(i.I2C_TimeoutAConfig), (20 bytes).
    Removing stm32f0xx_i2c.o(i.I2C_TimeoutBConfig), (32 bytes).
    Removing stm32f0xx_i2c.o(i.I2C_TransferHandling), (44 bytes).
    Removing stm32f0xx_iwdg.o(.rev16_text), (4 bytes).
    Removing stm32f0xx_iwdg.o(.revsh_text), (4 bytes).
    Removing stm32f0xx_iwdg.o(i.IWDG_Enable), (16 bytes).
    Removing stm32f0xx_iwdg.o(i.IWDG_GetFlagStatus), (28 bytes).
    Removing stm32f0xx_iwdg.o(i.IWDG_ReloadCounter), (16 bytes).
    Removing stm32f0xx_iwdg.o(i.IWDG_SetPrescaler), (12 bytes).
    Removing stm32f0xx_iwdg.o(i.IWDG_SetReload), (12 bytes).
    Removing stm32f0xx_iwdg.o(i.IWDG_SetWindowValue), (12 bytes).
    Removing stm32f0xx_iwdg.o(i.IWDG_WriteAccessCmd), (12 bytes).
    Removing stm32f0xx_misc.o(.rev16_text), (4 bytes).
    Removing stm32f0xx_misc.o(.revsh_text), (4 bytes).
    Removing stm32f0xx_misc.o(i.NVIC_Init), (112 bytes).
    Removing stm32f0xx_misc.o(i.NVIC_SystemLPConfig), (32 bytes).
    Removing stm32f0xx_misc.o(i.SysTick_CLKSourceConfig), (36 bytes).
    Removing stm32f0xx_pwr.o(.rev16_text), (4 bytes).
    Removing stm32f0xx_pwr.o(.revsh_text), (4 bytes).
    Removing stm32f0xx_pwr.o(i.PWR_BackupAccessCmd), (40 bytes).
    Removing stm32f0xx_pwr.o(i.PWR_ClearFlag), (20 bytes).
    Removing stm32f0xx_pwr.o(i.PWR_DeInit), (22 bytes).
    Removing stm32f0xx_pwr.o(i.PWR_EnterSTANDBYMode), (48 bytes).
    Removing stm32f0xx_pwr.o(i.PWR_EnterSTOPMode), (100 bytes).
    Removing stm32f0xx_pwr.o(i.PWR_EnterSleepMode), (28 bytes).
    Removing stm32f0xx_pwr.o(i.PWR_GetFlagStatus), (28 bytes).
    Removing stm32f0xx_pwr.o(i.PWR_PVDCmd), (36 bytes).
    Removing stm32f0xx_pwr.o(i.PWR_PVDLevelConfig), (32 bytes).
    Removing stm32f0xx_pwr.o(i.PWR_WakeUpPinCmd), (32 bytes).
    Removing stm32f0xx_rcc.o(.rev16_text), (4 bytes).
    Removing stm32f0xx_rcc.o(.revsh_text), (4 bytes).
    Removing stm32f0xx_rcc.o(i.RCC_ADCCLKConfig), (56 bytes).
    Removing stm32f0xx_rcc.o(i.RCC_AHBPeriphResetCmd), (32 bytes).
    Removing stm32f0xx_rcc.o(i.RCC_APB1PeriphClockCmd), (32 bytes).
    Removing stm32f0xx_rcc.o(i.RCC_APB1PeriphResetCmd), (32 bytes).
    Removing stm32f0xx_rcc.o(i.RCC_APB2PeriphResetCmd), (32 bytes).
    Removing stm32f0xx_rcc.o(i.RCC_AdjustHSI14CalibrationValue), (32 bytes).
    Removing stm32f0xx_rcc.o(i.RCC_AdjustHSICalibrationValue), (32 bytes).
    Removing stm32f0xx_rcc.o(i.RCC_BackupResetCmd), (40 bytes).
    Removing stm32f0xx_rcc.o(i.RCC_CECCLKConfig), (28 bytes).
    Removing stm32f0xx_rcc.o(i.RCC_ClearFlag), (20 bytes).
    Removing stm32f0xx_rcc.o(i.RCC_ClearITPendingBit), (12 bytes).
    Removing stm32f0xx_rcc.o(i.RCC_ClockSecuritySystemCmd), (40 bytes).
    Removing stm32f0xx_rcc.o(i.RCC_DeInit), (116 bytes).
    Removing stm32f0xx_rcc.o(i.RCC_GetClocksFreq), (496 bytes).
    Removing stm32f0xx_rcc.o(i.RCC_GetFlagStatus), (72 bytes).
    Removing stm32f0xx_rcc.o(i.RCC_GetITStatus), (28 bytes).
    Removing stm32f0xx_rcc.o(i.RCC_GetSYSCLKSource), (16 bytes).
    Removing stm32f0xx_rcc.o(i.RCC_HCLKConfig), (32 bytes).
    Removing stm32f0xx_rcc.o(i.RCC_HSEConfig), (16 bytes).
    Removing stm32f0xx_rcc.o(i.RCC_HSI14ADCRequestCmd), (36 bytes).
    Removing stm32f0xx_rcc.o(i.RCC_HSI14Cmd), (36 bytes).
    Removing stm32f0xx_rcc.o(i.RCC_HSI48Cmd), (40 bytes).
    Removing stm32f0xx_rcc.o(i.RCC_HSICmd), (36 bytes).
    Removing stm32f0xx_rcc.o(i.RCC_I2CCLKConfig), (28 bytes).
    Removing stm32f0xx_rcc.o(i.RCC_ITConfig), (32 bytes).
    Removing stm32f0xx_rcc.o(i.RCC_LSEConfig), (40 bytes).
    Removing stm32f0xx_rcc.o(i.RCC_LSEDriveConfig), (28 bytes).
    Removing stm32f0xx_rcc.o(i.RCC_LSICmd), (36 bytes).
    Removing stm32f0xx_rcc.o(i.RCC_MCOConfig), (28 bytes).
    Removing stm32f0xx_rcc.o(i.RCC_PCLKConfig), (36 bytes).
    Removing stm32f0xx_rcc.o(i.RCC_PLLCmd), (40 bytes).
    Removing stm32f0xx_rcc.o(i.RCC_PLLConfig), (36 bytes).
    Removing stm32f0xx_rcc.o(i.RCC_PREDIV1Config), (28 bytes).
    Removing stm32f0xx_rcc.o(i.RCC_RTCCLKCmd), (40 bytes).
    Removing stm32f0xx_rcc.o(i.RCC_RTCCLKConfig), (16 bytes).
    Removing stm32f0xx_rcc.o(i.RCC_SYSCLKConfig), (28 bytes).
    Removing stm32f0xx_rcc.o(i.RCC_USARTCLKConfig), (52 bytes).
    Removing stm32f0xx_rcc.o(i.RCC_USBCLKConfig), (28 bytes).
    Removing stm32f0xx_rcc.o(i.RCC_WaitForHSEStartUp), (60 bytes).
    Removing stm32f0xx_rcc.o(.data), (16 bytes).
    Removing stm32f0xx_rtc.o(.rev16_text), (4 bytes).
    Removing stm32f0xx_rtc.o(.revsh_text), (4 bytes).
    Removing stm32f0xx_rtc.o(i.RTC_AlarmCmd), (112 bytes).
    Removing stm32f0xx_rtc.o(i.RTC_AlarmStructInit), (22 bytes).
    Removing stm32f0xx_rtc.o(i.RTC_AlarmSubSecondConfig), (40 bytes).
    Removing stm32f0xx_rtc.o(i.RTC_Bcd2ToByte), (26 bytes).
    Removing stm32f0xx_rtc.o(i.RTC_BypassShadowCmd), (52 bytes).
    Removing stm32f0xx_rtc.o(i.RTC_ByteToBcd2), (28 bytes).
    Removing stm32f0xx_rtc.o(i.RTC_CalibOutputCmd), (56 bytes).
    Removing stm32f0xx_rtc.o(i.RTC_CalibOutputConfig), (44 bytes).
    Removing stm32f0xx_rtc.o(i.RTC_ClearFlag), (32 bytes).
    Removing stm32f0xx_rtc.o(i.RTC_ClearITPendingBit), (36 bytes).
    Removing stm32f0xx_rtc.o(i.RTC_DateStructInit), (14 bytes).
    Removing stm32f0xx_rtc.o(i.RTC_DayLightSavingConfig), (48 bytes).
    Removing stm32f0xx_rtc.o(i.RTC_DeInit), (116 bytes).
    Removing stm32f0xx_rtc.o(i.RTC_EnterInitMode), (88 bytes).
    Removing stm32f0xx_rtc.o(i.RTC_ExitInitMode), (20 bytes).
    Removing stm32f0xx_rtc.o(i.RTC_GetAlarm), (120 bytes).
    Removing stm32f0xx_rtc.o(i.RTC_GetAlarmSubSecond), (20 bytes).
    Removing stm32f0xx_rtc.o(i.RTC_GetDate), (96 bytes).
    Removing stm32f0xx_rtc.o(i.RTC_GetFlagStatus), (44 bytes).
    Removing stm32f0xx_rtc.o(i.RTC_GetITStatus), (76 bytes).
    Removing stm32f0xx_rtc.o(i.RTC_GetStoreOperation), (16 bytes).
    Removing stm32f0xx_rtc.o(i.RTC_GetSubSecond), (16 bytes).
    Removing stm32f0xx_rtc.o(i.RTC_GetTime), (92 bytes).
    Removing stm32f0xx_rtc.o(i.RTC_GetTimeStamp), (164 bytes).
    Removing stm32f0xx_rtc.o(i.RTC_GetTimeStampSubSecond), (12 bytes).
    Removing stm32f0xx_rtc.o(i.RTC_GetWakeUpCounter), (12 bytes).
    Removing stm32f0xx_rtc.o(i.RTC_ITConfig), (100 bytes).
    Removing stm32f0xx_rtc.o(i.RTC_Init), (88 bytes).
    Removing stm32f0xx_rtc.o(i.RTC_OutputConfig), (48 bytes).
    Removing stm32f0xx_rtc.o(i.RTC_OutputTypeConfig), (28 bytes).
    Removing stm32f0xx_rtc.o(i.RTC_ReadBackupRegister), (32 bytes).
    Removing stm32f0xx_rtc.o(i.RTC_RefClockCmd), (76 bytes).
    Removing stm32f0xx_rtc.o(i.RTC_SetAlarm), (216 bytes).
    Removing stm32f0xx_rtc.o(i.RTC_SetDate), (208 bytes).
    Removing stm32f0xx_rtc.o(i.RTC_SetTime), (216 bytes).
    Removing stm32f0xx_rtc.o(i.RTC_SetWakeUpCounter), (24 bytes).
    Removing stm32f0xx_rtc.o(i.RTC_SmoothCalibConfig), (96 bytes).
    Removing stm32f0xx_rtc.o(i.RTC_StructInit), (14 bytes).
    Removing stm32f0xx_rtc.o(i.RTC_SynchroShiftConfig), (124 bytes).
    Removing stm32f0xx_rtc.o(i.RTC_TamperCmd), (32 bytes).
    Removing stm32f0xx_rtc.o(i.RTC_TamperFilterConfig), (28 bytes).
    Removing stm32f0xx_rtc.o(i.RTC_TamperPinsPrechargeDuration), (28 bytes).
    Removing stm32f0xx_rtc.o(i.RTC_TamperPullUpCmd), (40 bytes).
    Removing stm32f0xx_rtc.o(i.RTC_TamperSamplingFreqConfig), (28 bytes).
    Removing stm32f0xx_rtc.o(i.RTC_TamperTriggerConfig), (36 bytes).
    Removing stm32f0xx_rtc.o(i.RTC_TimeStampCmd), (64 bytes).
    Removing stm32f0xx_rtc.o(i.RTC_TimeStampOnTamperDetectionCmd), (36 bytes).
    Removing stm32f0xx_rtc.o(i.RTC_TimeStructInit), (12 bytes).
    Removing stm32f0xx_rtc.o(i.RTC_WaitForSynchro), (108 bytes).
    Removing stm32f0xx_rtc.o(i.RTC_WakeUpClockConfig), (40 bytes).
    Removing stm32f0xx_rtc.o(i.RTC_WakeUpCmd), (116 bytes).
    Removing stm32f0xx_rtc.o(i.RTC_WriteBackupRegister), (28 bytes).
    Removing stm32f0xx_rtc.o(i.RTC_WriteProtectionCmd), (28 bytes).
    Removing stm32f0xx_spi.o(.rev16_text), (4 bytes).
    Removing stm32f0xx_spi.o(.revsh_text), (4 bytes).
    Removing stm32f0xx_spi.o(i.I2S_Cmd), (32 bytes).
    Removing stm32f0xx_spi.o(i.I2S_Init), (232 bytes).
    Removing stm32f0xx_spi.o(i.I2S_StructInit), (20 bytes).
    Removing stm32f0xx_spi.o(i.SPI_BiDirectionalLineConfig), (32 bytes).
    Removing stm32f0xx_spi.o(i.SPI_CRCLengthConfig), (20 bytes).
    Removing stm32f0xx_spi.o(i.SPI_CalculateCRC), (32 bytes).
    Removing stm32f0xx_spi.o(i.SPI_Cmd), (28 bytes).
    Removing stm32f0xx_spi.o(i.SPI_DataSizeConfig), (24 bytes).
    Removing stm32f0xx_spi.o(i.SPI_GetCRC), (16 bytes).
    Removing stm32f0xx_spi.o(i.SPI_GetCRCPolynomial), (6 bytes).
    Removing stm32f0xx_spi.o(i.SPI_GetReceptionFIFOStatus), (12 bytes).
    Removing stm32f0xx_spi.o(i.SPI_GetTransmissionFIFOStatus), (12 bytes).
    Removing stm32f0xx_spi.o(i.SPI_I2S_ClearFlag), (6 bytes).
    Removing stm32f0xx_spi.o(i.SPI_I2S_DMACmd), (20 bytes).
    Removing stm32f0xx_spi.o(i.SPI_I2S_DeInit), (60 bytes).
    Removing stm32f0xx_spi.o(i.SPI_I2S_GetFlagStatus), (20 bytes).
    Removing stm32f0xx_spi.o(i.SPI_I2S_GetITStatus), (56 bytes).
    Removing stm32f0xx_spi.o(i.SPI_I2S_ITConfig), (34 bytes).
    Removing stm32f0xx_spi.o(i.SPI_I2S_ReceiveData16), (6 bytes).
    Removing stm32f0xx_spi.o(i.SPI_I2S_SendData16), (4 bytes).
    Removing stm32f0xx_spi.o(i.SPI_Init), (88 bytes).
    Removing stm32f0xx_spi.o(i.SPI_LastDMATransferCmd), (20 bytes).
    Removing stm32f0xx_spi.o(i.SPI_NSSInternalSoftwareConfig), (32 bytes).
    Removing stm32f0xx_spi.o(i.SPI_NSSPulseModeCmd), (28 bytes).
    Removing stm32f0xx_spi.o(i.SPI_ReceiveData8), (12 bytes).
    Removing stm32f0xx_spi.o(i.SPI_RxFIFOThresholdConfig), (20 bytes).
    Removing stm32f0xx_spi.o(i.SPI_SSOutputCmd), (28 bytes).
    Removing stm32f0xx_spi.o(i.SPI_SendData8), (10 bytes).
    Removing stm32f0xx_spi.o(i.SPI_StructInit), (30 bytes).
    Removing stm32f0xx_spi.o(i.SPI_TIModeCmd), (28 bytes).
    Removing stm32f0xx_spi.o(i.SPI_TransmitCRC), (12 bytes).
    Removing stm32f0xx_syscfg.o(.rev16_text), (4 bytes).
    Removing stm32f0xx_syscfg.o(.revsh_text), (4 bytes).
    Removing stm32f0xx_syscfg.o(i.SYSCFG_BreakConfig), (16 bytes).
    Removing stm32f0xx_syscfg.o(i.SYSCFG_ClearFlag), (16 bytes).
    Removing stm32f0xx_syscfg.o(i.SYSCFG_DMAChannelRemapConfig), (32 bytes).
    Removing stm32f0xx_syscfg.o(i.SYSCFG_DeInit), (44 bytes).
    Removing stm32f0xx_syscfg.o(i.SYSCFG_EXTILineConfig), (64 bytes).
    Removing stm32f0xx_syscfg.o(i.SYSCFG_GetFlagStatus), (32 bytes).
    Removing stm32f0xx_syscfg.o(i.SYSCFG_I2CFastModePlusConfig), (32 bytes).
    Removing stm32f0xx_syscfg.o(i.SYSCFG_MemoryRemapConfig), (28 bytes).
    Removing stm32f0xx_tim.o(.rev16_text), (4 bytes).
    Removing stm32f0xx_tim.o(.revsh_text), (4 bytes).
    Removing stm32f0xx_tim.o(i.TI1_Config), (56 bytes).
    Removing stm32f0xx_tim.o(i.TI2_Config), (76 bytes).
    Removing stm32f0xx_tim.o(i.TI3_Config), (72 bytes).
    Removing stm32f0xx_tim.o(i.TI4_Config), (80 bytes).
    Removing stm32f0xx_tim.o(i.TIM_ARRPreloadConfig), (28 bytes).
    Removing stm32f0xx_tim.o(i.TIM_BDTRConfig), (32 bytes).
    Removing stm32f0xx_tim.o(i.TIM_BDTRStructInit), (18 bytes).
    Removing stm32f0xx_tim.o(i.TIM_CCPreloadControl), (28 bytes).
    Removing stm32f0xx_tim.o(i.TIM_CCxCmd), (30 bytes).
    Removing stm32f0xx_tim.o(i.TIM_CCxNCmd), (30 bytes).
    Removing stm32f0xx_tim.o(i.TIM_ClearFlag), (6 bytes).
    Removing stm32f0xx_tim.o(i.TIM_ClearITPendingBit), (6 bytes).
    Removing stm32f0xx_tim.o(i.TIM_ClearOC1Ref), (24 bytes).
    Removing stm32f0xx_tim.o(i.TIM_ClearOC2Ref), (20 bytes).
    Removing stm32f0xx_tim.o(i.TIM_ClearOC3Ref), (24 bytes).
    Removing stm32f0xx_tim.o(i.TIM_ClearOC4Ref), (20 bytes).
    Removing stm32f0xx_tim.o(i.TIM_Cmd), (28 bytes).
    Removing stm32f0xx_tim.o(i.TIM_CounterModeConfig), (24 bytes).
    Removing stm32f0xx_tim.o(i.TIM_CtrlPWMOutputs), (34 bytes).
    Removing stm32f0xx_tim.o(i.TIM_DMACmd), (20 bytes).
    Removing stm32f0xx_tim.o(i.TIM_DMAConfig), (12 bytes).
    Removing stm32f0xx_tim.o(i.TIM_DeInit), (260 bytes).
    Removing stm32f0xx_tim.o(i.TIM_ETRClockMode1Config), (52 bytes).
    Removing stm32f0xx_tim.o(i.TIM_ETRClockMode2Config), (34 bytes).
    Removing stm32f0xx_tim.o(i.TIM_ETRConfig), (24 bytes).
    Removing stm32f0xx_tim.o(i.TIM_EncoderInterfaceConfig), (68 bytes).
    Removing stm32f0xx_tim.o(i.TIM_ForcedOC1Config), (24 bytes).
    Removing stm32f0xx_tim.o(i.TIM_ForcedOC2Config), (24 bytes).
    Removing stm32f0xx_tim.o(i.TIM_ForcedOC3Config), (24 bytes).
    Removing stm32f0xx_tim.o(i.TIM_ForcedOC4Config), (24 bytes).
    Removing stm32f0xx_tim.o(i.TIM_GenerateEvent), (4 bytes).
    Removing stm32f0xx_tim.o(i.TIM_GetCapture1), (6 bytes).
    Removing stm32f0xx_tim.o(i.TIM_GetCapture2), (6 bytes).
    Removing stm32f0xx_tim.o(i.TIM_GetCapture3), (6 bytes).
    Removing stm32f0xx_tim.o(i.TIM_GetCapture4), (6 bytes).
    Removing stm32f0xx_tim.o(i.TIM_GetCounter), (6 bytes).
    Removing stm32f0xx_tim.o(i.TIM_GetFlagStatus), (20 bytes).
    Removing stm32f0xx_tim.o(i.TIM_GetITStatus), (38 bytes).
    Removing stm32f0xx_tim.o(i.TIM_GetPrescaler), (6 bytes).
    Removing stm32f0xx_tim.o(i.TIM_ICInit), (112 bytes).
    Removing stm32f0xx_tim.o(i.TIM_ICStructInit), (18 bytes).
    Removing stm32f0xx_tim.o(i.TIM_ITConfig), (20 bytes).
    Removing stm32f0xx_tim.o(i.TIM_ITRxExternalClockConfig), (24 bytes).
    Removing stm32f0xx_tim.o(i.TIM_InternalClockConfig), (16 bytes).
    Removing stm32f0xx_tim.o(i.TIM_OC1FastConfig), (24 bytes).
    Removing stm32f0xx_tim.o(i.TIM_OC1Init), (148 bytes).
    Removing stm32f0xx_tim.o(i.TIM_OC1NPolarityConfig), (24 bytes).
    Removing stm32f0xx_tim.o(i.TIM_OC1PolarityConfig), (24 bytes).
    Removing stm32f0xx_tim.o(i.TIM_OC1PreloadConfig), (24 bytes).
    Removing stm32f0xx_tim.o(i.TIM_OC2FastConfig), (24 bytes).
    Removing stm32f0xx_tim.o(i.TIM_OC2Init), (172 bytes).
    Removing stm32f0xx_tim.o(i.TIM_OC2NPolarityConfig), (24 bytes).
    Removing stm32f0xx_tim.o(i.TIM_OC2PolarityConfig), (24 bytes).
    Removing stm32f0xx_tim.o(i.TIM_OC2PreloadConfig), (24 bytes).
    Removing stm32f0xx_tim.o(i.TIM_OC3FastConfig), (24 bytes).
    Removing stm32f0xx_tim.o(i.TIM_OC3Init), (152 bytes).
    Removing stm32f0xx_tim.o(i.TIM_OC3NPolarityConfig), (24 bytes).
    Removing stm32f0xx_tim.o(i.TIM_OC3PolarityConfig), (24 bytes).
    Removing stm32f0xx_tim.o(i.TIM_OC3PreloadConfig), (24 bytes).
    Removing stm32f0xx_tim.o(i.TIM_OC4FastConfig), (24 bytes).
    Removing stm32f0xx_tim.o(i.TIM_OC4Init), (112 bytes).
    Removing stm32f0xx_tim.o(i.TIM_OC4PolarityConfig), (24 bytes).
    Removing stm32f0xx_tim.o(i.TIM_OC4PreloadConfig), (24 bytes).
    Removing stm32f0xx_tim.o(i.TIM_OCStructInit), (20 bytes).
    Removing stm32f0xx_tim.o(i.TIM_PWMIConfig), (124 bytes).
    Removing stm32f0xx_tim.o(i.TIM_PrescalerConfig), (6 bytes).
    Removing stm32f0xx_tim.o(i.TIM_RemapConfig), (6 bytes).
    Removing stm32f0xx_tim.o(i.TIM_SelectCCDMA), (28 bytes).
    Removing stm32f0xx_tim.o(i.TIM_SelectCOM), (28 bytes).
    Removing stm32f0xx_tim.o(i.TIM_SelectHallSensor), (28 bytes).
    Removing stm32f0xx_tim.o(i.TIM_SelectInputTrigger), (24 bytes).
    Removing stm32f0xx_tim.o(i.TIM_SelectMasterSlaveMode), (20 bytes).
    Removing stm32f0xx_tim.o(i.TIM_SelectOCREFClear), (20 bytes).
    Removing stm32f0xx_tim.o(i.TIM_SelectOCxM), (82 bytes).
    Removing stm32f0xx_tim.o(i.TIM_SelectOnePulseMode), (20 bytes).
    Removing stm32f0xx_tim.o(i.TIM_SelectOutputTrigger), (20 bytes).
    Removing stm32f0xx_tim.o(i.TIM_SelectSlaveMode), (20 bytes).
    Removing stm32f0xx_tim.o(i.TIM_SetAutoreload), (4 bytes).
    Removing stm32f0xx_tim.o(i.TIM_SetClockDivision), (20 bytes).
    Removing stm32f0xx_tim.o(i.TIM_SetCompare1), (4 bytes).
    Removing stm32f0xx_tim.o(i.TIM_SetCompare2), (4 bytes).
    Removing stm32f0xx_tim.o(i.TIM_SetCompare3), (4 bytes).
    Removing stm32f0xx_tim.o(i.TIM_SetCompare4), (4 bytes).
    Removing stm32f0xx_tim.o(i.TIM_SetCounter), (4 bytes).
    Removing stm32f0xx_tim.o(i.TIM_SetIC1Prescaler), (20 bytes).
    Removing stm32f0xx_tim.o(i.TIM_SetIC2Prescaler), (24 bytes).
    Removing stm32f0xx_tim.o(i.TIM_SetIC3Prescaler), (20 bytes).
    Removing stm32f0xx_tim.o(i.TIM_SetIC4Prescaler), (24 bytes).
    Removing stm32f0xx_tim.o(i.TIM_TIxExternalClockConfig), (58 bytes).
    Removing stm32f0xx_tim.o(i.TIM_TimeBaseInit), (124 bytes).
    Removing stm32f0xx_tim.o(i.TIM_TimeBaseStructInit), (18 bytes).
    Removing stm32f0xx_tim.o(i.TIM_UpdateDisableConfig), (28 bytes).
    Removing stm32f0xx_tim.o(i.TIM_UpdateRequestConfig), (28 bytes).
    Removing stm32f0xx_usart.o(.rev16_text), (4 bytes).
    Removing stm32f0xx_usart.o(.revsh_text), (4 bytes).
    Removing stm32f0xx_usart.o(i.USART_AddressDetectionConfig), (16 bytes).
    Removing stm32f0xx_usart.o(i.USART_AutoBaudRateCmd), (28 bytes).
    Removing stm32f0xx_usart.o(i.USART_AutoBaudRateConfig), (18 bytes).
    Removing stm32f0xx_usart.o(i.USART_ClearFlag), (4 bytes).
    Removing stm32f0xx_usart.o(i.USART_ClearITPendingBit), (18 bytes).
    Removing stm32f0xx_usart.o(i.USART_ClockInit), (36 bytes).
    Removing stm32f0xx_usart.o(i.USART_ClockStructInit), (12 bytes).
    Removing stm32f0xx_usart.o(i.USART_Cmd), (24 bytes).
    Removing stm32f0xx_usart.o(i.USART_DECmd), (28 bytes).
    Removing stm32f0xx_usart.o(i.USART_DEPolarityConfig), (18 bytes).
    Removing stm32f0xx_usart.o(i.USART_DMACmd), (20 bytes).
    Removing stm32f0xx_usart.o(i.USART_DMAReceptionErrorConfig), (18 bytes).
    Removing stm32f0xx_usart.o(i.USART_DataInvCmd), (28 bytes).
    Removing stm32f0xx_usart.o(i.USART_DeInit), (124 bytes).
    Removing stm32f0xx_usart.o(i.USART_DirectionModeCmd), (20 bytes).
    Removing stm32f0xx_usart.o(i.USART_GetFlagStatus), (20 bytes).
    Removing stm32f0xx_usart.o(i.USART_GetITStatus), (78 bytes).
    Removing stm32f0xx_usart.o(i.USART_HalfDuplexCmd), (24 bytes).
    Removing stm32f0xx_usart.o(i.USART_ITConfig), (66 bytes).
    Removing stm32f0xx_usart.o(i.USART_Init), (232 bytes).
    Removing stm32f0xx_usart.o(i.USART_InvPinCmd), (20 bytes).
    Removing stm32f0xx_usart.o(i.USART_IrDACmd), (24 bytes).
    Removing stm32f0xx_usart.o(i.USART_IrDAConfig), (16 bytes).
    Removing stm32f0xx_usart.o(i.USART_LINBreakDetectLengthConfig), (16 bytes).
    Removing stm32f0xx_usart.o(i.USART_LINCmd), (28 bytes).
    Removing stm32f0xx_usart.o(i.USART_MSBFirstCmd), (28 bytes).
    Removing stm32f0xx_usart.o(i.USART_MuteModeCmd), (28 bytes).
    Removing stm32f0xx_usart.o(i.USART_MuteModeWakeUpConfig), (18 bytes).
    Removing stm32f0xx_usart.o(i.USART_OneBitMethodCmd), (28 bytes).
    Removing stm32f0xx_usart.o(i.USART_OverSampling8Cmd), (28 bytes).
    Removing stm32f0xx_usart.o(i.USART_OverrunDetectionConfig), (18 bytes).
    Removing stm32f0xx_usart.o(i.USART_ReceiveData), (10 bytes).
    Removing stm32f0xx_usart.o(i.USART_ReceiverTimeOutCmd), (28 bytes).
    Removing stm32f0xx_usart.o(i.USART_RequestCmd), (20 bytes).
    Removing stm32f0xx_usart.o(i.USART_STOPModeCmd), (24 bytes).
    Removing stm32f0xx_usart.o(i.USART_SWAPPinCmd), (28 bytes).
    Removing stm32f0xx_usart.o(i.USART_SendData), (8 bytes).
    Removing stm32f0xx_usart.o(i.USART_SetAddress), (18 bytes).
    Removing stm32f0xx_usart.o(i.USART_SetAutoRetryCount), (20 bytes).
    Removing stm32f0xx_usart.o(i.USART_SetBlockLength), (18 bytes).
    Removing stm32f0xx_usart.o(i.USART_SetDEAssertionTime), (20 bytes).
    Removing stm32f0xx_usart.o(i.USART_SetDEDeassertionTime), (20 bytes).
    Removing stm32f0xx_usart.o(i.USART_SetGuardTime), (16 bytes).
    Removing stm32f0xx_usart.o(i.USART_SetPrescaler), (18 bytes).
    Removing stm32f0xx_usart.o(i.USART_SetReceiverTimeOut), (16 bytes).
    Removing stm32f0xx_usart.o(i.USART_SmartCardCmd), (24 bytes).
    Removing stm32f0xx_usart.o(i.USART_SmartCardNACKCmd), (24 bytes).
    Removing stm32f0xx_usart.o(i.USART_StopModeWakeUpSourceConfig), (18 bytes).
    Removing stm32f0xx_usart.o(i.USART_StructInit), (24 bytes).
    Removing stm32f0xx_wwdg.o(.rev16_text), (4 bytes).
    Removing stm32f0xx_wwdg.o(.revsh_text), (4 bytes).
    Removing stm32f0xx_wwdg.o(i.WWDG_ClearFlag), (12 bytes).
    Removing stm32f0xx_wwdg.o(i.WWDG_DeInit), (22 bytes).
    Removing stm32f0xx_wwdg.o(i.WWDG_Enable), (16 bytes).
    Removing stm32f0xx_wwdg.o(i.WWDG_EnableIT), (20 bytes).
    Removing stm32f0xx_wwdg.o(i.WWDG_GetFlagStatus), (24 bytes).
    Removing stm32f0xx_wwdg.o(i.WWDG_SetCounter), (16 bytes).
    Removing stm32f0xx_wwdg.o(i.WWDG_SetPrescaler), (32 bytes).
    Removing stm32f0xx_wwdg.o(i.WWDG_SetWindowValue), (40 bytes).
    Removing startup_stm32f072.o(HEAP), (512 bytes).
    Removing system_stm32f0xx.o(.rev16_text), (4 bytes).
    Removing system_stm32f0xx.o(.revsh_text), (4 bytes).
    Removing system_stm32f0xx.o(i.SystemCoreClockUpdate), (176 bytes).
    Removing tftfont_6x8.o(.constdata), (912 bytes).
    Removing taskcounter.o(.rev16_text), (4 bytes).
    Removing taskcounter.o(.revsh_text), (4 bytes).
    Removing taskkey.o(.rev16_text), (4 bytes).
    Removing taskkey.o(.revsh_text), (4 bytes).
    Removing taskled.o(.rev16_text), (4 bytes).
    Removing taskled.o(.revsh_text), (4 bytes).
    Removing taskmandelbrot.o(.rev16_text), (4 bytes).
    Removing taskmandelbrot.o(.revsh_text), (4 bytes).
    Removing taskpoti.o(.rev16_text), (4 bytes).
    Removing taskpoti.o(.revsh_text), (4 bytes).
    Removing taskwatch.o(.rev16_text), (4 bytes).
    Removing taskwatch.o(.revsh_text), (4 bytes).
    Removing testtask.o(i.FillTaskA), (2 bytes).
    Removing testtask.o(i.FillTaskB), (2 bytes).
    Removing testtask.o(i.FillTaskC), (2 bytes).
    Removing testtask.o(i.TaskA), (12 bytes).
    Removing testtask.o(i.TaskB), (12 bytes).
    Removing testtask.o(i.TaskC), (12 bytes).
    Removing dfixul.o(.text), (64 bytes).

623 unused section(s) (total 23892 bytes) removed from the image.

==============================================================================

Image Symbol Table

    Local Symbols

    Symbol Name                              Value     Ov Type        Size  Object(Section)

    ../clib/microlib/division.c              0x00000000   Number         0  idiv.o ABSOLUTE
    ../clib/microlib/division.c              0x00000000   Number         0  uidiv.o ABSOLUTE
    ../clib/microlib/division.c              0x00000000   Number         0  uldiv.o ABSOLUTE
    ../clib/microlib/init/entry.s            0x00000000   Number         0  entry10a.o ABSOLUTE
    ../clib/microlib/init/entry.s            0x00000000   Number         0  entry8a.o ABSOLUTE
    ../clib/microlib/init/entry.s            0x00000000   Number         0  entry8b.o ABSOLUTE
    ../clib/microlib/init/entry.s            0x00000000   Number         0  entry2.o ABSOLUTE
    ../clib/microlib/init/entry.s            0x00000000   Number         0  entry5.o ABSOLUTE
    ../clib/microlib/init/entry.s            0x00000000   Number         0  entry7a.o ABSOLUTE
    ../clib/microlib/init/entry.s            0x00000000   Number         0  entry12b.o ABSOLUTE
    ../clib/microlib/init/entry.s            0x00000000   Number         0  entry12a.o ABSOLUTE
    ../clib/microlib/init/entry.s            0x00000000   Number         0  entry11b.o ABSOLUTE
    ../clib/microlib/init/entry.s            0x00000000   Number         0  entry9a.o ABSOLUTE
    ../clib/microlib/init/entry.s            0x00000000   Number         0  entry11a.o ABSOLUTE
    ../clib/microlib/init/entry.s            0x00000000   Number         0  entry10b.o ABSOLUTE
    ../clib/microlib/init/entry.s            0x00000000   Number         0  entry.o ABSOLUTE
    ../clib/microlib/init/entry.s            0x00000000   Number         0  entry7b.o ABSOLUTE
    ../clib/microlib/init/entry.s            0x00000000   Number         0  entry9b.o ABSOLUTE
    ../clib/microlib/longlong.c              0x00000000   Number         0  llushr.o ABSOLUTE
    ../clib/microlib/longlong.c              0x00000000   Number         0  llsshr.o ABSOLUTE
    ../clib/microlib/longlong.c              0x00000000   Number         0  llshl.o ABSOLUTE
    ../clib/microlib/printf/printf.c         0x00000000   Number         0  printf6.o ABSOLUTE
    ../clib/microlib/printf/printf.c         0x00000000   Number         0  printf7.o ABSOLUTE
    ../clib/microlib/printf/printf.c         0x00000000   Number         0  printf8.o ABSOLUTE
    ../clib/microlib/printf/printf.c         0x00000000   Number         0  printfa.o ABSOLUTE
    ../clib/microlib/printf/printf.c         0x00000000   Number         0  printfb.o ABSOLUTE
    ../clib/microlib/printf/printf.c         0x00000000   Number         0  printf1.o ABSOLUTE
    ../clib/microlib/printf/printf.c         0x00000000   Number         0  printf0.o ABSOLUTE
    ../clib/microlib/printf/printf.c         0x00000000   Number         0  printf2.o ABSOLUTE
    ../clib/microlib/printf/printf.c         0x00000000   Number         0  printf3.o ABSOLUTE
    ../clib/microlib/printf/printf.c         0x00000000   Number         0  printf5.o ABSOLUTE
    ../clib/microlib/printf/printf.c         0x00000000   Number         0  printf4.o ABSOLUTE
    ../clib/microlib/printf/stubs.s          0x00000000   Number         0  stubs.o ABSOLUTE
    ../clib/microlib/stdio/fputc.c           0x00000000   Number         0  fputc.o ABSOLUTE
    ../clib/microlib/stdio/semi.s            0x00000000   Number         0  semi.o ABSOLUTE
    ../clib/microlib/stdio/streams.c         0x00000000   Number         0  stdout.o ABSOLUTE
    ../clib/microlib/string/strncpy.c        0x00000000   Number         0  strncpy.o ABSOLUTE
    ../clib/microlib/stubs.s                 0x00000000   Number         0  iusesemip.o ABSOLUTE
    ../clib/microlib/stubs.s                 0x00000000   Number         0  iusefp.o ABSOLUTE
    ../fplib/microlib/fpadd.c                0x00000000   Number         0  dadd.o ABSOLUTE
    ../fplib/microlib/fpdiv.c                0x00000000   Number         0  ddiv.o ABSOLUTE
    ../fplib/microlib/fpepilogue.c           0x00000000   Number         0  depilogue.o ABSOLUTE
    ../fplib/microlib/fpfix.c                0x00000000   Number         0  dfixul.o ABSOLUTE
    ../fplib/microlib/fpflt.c                0x00000000   Number         0  dfltui.o ABSOLUTE
    ../fplib/microlib/fpmul.c                0x00000000   Number         0  dmul.o ABSOLUTE
    cdrcmple.s                               0x00000000   Number         0  cdrcmple.o ABSOLUTE
    dc.s                                     0x00000000   Number         0  dc.o ABSOLUTE
    handlers.s                               0x00000000   Number         0  handlers.o ABSOLUTE
    init.s                                   0x00000000   Number         0  init.o ABSOLUTE
    src\APOS.c                               0x00000000   Number         0  apos.o ABSOLUTE
    src\APOS.s                               0x00000000   Number         0  apos_1.o ABSOLUTE
    src\BSP\Adc.c                            0x00000000   Number         0  adc.o ABSOLUTE
    src\BSP\Key.c                            0x00000000   Number         0  key.o ABSOLUTE
    src\BSP\Led.c                            0x00000000   Number         0  led.o ABSOLUTE
    src\BSP\TftDisplay.c                     0x00000000   Number         0  tftdisplay.o ABSOLUTE
    src\BSP\systick.c                        0x00000000   Number         0  systick.o ABSOLUTE
    src\Devices\startup_stm32f072.s          0x00000000   Number         0  startup_stm32f072.o ABSOLUTE
    src\Devices\system_stm32f0xx.c           0x00000000   Number         0  system_stm32f0xx.o ABSOLUTE
    src\Fonts\TftFont_16x24.c                0x00000000   Number         0  tftfont_16x24.o ABSOLUTE
    src\Fonts\TftFont_6x8.c                  0x00000000   Number         0  tftfont_6x8.o ABSOLUTE
    src\Tasks\TaskCounter.c                  0x00000000   Number         0  taskcounter.o ABSOLUTE
    src\Tasks\TaskKey.c                      0x00000000   Number         0  taskkey.o ABSOLUTE
    src\Tasks\TaskLed.c                      0x00000000   Number         0  taskled.o ABSOLUTE
    src\Tasks\TaskMandelbrot.c               0x00000000   Number         0  taskmandelbrot.o ABSOLUTE
    src\Tasks\TaskPoti.c                     0x00000000   Number         0  taskpoti.o ABSOLUTE
    src\Tasks\TaskWatch.c                    0x00000000   Number         0  taskwatch.o ABSOLUTE
    src\Tasks\TestTask.c                     0x00000000   Number         0  testtask.o ABSOLUTE
    src\\BSP\\Adc.c                          0x00000000   Number         0  adc.o ABSOLUTE
    src\\BSP\\Key.c                          0x00000000   Number         0  key.o ABSOLUTE
    src\\BSP\\Led.c                          0x00000000   Number         0  led.o ABSOLUTE
    src\\BSP\\TftDisplay.c                   0x00000000   Number         0  tftdisplay.o ABSOLUTE
    src\\BSP\\systick.c                      0x00000000   Number         0  systick.o ABSOLUTE
    src\\Devices\\system_stm32f0xx.c         0x00000000   Number         0  system_stm32f0xx.o ABSOLUTE
    src\\Tasks\\TaskCounter.c                0x00000000   Number         0  taskcounter.o ABSOLUTE
    src\\Tasks\\TaskKey.c                    0x00000000   Number         0  taskkey.o ABSOLUTE
    src\\Tasks\\TaskLed.c                    0x00000000   Number         0  taskled.o ABSOLUTE
    src\\Tasks\\TaskMandelbrot.c             0x00000000   Number         0  taskmandelbrot.o ABSOLUTE
    src\\Tasks\\TaskPoti.c                   0x00000000   Number         0  taskpoti.o ABSOLUTE
    src\\Tasks\\TaskWatch.c                  0x00000000   Number         0  taskwatch.o ABSOLUTE
    src\\main.c                              0x00000000   Number         0  main.o ABSOLUTE
    src\main.c                               0x00000000   Number         0  main.o ABSOLUTE
    system\\stm32f0-stdperiph\\stm32f0xx_adc.c 0x00000000   Number         0  stm32f0xx_adc.o ABSOLUTE
    system\\stm32f0-stdperiph\\stm32f0xx_can.c 0x00000000   Number         0  stm32f0xx_can.o ABSOLUTE
    system\\stm32f0-stdperiph\\stm32f0xx_cec.c 0x00000000   Number         0  stm32f0xx_cec.o ABSOLUTE
    system\\stm32f0-stdperiph\\stm32f0xx_comp.c 0x00000000   Number         0  stm32f0xx_comp.o ABSOLUTE
    system\\stm32f0-stdperiph\\stm32f0xx_crc.c 0x00000000   Number         0  stm32f0xx_crc.o ABSOLUTE
    system\\stm32f0-stdperiph\\stm32f0xx_crs.c 0x00000000   Number         0  stm32f0xx_crs.o ABSOLUTE
    system\\stm32f0-stdperiph\\stm32f0xx_dac.c 0x00000000   Number         0  stm32f0xx_dac.o ABSOLUTE
    system\\stm32f0-stdperiph\\stm32f0xx_dbgmcu.c 0x00000000   Number         0  stm32f0xx_dbgmcu.o ABSOLUTE
    system\\stm32f0-stdperiph\\stm32f0xx_dma.c 0x00000000   Number         0  stm32f0xx_dma.o ABSOLUTE
    system\\stm32f0-stdperiph\\stm32f0xx_exti.c 0x00000000   Number         0  stm32f0xx_exti.o ABSOLUTE
    system\\stm32f0-stdperiph\\stm32f0xx_flash.c 0x00000000   Number         0  stm32f0xx_flash.o ABSOLUTE
    system\\stm32f0-stdperiph\\stm32f0xx_gpio.c 0x00000000   Number         0  stm32f0xx_gpio.o ABSOLUTE
    system\\stm32f0-stdperiph\\stm32f0xx_i2c.c 0x00000000   Number         0  stm32f0xx_i2c.o ABSOLUTE
    system\\stm32f0-stdperiph\\stm32f0xx_iwdg.c 0x00000000   Number         0  stm32f0xx_iwdg.o ABSOLUTE
    system\\stm32f0-stdperiph\\stm32f0xx_misc.c 0x00000000   Number         0  stm32f0xx_misc.o ABSOLUTE
    system\\stm32f0-stdperiph\\stm32f0xx_pwr.c 0x00000000   Number         0  stm32f0xx_pwr.o ABSOLUTE
    system\\stm32f0-stdperiph\\stm32f0xx_rcc.c 0x00000000   Number         0  stm32f0xx_rcc.o ABSOLUTE
    system\\stm32f0-stdperiph\\stm32f0xx_rtc.c 0x00000000   Number         0  stm32f0xx_rtc.o ABSOLUTE
    system\\stm32f0-stdperiph\\stm32f0xx_spi.c 0x00000000   Number         0  stm32f0xx_spi.o ABSOLUTE
    system\\stm32f0-stdperiph\\stm32f0xx_syscfg.c 0x00000000   Number         0  stm32f0xx_syscfg.o ABSOLUTE
    system\\stm32f0-stdperiph\\stm32f0xx_tim.c 0x00000000   Number         0  stm32f0xx_tim.o ABSOLUTE
    system\\stm32f0-stdperiph\\stm32f0xx_usart.c 0x00000000   Number         0  stm32f0xx_usart.o ABSOLUTE
    system\\stm32f0-stdperiph\\stm32f0xx_wwdg.c 0x00000000   Number         0  stm32f0xx_wwdg.o ABSOLUTE
    system\stm32f0-stdperiph\stm32f0xx_adc.c 0x00000000   Number         0  stm32f0xx_adc.o ABSOLUTE
    system\stm32f0-stdperiph\stm32f0xx_can.c 0x00000000   Number         0  stm32f0xx_can.o ABSOLUTE
    system\stm32f0-stdperiph\stm32f0xx_cec.c 0x00000000   Number         0  stm32f0xx_cec.o ABSOLUTE
    system\stm32f0-stdperiph\stm32f0xx_comp.c 0x00000000   Number         0  stm32f0xx_comp.o ABSOLUTE
    system\stm32f0-stdperiph\stm32f0xx_crc.c 0x00000000   Number         0  stm32f0xx_crc.o ABSOLUTE
    system\stm32f0-stdperiph\stm32f0xx_crs.c 0x00000000   Number         0  stm32f0xx_crs.o ABSOLUTE
    system\stm32f0-stdperiph\stm32f0xx_dac.c 0x00000000   Number         0  stm32f0xx_dac.o ABSOLUTE
    system\stm32f0-stdperiph\stm32f0xx_dbgmcu.c 0x00000000   Number         0  stm32f0xx_dbgmcu.o ABSOLUTE
    system\stm32f0-stdperiph\stm32f0xx_dma.c 0x00000000   Number         0  stm32f0xx_dma.o ABSOLUTE
    system\stm32f0-stdperiph\stm32f0xx_exti.c 0x00000000   Number         0  stm32f0xx_exti.o ABSOLUTE
    system\stm32f0-stdperiph\stm32f0xx_flash.c 0x00000000   Number         0  stm32f0xx_flash.o ABSOLUTE
    system\stm32f0-stdperiph\stm32f0xx_gpio.c 0x00000000   Number         0  stm32f0xx_gpio.o ABSOLUTE
    system\stm32f0-stdperiph\stm32f0xx_i2c.c 0x00000000   Number         0  stm32f0xx_i2c.o ABSOLUTE
    system\stm32f0-stdperiph\stm32f0xx_iwdg.c 0x00000000   Number         0  stm32f0xx_iwdg.o ABSOLUTE
    system\stm32f0-stdperiph\stm32f0xx_misc.c 0x00000000   Number         0  stm32f0xx_misc.o ABSOLUTE
    system\stm32f0-stdperiph\stm32f0xx_pwr.c 0x00000000   Number         0  stm32f0xx_pwr.o ABSOLUTE
    system\stm32f0-stdperiph\stm32f0xx_rcc.c 0x00000000   Number         0  stm32f0xx_rcc.o ABSOLUTE
    system\stm32f0-stdperiph\stm32f0xx_rtc.c 0x00000000   Number         0  stm32f0xx_rtc.o ABSOLUTE
    system\stm32f0-stdperiph\stm32f0xx_spi.c 0x00000000   Number         0  stm32f0xx_spi.o ABSOLUTE
    system\stm32f0-stdperiph\stm32f0xx_syscfg.c 0x00000000   Number         0  stm32f0xx_syscfg.o ABSOLUTE
    system\stm32f0-stdperiph\stm32f0xx_tim.c 0x00000000   Number         0  stm32f0xx_tim.o ABSOLUTE
    system\stm32f0-stdperiph\stm32f0xx_usart.c 0x00000000   Number         0  stm32f0xx_usart.o ABSOLUTE
    system\stm32f0-stdperiph\stm32f0xx_wwdg.c 0x00000000   Number         0  stm32f0xx_wwdg.o ABSOLUTE
    RESET                                    0x08000000   Section      192  startup_stm32f072.o(RESET)
    .ARM.Collect$$$$00000000                 0x080000c0   Section        0  entry.o(.ARM.Collect$$$$00000000)
    .ARM.Collect$$$$00000001                 0x080000c0   Section        4  entry2.o(.ARM.Collect$$$$00000001)
    .ARM.Collect$$$$00000004                 0x080000c4   Section        4  entry5.o(.ARM.Collect$$$$00000004)
    .ARM.Collect$$$$00000008                 0x080000c8   Section        0  entry7b.o(.ARM.Collect$$$$00000008)
    .ARM.Collect$$$$0000000A                 0x080000c8   Section        0  entry8b.o(.ARM.Collect$$$$0000000A)
    .ARM.Collect$$$$0000000B                 0x080000c8   Section        8  entry9a.o(.ARM.Collect$$$$0000000B)
    .ARM.Collect$$$$0000000E                 0x080000d0   Section        4  entry12b.o(.ARM.Collect$$$$0000000E)
    .ARM.Collect$$$$0000000F                 0x080000d4   Section        0  entry10a.o(.ARM.Collect$$$$0000000F)
    .ARM.Collect$$$$00000011                 0x080000d4   Section        0  entry11a.o(.ARM.Collect$$$$00000011)
    .ARM.Collect$$$$00002712                 0x080000d4   Section        4  entry2.o(.ARM.Collect$$$$00002712)
    __lit__00000000                          0x080000d4   Data           4  entry2.o(.ARM.Collect$$$$00002712)
    .text                                    0x080000d8   Section       28  startup_stm32f072.o(.text)
    .text                                    0x080000f4   Section        0  uidiv.o(.text)
    .text                                    0x08000120   Section        0  idiv.o(.text)
    .text                                    0x08000148   Section        0  strncpy.o(.text)
    .text                                    0x08000164   Section        0  dadd.o(.text)
    .text                                    0x080002cc   Section        0  dmul.o(.text)
    .text                                    0x0800039c   Section        0  ddiv.o(.text)
    .text                                    0x0800048c   Section        0  dfltui.o(.text)
    .text                                    0x080004a8   Section       40  cdrcmple.o(.text)
    .text                                    0x080004d0   Section        0  llshl.o(.text)
    .text                                    0x080004f0   Section        0  llsshr.o(.text)
    .text                                    0x08000516   Section        0  iusefp.o(.text)
    .text                                    0x08000516   Section        0  depilogue.o(.text)
    .text                                    0x080005d4   Section       36  init.o(.text)
    .text                                    0x080005f8   Section        0  llushr.o(.text)
    i.ADC_Cmd                                0x0800061a   Section        0  stm32f0xx_adc.o(i.ADC_Cmd)
    i.ADC_GetConversionValue                 0x08000632   Section        0  stm32f0xx_adc.o(i.ADC_GetConversionValue)
    i.ADC_GetFlagStatus                      0x0800063a   Section        0  stm32f0xx_adc.o(i.ADC_GetFlagStatus)
    i.ADC_Init                               0x0800066c   Section        0  stm32f0xx_adc.o(i.ADC_Init)
    i.ADC_StartOfConversion                  0x08000698   Section        0  stm32f0xx_adc.o(i.ADC_StartOfConversion)
    i.Adc_GetValue                           0x080006a4   Section        0  adc.o(i.Adc_GetValue)
    i.Adc_Init                               0x0800070c   Section        0  adc.o(i.Adc_Init)
    i.Adc_SetChannel                         0x08000748   Section        0  adc.o(i.Adc_SetChannel)
    i.GPIO_Init                              0x08000768   Section        0  stm32f0xx_gpio.o(i.GPIO_Init)
    i.GPIO_ReadInputDataBit                  0x080007f8   Section        0  stm32f0xx_gpio.o(i.GPIO_ReadInputDataBit)
    i.GPIO_StructInit                        0x0800080c   Section        0  stm32f0xx_gpio.o(i.GPIO_StructInit)
    i.GPIO_WriteBit                          0x08000824   Section        0  stm32f0xx_gpio.o(i.GPIO_WriteBit)
    i.GPIO_setup                             0x08000830   Section        0  main.o(i.GPIO_setup)
    i.Key_GetState                           0x08000860   Section        0  key.o(i.Key_GetState)
    i.Key_Init                               0x080008a4   Section        0  key.o(i.Key_Init)
    i.Led_Init                               0x080008e0   Section        0  led.o(i.Led_Init)
    i.Led_Switch                             0x0800091c   Section        0  led.o(i.Led_Switch)
    Led_Switch                               0x0800091d   Thumb Code    66  led.o(i.Led_Switch)
    i.Led_TurnOff                            0x08000964   Section        0  led.o(i.Led_TurnOff)
    i.Led_TurnOn                             0x08000972   Section        0  led.o(i.Led_TurnOn)
    i.MandelBrot                             0x08000980   Section        0  taskmandelbrot.o(i.MandelBrot)
    MandelBrot                               0x08000981   Thumb Code   470  taskmandelbrot.o(i.MandelBrot)
    i.NVIC_SetPriority                       0x08000b7c   Section        0  systick.o(i.NVIC_SetPriority)
    NVIC_SetPriority                         0x08000b7d   Thumb Code   110  systick.o(i.NVIC_SetPriority)
    i.RCC_AHBPeriphClockCmd                  0x08000bf4   Section        0  stm32f0xx_rcc.o(i.RCC_AHBPeriphClockCmd)
    i.RCC_APB2PeriphClockCmd                 0x08000c14   Section        0  stm32f0xx_rcc.o(i.RCC_APB2PeriphClockCmd)
    i.SetSysClock                            0x08000c34   Section        0  system_stm32f0xx.o(i.SetSysClock)
    SetSysClock                              0x08000c35   Thumb Code   206  system_stm32f0xx.o(i.SetSysClock)
    i.SysTick_Handler                        0x08000d0c   Section        0  systick.o(i.SysTick_Handler)
    i.SystemInit                             0x08000d1c   Section        0  system_stm32f0xx.o(i.SystemInit)
    i.Systick_GetTick                        0x08000d98   Section        0  systick.o(i.Systick_GetTick)
    i.TaskCounter                            0x08000da4   Section        0  taskcounter.o(i.TaskCounter)
    i.TaskKey                                0x08000dfc   Section        0  taskkey.o(i.TaskKey)
    i.TaskLed                                0x08000eec   Section        0  taskled.o(i.TaskLed)
    i.TaskMandelbrot                         0x08000f48   Section        0  taskmandelbrot.o(i.TaskMandelbrot)
    i.TaskPoti                               0x08000f64   Section        0  taskpoti.o(i.TaskPoti)
    i.TaskWatch                              0x08000fa4   Section        0  taskwatch.o(i.TaskWatch)
    i.Tft_ClearScreen                        0x08001010   Section        0  tftdisplay.o(i.Tft_ClearScreen)
    i.Tft_DrawChar                           0x08001034   Section        0  tftdisplay.o(i.Tft_DrawChar)
    i.Tft_DrawPixel                          0x08001120   Section        0  tftdisplay.o(i.Tft_DrawPixel)
    i.Tft_DrawString                         0x08001164   Section        0  tftdisplay.o(i.Tft_DrawString)
    i.Tft_Init                               0x080011a8   Section        0  tftdisplay.o(i.Tft_Init)
    i.Tft_InitGPIOs                          0x08001204   Section        0  tftdisplay.o(i.Tft_InitGPIOs)
    Tft_InitGPIOs                            0x08001205   Thumb Code    68  tftdisplay.o(i.Tft_InitGPIOs)
    i.Tft_SetFont                            0x08001254   Section        0  tftdisplay.o(i.Tft_SetFont)
    i.Tft_SetForegroundColourRgb16           0x0800128c   Section        0  tftdisplay.o(i.Tft_SetForegroundColourRgb16)
    i.Tft_SetWindow                          0x08001298   Section        0  tftdisplay.o(i.Tft_SetWindow)
    Tft_SetWindow                            0x08001299   Thumb Code   192  tftdisplay.o(i.Tft_SetWindow)
    i.Tft_ToBSRRValue                        0x080013c4   Section        0  tftdisplay.o(i.Tft_ToBSRRValue)
    Tft_ToBSRRValue                          0x080013c5   Thumb Code    14  tftdisplay.o(i.Tft_ToBSRRValue)
    i.Tft_WriteCmd                           0x080013d4   Section        0  tftdisplay.o(i.Tft_WriteCmd)
    Tft_WriteCmd                             0x080013d5   Thumb Code    20  tftdisplay.o(i.Tft_WriteCmd)
    i.Tft_WriteData                          0x080013ec   Section        0  tftdisplay.o(i.Tft_WriteData)
    Tft_WriteData                            0x080013ed   Thumb Code    28  tftdisplay.o(i.Tft_WriteData)
    i.Tft_WritePixel                         0x0800140c   Section        0  tftdisplay.o(i.Tft_WritePixel)
    Tft_WritePixel                           0x0800140d   Thumb Code    18  tftdisplay.o(i.Tft_WritePixel)
    i.Tft_WritePixels                        0x08001420   Section        0  tftdisplay.o(i.Tft_WritePixels)
    Tft_WritePixels                          0x08001421   Thumb Code    82  tftdisplay.o(i.Tft_WritePixels)
    i.Tick_InitSysTick                       0x08001478   Section        0  systick.o(i.Tick_InitSysTick)
    i.__0snprintf$6                          0x080014bc   Section        0  printf6.o(i.__0snprintf$6)
    i.__ARM_clz                              0x080014f4   Section        0  depilogue.o(i.__ARM_clz)
    i.__ARM_common_switch8                   0x08001522   Section        0  led.o(i.__ARM_common_switch8)
    i.__aeabi_assert                         0x0800153e   Section        0  main.o(i.__aeabi_assert)
    i.__scatterload_copy                     0x0800157a   Section       14  handlers.o(i.__scatterload_copy)
    i.__scatterload_null                     0x08001588   Section        2  handlers.o(i.__scatterload_null)
    i.__scatterload_zeroinit                 0x0800158a   Section       14  handlers.o(i.__scatterload_zeroinit)
    i._printf_core                           0x08001598   Section        0  printf6.o(i._printf_core)
    _printf_core                             0x08001599   Thumb Code   768  printf6.o(i._printf_core)
    i._printf_post_padding                   0x0800189c   Section        0  printf6.o(i._printf_post_padding)
    _printf_post_padding                     0x0800189d   Thumb Code    32  printf6.o(i._printf_post_padding)
    i._printf_pre_padding                    0x080018bc   Section        0  printf6.o(i._printf_pre_padding)
    _printf_pre_padding                      0x080018bd   Thumb Code    44  printf6.o(i._printf_pre_padding)
    i._snputc                                0x080018e8   Section        0  printf6.o(i._snputc)
    _snputc                                  0x080018e9   Thumb Code    22  printf6.o(i._snputc)
    i.main                                   0x08001900   Section        0  main.o(i.main)
    i.resCounterLED                          0x0800197c   Section        0  main.o(i.resCounterLED)
    resCounterLED                            0x0800197d   Thumb Code    14  main.o(i.resCounterLED)
    i.resKeyLED                              0x08001990   Section        0  main.o(i.resKeyLED)
    resKeyLED                                0x08001991   Thumb Code    14  main.o(i.resKeyLED)
    i.resLedLED                              0x080019a4   Section        0  main.o(i.resLedLED)
    resLedLED                                0x080019a5   Thumb Code    16  main.o(i.resLedLED)
    i.resMandelbrotLED                       0x080019b8   Section        0  main.o(i.resMandelbrotLED)
    resMandelbrotLED                         0x080019b9   Thumb Code    16  main.o(i.resMandelbrotLED)
    i.resPotiLED                             0x080019cc   Section        0  main.o(i.resPotiLED)
    resPotiLED                               0x080019cd   Thumb Code    16  main.o(i.resPotiLED)
    i.resSysTickLED                          0x080019e0   Section        0  main.o(i.resSysTickLED)
    resSysTickLED                            0x080019e1   Thumb Code    14  main.o(i.resSysTickLED)
    i.resWatchLED                            0x080019f4   Section        0  main.o(i.resWatchLED)
    resWatchLED                              0x080019f5   Thumb Code    16  main.o(i.resWatchLED)
    i.setCounterLED                          0x08001a08   Section        0  main.o(i.setCounterLED)
    setCounterLED                            0x08001a09   Thumb Code    14  main.o(i.setCounterLED)
    i.setKeyLED                              0x08001a1c   Section        0  main.o(i.setKeyLED)
    setKeyLED                                0x08001a1d   Thumb Code    14  main.o(i.setKeyLED)
    i.setLedLED                              0x08001a30   Section        0  main.o(i.setLedLED)
    setLedLED                                0x08001a31   Thumb Code    14  main.o(i.setLedLED)
    i.setMandelbrotLED                       0x08001a44   Section        0  main.o(i.setMandelbrotLED)
    setMandelbrotLED                         0x08001a45   Thumb Code    14  main.o(i.setMandelbrotLED)
    i.setPotiLED                             0x08001a58   Section        0  main.o(i.setPotiLED)
    setPotiLED                               0x08001a59   Thumb Code    14  main.o(i.setPotiLED)
    i.setSysTickLED                          0x08001a6c   Section        0  main.o(i.setSysTickLED)
    setSysTickLED                            0x08001a6d   Thumb Code    14  main.o(i.setSysTickLED)
    i.setWatchLED                            0x08001a80   Section        0  main.o(i.setWatchLED)
    setWatchLED                              0x08001a81   Thumb Code    14  main.o(i.setWatchLED)
    .constdata                               0x08001a94   Section     5392  tftfont_16x24.o(.constdata)
    Bitmaps_16x24                            0x08001a94   Data        5376  tftfont_16x24.o(.constdata)
    .constdata                               0x08002fa4   Section        6  taskkey.o(.constdata)
    color                                    0x08002fa4   Data           6  taskkey.o(.constdata)
    .data                                    0x20000000   Section        8  tftdisplay.o(.data)
    Tft_Cfg                                  0x20000000   Data           8  tftdisplay.o(.data)
    .data                                    0x20000008   Section        4  systick.o(.data)
    msTicks                                  0x20000008   Data           4  systick.o(.data)
    .data                                    0x2000000c   Section       20  system_stm32f0xx.o(.data)
    .data                                    0x20000020   Section        8  taskcounter.o(.data)
    counter                                  0x20000020   Data           4  taskcounter.o(.data)
    lastTick                                 0x20000024   Data           4  taskcounter.o(.data)
    .data                                    0x20000028   Section        5  taskkey.o(.data)
    i                                        0x20000028   Data           4  taskkey.o(.data)
    printKey                                 0x2000002c   Data           1  taskkey.o(.data)
    .data                                    0x20000030   Section       13  taskled.o(.data)
    LED                                      0x20000030   Data           3  taskled.o(.data)
    tick                                     0x20000034   Data           4  taskled.o(.data)
    lastTick                                 0x20000038   Data           4  taskled.o(.data)
    i                                        0x2000003c   Data           1  taskled.o(.data)
    .data                                    0x20000040   Section       16  taskmandelbrot.o(.data)
    von                                      0x20000040   Data           4  taskmandelbrot.o(.data)
    bis                                      0x20000044   Data           4  taskmandelbrot.o(.data)
    intervalCnt                              0x20000048   Data           4  taskmandelbrot.o(.data)
    lastTick                                 0x2000004c   Data           4  taskmandelbrot.o(.data)
    .data                                    0x20000050   Section        4  taskwatch.o(.data)
    lastTick                                 0x20000050   Data           4  taskwatch.o(.data)
    .bss                                     0x20000054   Section       14  taskcounter.o(.bss)
    tmpBuf                                   0x20000054   Data          14  taskcounter.o(.bss)
    .bss                                     0x20000062   Section       12  taskkey.o(.bss)
    output                                   0x20000062   Data          12  taskkey.o(.bss)
    .bss                                     0x2000006e   Section       14  taskpoti.o(.bss)
    adcBuf                                   0x2000006e   Data          14  taskpoti.o(.bss)
    .bss                                     0x2000007c   Section       14  taskwatch.o(.bss)
    output                                   0x2000007c   Data          14  taskwatch.o(.bss)
    STACK                                    0x20000090   Section     1024  startup_stm32f072.o(STACK)

    Global Symbols

    Symbol Name                              Value     Ov Type        Size  Object(Section)

    BuildAttributes$$THM_ISAv3M$S$PE$A:L22$X:L11$S22$IEEE1$IW$USESV6$~STKCKD$USESV7$~SHL$OSPACE$ROPI$EBA8$MICROLIB$REQ8$PRES8$EABIv2 0x00000000   Number         0  anon$$obj.o ABSOLUTE
    __ARM_use_no_argv                        0x00000000   Number         0  main.o ABSOLUTE
    _printf_a                                0x00000000   Number         0  stubs.o ABSOLUTE
    _printf_c                                0x00000000   Number         0  stubs.o ABSOLUTE
    _printf_charcount                        0x00000000   Number         0  stubs.o ABSOLUTE
    _printf_d                                0x00000000   Number         0  stubs.o ABSOLUTE
    _printf_e                                0x00000000   Number         0  stubs.o ABSOLUTE
    _printf_f                                0x00000000   Number         0  stubs.o ABSOLUTE
    _printf_flags                            0x00000000   Number         0  stubs.o ABSOLUTE
    _printf_fp_dec                           0x00000000   Number         0  stubs.o ABSOLUTE
    _printf_fp_hex                           0x00000000   Number         0  stubs.o ABSOLUTE
    _printf_g                                0x00000000   Number         0  stubs.o ABSOLUTE
    _printf_i                                0x00000000   Number         0  stubs.o ABSOLUTE
    _printf_int_dec                          0x00000000   Number         0  stubs.o ABSOLUTE
    _printf_l                                0x00000000   Number         0  stubs.o ABSOLUTE
    _printf_lc                               0x00000000   Number         0  stubs.o ABSOLUTE
    _printf_ll                               0x00000000   Number         0  stubs.o ABSOLUTE
    _printf_lld                              0x00000000   Number         0  stubs.o ABSOLUTE
    _printf_lli                              0x00000000   Number         0  stubs.o ABSOLUTE
    _printf_llo                              0x00000000   Number         0  stubs.o ABSOLUTE
    _printf_llu                              0x00000000   Number         0  stubs.o ABSOLUTE
    _printf_llx                              0x00000000   Number         0  stubs.o ABSOLUTE
    _printf_longlong_dec                     0x00000000   Number         0  stubs.o ABSOLUTE
    _printf_longlong_hex                     0x00000000   Number         0  stubs.o ABSOLUTE
    _printf_longlong_oct                     0x00000000   Number         0  stubs.o ABSOLUTE
    _printf_ls                               0x00000000   Number         0  stubs.o ABSOLUTE
    _printf_mbtowc                           0x00000000   Number         0  stubs.o ABSOLUTE
    _printf_n                                0x00000000   Number         0  stubs.o ABSOLUTE
    _printf_o                                0x00000000   Number         0  stubs.o ABSOLUTE
    _printf_p                                0x00000000   Number         0  stubs.o ABSOLUTE
    _printf_percent                          0x00000000   Number         0  stubs.o ABSOLUTE
    _printf_pre_padding                      0x00000000   Number         0  stubs.o ABSOLUTE
    _printf_return_value                     0x00000000   Number         0  stubs.o ABSOLUTE
    _printf_s                                0x00000000   Number         0  stubs.o ABSOLUTE
    _printf_sizespec                         0x00000000   Number         0  stubs.o ABSOLUTE
    _printf_str                              0x00000000   Number         0  stubs.o ABSOLUTE
    _printf_truncate_signed                  0x00000000   Number         0  stubs.o ABSOLUTE
    _printf_truncate_unsigned                0x00000000   Number         0  stubs.o ABSOLUTE
    _printf_u                                0x00000000   Number         0  stubs.o ABSOLUTE
    _printf_wc                               0x00000000   Number         0  stubs.o ABSOLUTE
    _printf_wctomb                           0x00000000   Number         0  stubs.o ABSOLUTE
    _printf_widthprec                        0x00000000   Number         0  stubs.o ABSOLUTE
    _printf_x                                0x00000000   Number         0  stubs.o ABSOLUTE
    __arm_fini_                               - Undefined Weak Reference
    __cpp_initialize__aeabi_                  - Undefined Weak Reference
    __cxa_finalize                            - Undefined Weak Reference
    __decompress                              - Undefined Weak Reference
    _clock_init                               - Undefined Weak Reference
    _microlib_exit                            - Undefined Weak Reference
    __Vectors_Size                           0x000000c0   Number         0  startup_stm32f072.o ABSOLUTE
    __Vectors                                0x08000000   Data           4  startup_stm32f072.o(RESET)
    __Vectors_End                            0x080000c0   Data           0  startup_stm32f072.o(RESET)
    __main                                   0x080000c1   Thumb Code     0  entry.o(.ARM.Collect$$$$00000000)
    _main_stk                                0x080000c1   Thumb Code     0  entry2.o(.ARM.Collect$$$$00000001)
    _main_scatterload                        0x080000c5   Thumb Code     0  entry5.o(.ARM.Collect$$$$00000004)
    __main_after_scatterload                 0x080000c9   Thumb Code     0  entry5.o(.ARM.Collect$$$$00000004)
    _main_clock                              0x080000c9   Thumb Code     0  entry7b.o(.ARM.Collect$$$$00000008)
    _main_cpp_init                           0x080000c9   Thumb Code     0  entry8b.o(.ARM.Collect$$$$0000000A)
    _main_init                               0x080000c9   Thumb Code     0  entry9a.o(.ARM.Collect$$$$0000000B)
    __rt_lib_shutdown_fini                   0x080000d1   Thumb Code     0  entry12b.o(.ARM.Collect$$$$0000000E)
    __rt_final_cpp                           0x080000d5   Thumb Code     0  entry10a.o(.ARM.Collect$$$$0000000F)
    __rt_final_exit                          0x080000d5   Thumb Code     0  entry11a.o(.ARM.Collect$$$$00000011)
    Reset_Handler                            0x080000d9   Thumb Code     8  startup_stm32f072.o(.text)
    NMI_Handler                              0x080000e1   Thumb Code     2  startup_stm32f072.o(.text)
    HardFault_Handler                        0x080000e3   Thumb Code     2  startup_stm32f072.o(.text)
    SVC_Handler                              0x080000e5   Thumb Code     2  startup_stm32f072.o(.text)
    PendSV_Handler                           0x080000e7   Thumb Code     2  startup_stm32f072.o(.text)
    ADC1_COMP_IRQHandler                     0x080000eb   Thumb Code     0  startup_stm32f072.o(.text)
    CEC_CAN_IRQHandler                       0x080000eb   Thumb Code     0  startup_stm32f072.o(.text)
    DMA1_Channel1_IRQHandler                 0x080000eb   Thumb Code     0  startup_stm32f072.o(.text)
    DMA1_Channel2_3_IRQHandler               0x080000eb   Thumb Code     0  startup_stm32f072.o(.text)
    DMA1_Channel4_5_6_7_IRQHandler           0x080000eb   Thumb Code     0  startup_stm32f072.o(.text)
    EXTI0_1_IRQHandler                       0x080000eb   Thumb Code     0  startup_stm32f072.o(.text)
    EXTI2_3_IRQHandler                       0x080000eb   Thumb Code     0  startup_stm32f072.o(.text)
    EXTI4_15_IRQHandler                      0x080000eb   Thumb Code     0  startup_stm32f072.o(.text)
    FLASH_IRQHandler                         0x080000eb   Thumb Code     0  startup_stm32f072.o(.text)
    I2C1_IRQHandler                          0x080000eb   Thumb Code     0  startup_stm32f072.o(.text)
    I2C2_IRQHandler                          0x080000eb   Thumb Code     0  startup_stm32f072.o(.text)
    PVD_VDDIO2_IRQHandler                    0x080000eb   Thumb Code     0  startup_stm32f072.o(.text)
    RCC_CRS_IRQHandler                       0x080000eb   Thumb Code     0  startup_stm32f072.o(.text)
    RTC_IRQHandler                           0x080000eb   Thumb Code     0  startup_stm32f072.o(.text)
    SPI1_IRQHandler                          0x080000eb   Thumb Code     0  startup_stm32f072.o(.text)
    SPI2_IRQHandler                          0x080000eb   Thumb Code     0  startup_stm32f072.o(.text)
    TIM14_IRQHandler                         0x080000eb   Thumb Code     0  startup_stm32f072.o(.text)
    TIM15_IRQHandler                         0x080000eb   Thumb Code     0  startup_stm32f072.o(.text)
    TIM16_IRQHandler                         0x080000eb   Thumb Code     0  startup_stm32f072.o(.text)
    TIM17_IRQHandler                         0x080000eb   Thumb Code     0  startup_stm32f072.o(.text)
    TIM1_BRK_UP_TRG_COM_IRQHandler           0x080000eb   Thumb Code     0  startup_stm32f072.o(.text)
    TIM1_CC_IRQHandler                       0x080000eb   Thumb Code     0  startup_stm32f072.o(.text)
    TIM2_IRQHandler                          0x080000eb   Thumb Code     0  startup_stm32f072.o(.text)
    TIM3_IRQHandler                          0x080000eb   Thumb Code     0  startup_stm32f072.o(.text)
    TIM6_DAC_IRQHandler                      0x080000eb   Thumb Code     0  startup_stm32f072.o(.text)
    TIM7_IRQHandler                          0x080000eb   Thumb Code     0  startup_stm32f072.o(.text)
    TSC_IRQHandler                           0x080000eb   Thumb Code     0  startup_stm32f072.o(.text)
    USART1_IRQHandler                        0x080000eb   Thumb Code     0  startup_stm32f072.o(.text)
    USART2_IRQHandler                        0x080000eb   Thumb Code     0  startup_stm32f072.o(.text)
    USART3_4_IRQHandler                      0x080000eb   Thumb Code     0  startup_stm32f072.o(.text)
    USB_IRQHandler                           0x080000eb   Thumb Code     0  startup_stm32f072.o(.text)
    WWDG_IRQHandler                          0x080000eb   Thumb Code     0  startup_stm32f072.o(.text)
    __aeabi_uidiv                            0x080000f5   Thumb Code     0  uidiv.o(.text)
    __aeabi_uidivmod                         0x080000f5   Thumb Code    44  uidiv.o(.text)
    __aeabi_idiv                             0x08000121   Thumb Code     0  idiv.o(.text)
    __aeabi_idivmod                          0x08000121   Thumb Code    40  idiv.o(.text)
    strncpy                                  0x08000149   Thumb Code    26  strncpy.o(.text)
    __aeabi_dadd                             0x08000165   Thumb Code   330  dadd.o(.text)
    __aeabi_dsub                             0x080002af   Thumb Code    12  dadd.o(.text)
    __aeabi_drsub                            0x080002bb   Thumb Code    12  dadd.o(.text)
    __aeabi_dmul                             0x080002cd   Thumb Code   202  dmul.o(.text)
    __aeabi_ddiv                             0x0800039d   Thumb Code   234  ddiv.o(.text)
    __aeabi_ui2d                             0x0800048d   Thumb Code    24  dfltui.o(.text)
    __aeabi_cdrcmple                         0x080004a9   Thumb Code    38  cdrcmple.o(.text)
    __aeabi_llsl                             0x080004d1   Thumb Code    32  llshl.o(.text)
    _ll_shift_l                              0x080004d1   Thumb Code     0  llshl.o(.text)
    __aeabi_lasr                             0x080004f1   Thumb Code    38  llsshr.o(.text)
    _ll_sshift_r                             0x080004f1   Thumb Code     0  llsshr.o(.text)
    __I$use$fp                               0x08000517   Thumb Code     0  iusefp.o(.text)
    _double_round                            0x08000517   Thumb Code    26  depilogue.o(.text)
    _double_epilogue                         0x08000531   Thumb Code   164  depilogue.o(.text)
    __scatterload                            0x080005d5   Thumb Code    28  init.o(.text)
    __scatterload_rt2                        0x080005d5   Thumb Code     0  init.o(.text)
    __aeabi_llsr                             0x080005f9   Thumb Code    34  llushr.o(.text)
    _ll_ushift_r                             0x080005f9   Thumb Code     0  llushr.o(.text)
    ADC_Cmd                                  0x0800061b   Thumb Code    24  stm32f0xx_adc.o(i.ADC_Cmd)
    ADC_GetConversionValue                   0x08000633   Thumb Code     8  stm32f0xx_adc.o(i.ADC_GetConversionValue)
    ADC_GetFlagStatus                        0x0800063b   Thumb Code    48  stm32f0xx_adc.o(i.ADC_GetFlagStatus)
    ADC_Init                                 0x0800066d   Thumb Code    40  stm32f0xx_adc.o(i.ADC_Init)
    ADC_StartOfConversion                    0x08000699   Thumb Code    10  stm32f0xx_adc.o(i.ADC_StartOfConversion)
    Adc_GetValue                             0x080006a5   Thumb Code    88  adc.o(i.Adc_GetValue)
    Adc_Init                                 0x0800070d   Thumb Code    54  adc.o(i.Adc_Init)
    Adc_SetChannel                           0x08000749   Thumb Code    26  adc.o(i.Adc_SetChannel)
    GPIO_Init                                0x08000769   Thumb Code   144  stm32f0xx_gpio.o(i.GPIO_Init)
    GPIO_ReadInputDataBit                    0x080007f9   Thumb Code    20  stm32f0xx_gpio.o(i.GPIO_ReadInputDataBit)
    GPIO_StructInit                          0x0800080d   Thumb Code    20  stm32f0xx_gpio.o(i.GPIO_StructInit)
    GPIO_WriteBit                            0x08000825   Thumb Code    12  stm32f0xx_gpio.o(i.GPIO_WriteBit)
    GPIO_setup                               0x08000831   Thumb Code    40  main.o(i.GPIO_setup)
    Key_GetState                             0x08000861   Thumb Code    64  key.o(i.Key_GetState)
    Key_Init                                 0x080008a5   Thumb Code    56  key.o(i.Key_Init)
    Led_Init                                 0x080008e1   Thumb Code    56  led.o(i.Led_Init)
    Led_TurnOff                              0x08000965   Thumb Code    14  led.o(i.Led_TurnOff)
    Led_TurnOn                               0x08000973   Thumb Code    14  led.o(i.Led_TurnOn)
    RCC_AHBPeriphClockCmd                    0x08000bf5   Thumb Code    28  stm32f0xx_rcc.o(i.RCC_AHBPeriphClockCmd)
    RCC_APB2PeriphClockCmd                   0x08000c15   Thumb Code    28  stm32f0xx_rcc.o(i.RCC_APB2PeriphClockCmd)
    SysTick_Handler                          0x08000d0d   Thumb Code    12  systick.o(i.SysTick_Handler)
    SystemInit                               0x08000d1d   Thumb Code   110  system_stm32f0xx.o(i.SystemInit)
    Systick_GetTick                          0x08000d99   Thumb Code     6  systick.o(i.Systick_GetTick)
    TaskCounter                              0x08000da5   Thumb Code    64  taskcounter.o(i.TaskCounter)
    TaskKey                                  0x08000dfd   Thumb Code   174  taskkey.o(i.TaskKey)
    TaskLed                                  0x08000eed   Thumb Code    76  taskled.o(i.TaskLed)
    TaskMandelbrot                           0x08000f49   Thumb Code    18  taskmandelbrot.o(i.TaskMandelbrot)
    TaskPoti                                 0x08000f65   Thumb Code    46  taskpoti.o(i.TaskPoti)
    TaskWatch                                0x08000fa5   Thumb Code    78  taskwatch.o(i.TaskWatch)
    Tft_ClearScreen                          0x08001011   Thumb Code    30  tftdisplay.o(i.Tft_ClearScreen)
    Tft_DrawChar                             0x08001035   Thumb Code   226  tftdisplay.o(i.Tft_DrawChar)
    Tft_DrawPixel                            0x08001121   Thumb Code    60  tftdisplay.o(i.Tft_DrawPixel)
    Tft_DrawString                           0x08001165   Thumb Code    64  tftdisplay.o(i.Tft_DrawString)
    Tft_Init                                 0x080011a9   Thumb Code    84  tftdisplay.o(i.Tft_Init)
    Tft_SetFont                              0x08001255   Thumb Code    52  tftdisplay.o(i.Tft_SetFont)
    Tft_SetForegroundColourRgb16             0x0800128d   Thumb Code     6  tftdisplay.o(i.Tft_SetForegroundColourRgb16)
    Tick_InitSysTick                         0x08001479   Thumb Code    54  systick.o(i.Tick_InitSysTick)
    __0snprintf$6                            0x080014bd   Thumb Code    50  printf6.o(i.__0snprintf$6)
    __1snprintf$6                            0x080014bd   Thumb Code     0  printf6.o(i.__0snprintf$6)
    __2snprintf                              0x080014bd   Thumb Code     0  printf6.o(i.__0snprintf$6)
    __ARM_clz                                0x080014f5   Thumb Code    46  depilogue.o(i.__ARM_clz)
    __ARM_common_switch8                     0x08001523   Thumb Code    28  led.o(i.__ARM_common_switch8)
    __aeabi_assert                           0x0800153f   Thumb Code    60  main.o(i.__aeabi_assert)
    __scatterload_copy                       0x0800157b   Thumb Code    14  handlers.o(i.__scatterload_copy)
    __scatterload_null                       0x08001589   Thumb Code     2  handlers.o(i.__scatterload_null)
    __scatterload_zeroinit                   0x0800158b   Thumb Code    14  handlers.o(i.__scatterload_zeroinit)
    main                                     0x08001901   Thumb Code   120  main.o(i.main)
    TftFont_16x24                            0x08002f94   Data          16  tftfont_16x24.o(.constdata)
    Region$$Table$$Base                      0x08002fac   Number         0  anon$$obj.o(Region$$Table)
    Region$$Table$$Limit                     0x08002fcc   Number         0  anon$$obj.o(Region$$Table)
    SystemCoreClock                          0x2000000c   Data           4  system_stm32f0xx.o(.data)
    AHBPrescTable                            0x20000010   Data          16  system_stm32f0xx.o(.data)
    __initial_sp                             0x20000490   Data           0  startup_stm32f072.o(STACK)



==============================================================================

Memory Map of the image

  Image Entry point : 0x080000c1

  Load Region LR_IROM1 (Base: 0x08000000, Size: 0x00003020, Max: 0x00020000, ABSOLUTE)

    Execution Region ER_IROM1 (Exec base: 0x08000000, Load base: 0x08000000, Size: 0x00002fcc, Max: 0x00020000, ABSOLUTE)

    Exec Addr    Load Addr    Size         Type   Attr      Idx    E Section Name        Object

    0x08000000   0x08000000   0x000000c0   Data   RO         4150    RESET               startup_stm32f072.o
    0x080000c0   0x080000c0   0x00000000   Code   RO         4469  * .ARM.Collect$$$$00000000  mc_p.l(entry.o)
    0x080000c0   0x080000c0   0x00000004   Code   RO         4749    .ARM.Collect$$$$00000001  mc_p.l(entry2.o)
    0x080000c4   0x080000c4   0x00000004   Code   RO         4752    .ARM.Collect$$$$00000004  mc_p.l(entry5.o)
    0x080000c8   0x080000c8   0x00000000   Code   RO         4754    .ARM.Collect$$$$00000008  mc_p.l(entry7b.o)
    0x080000c8   0x080000c8   0x00000000   Code   RO         4756    .ARM.Collect$$$$0000000A  mc_p.l(entry8b.o)
    0x080000c8   0x080000c8   0x00000008   Code   RO         4757    .ARM.Collect$$$$0000000B  mc_p.l(entry9a.o)
    0x080000d0   0x080000d0   0x00000004   Code   RO         4764    .ARM.Collect$$$$0000000E  mc_p.l(entry12b.o)
    0x080000d4   0x080000d4   0x00000000   Code   RO         4759    .ARM.Collect$$$$0000000F  mc_p.l(entry10a.o)
    0x080000d4   0x080000d4   0x00000000   Code   RO         4761    .ARM.Collect$$$$00000011  mc_p.l(entry11a.o)
    0x080000d4   0x080000d4   0x00000004   Code   RO         4750    .ARM.Collect$$$$00002712  mc_p.l(entry2.o)
    0x080000d8   0x080000d8   0x0000001c   Code   RO         4151    .text               startup_stm32f072.o
    0x080000f4   0x080000f4   0x0000002c   Code   RO         4472    .text               mc_p.l(uidiv.o)
    0x08000120   0x08000120   0x00000028   Code   RO         4474    .text               mc_p.l(idiv.o)
    0x08000148   0x08000148   0x0000001a   Code   RO         4476    .text               mc_p.l(strncpy.o)
    0x08000162   0x08000162   0x00000002   PAD
    0x08000164   0x08000164   0x00000168   Code   RO         4739    .text               mf_p.l(dadd.o)
    0x080002cc   0x080002cc   0x000000d0   Code   RO         4741    .text               mf_p.l(dmul.o)
    0x0800039c   0x0800039c   0x000000f0   Code   RO         4743    .text               mf_p.l(ddiv.o)
    0x0800048c   0x0800048c   0x0000001c   Code   RO         4745    .text               mf_p.l(dfltui.o)
    0x080004a8   0x080004a8   0x00000028   Code   RO         4747    .text               mf_p.l(cdrcmple.o)
    0x080004d0   0x080004d0   0x00000020   Code   RO         4770    .text               mc_p.l(llshl.o)
    0x080004f0   0x080004f0   0x00000026   Code   RO         4772    .text               mc_p.l(llsshr.o)
    0x08000516   0x08000516   0x00000000   Code   RO         4774    .text               mc_p.l(iusefp.o)
    0x08000516   0x08000516   0x000000be   Code   RO         4775    .text               mf_p.l(depilogue.o)
    0x080005d4   0x080005d4   0x00000024   Code   RO         4781    .text               mc_p.l(init.o)
    0x080005f8   0x080005f8   0x00000022   Code   RO         4784    .text               mc_p.l(llushr.o)
    0x0800061a   0x0800061a   0x00000018   Code   RO          590    i.ADC_Cmd           stm32f0xx_adc.o
    0x08000632   0x08000632   0x00000008   Code   RO          597    i.ADC_GetConversionValue  stm32f0xx_adc.o
    0x0800063a   0x0800063a   0x00000030   Code   RO          598    i.ADC_GetFlagStatus  stm32f0xx_adc.o
    0x0800066a   0x0800066a   0x00000002   PAD
    0x0800066c   0x0800066c   0x0000002c   Code   RO          601    i.ADC_Init          stm32f0xx_adc.o
    0x08000698   0x08000698   0x0000000a   Code   RO          604    i.ADC_StartOfConversion  stm32f0xx_adc.o
    0x080006a2   0x080006a2   0x00000002   PAD
    0x080006a4   0x080006a4   0x00000068   Code   RO          291    i.Adc_GetValue      adc.o
    0x0800070c   0x0800070c   0x0000003c   Code   RO          292    i.Adc_Init          adc.o
    0x08000748   0x08000748   0x00000020   Code   RO          293    i.Adc_SetChannel    adc.o
    0x08000768   0x08000768   0x00000090   Code   RO         1839    i.GPIO_Init         stm32f0xx_gpio.o
    0x080007f8   0x080007f8   0x00000014   Code   RO         1843    i.GPIO_ReadInputDataBit  stm32f0xx_gpio.o
    0x0800080c   0x0800080c   0x00000018   Code   RO         1848    i.GPIO_StructInit   stm32f0xx_gpio.o
    0x08000824   0x08000824   0x0000000c   Code   RO         1850    i.GPIO_WriteBit     stm32f0xx_gpio.o
    0x08000830   0x08000830   0x00000030   Code   RO          389    i.GPIO_setup        main.o
    0x08000860   0x08000860   0x00000044   Code   RO            3    i.Key_GetState      key.o
    0x080008a4   0x080008a4   0x0000003c   Code   RO            4    i.Key_Init          key.o
    0x080008e0   0x080008e0   0x0000003c   Code   RO          129    i.Led_Init          led.o
    0x0800091c   0x0800091c   0x00000048   Code   RO          130    i.Led_Switch        led.o
    0x08000964   0x08000964   0x0000000e   Code   RO          131    i.Led_TurnOff       led.o
    0x08000972   0x08000972   0x0000000e   Code   RO          132    i.Led_TurnOn        led.o
    0x08000980   0x08000980   0x000001fc   Code   RO         4342    i.MandelBrot        taskmandelbrot.o
    0x08000b7c   0x08000b7c   0x00000078   Code   RO          326    i.NVIC_SetPriority  systick.o
    0x08000bf4   0x08000bf4   0x00000020   Code   RO         2359    i.RCC_AHBPeriphClockCmd  stm32f0xx_rcc.o
    0x08000c14   0x08000c14   0x00000020   Code   RO         2363    i.RCC_APB2PeriphClockCmd  stm32f0xx_rcc.o
    0x08000c34   0x08000c34   0x000000d8   Code   RO         4157    i.SetSysClock       system_stm32f0xx.o
    0x08000d0c   0x08000d0c   0x00000010   Code   RO          327    i.SysTick_Handler   systick.o
    0x08000d1c   0x08000d1c   0x0000007c   Code   RO         4159    i.SystemInit        system_stm32f0xx.o
    0x08000d98   0x08000d98   0x0000000c   Code   RO          328    i.Systick_GetTick   systick.o
    0x08000da4   0x08000da4   0x00000058   Code   RO         4239    i.TaskCounter       taskcounter.o
    0x08000dfc   0x08000dfc   0x000000f0   Code   RO         4278    i.TaskKey           taskkey.o
    0x08000eec   0x08000eec   0x0000005c   Code   RO         4311    i.TaskLed           taskled.o
    0x08000f48   0x08000f48   0x0000001c   Code   RO         4343    i.TaskMandelbrot    taskmandelbrot.o
    0x08000f64   0x08000f64   0x00000040   Code   RO         4372    i.TaskPoti          taskpoti.o
    0x08000fa4   0x08000fa4   0x0000006c   Code   RO         4400    i.TaskWatch         taskwatch.o
    0x08001010   0x08001010   0x00000024   Code   RO          171    i.Tft_ClearScreen   tftdisplay.o
    0x08001034   0x08001034   0x000000ec   Code   RO          172    i.Tft_DrawChar      tftdisplay.o
    0x08001120   0x08001120   0x00000044   Code   RO          174    i.Tft_DrawPixel     tftdisplay.o
    0x08001164   0x08001164   0x00000044   Code   RO          175    i.Tft_DrawString    tftdisplay.o
    0x080011a8   0x080011a8   0x0000005c   Code   RO          177    i.Tft_Init          tftdisplay.o
    0x08001204   0x08001204   0x00000050   Code   RO          178    i.Tft_InitGPIOs     tftdisplay.o
    0x08001254   0x08001254   0x00000038   Code   RO          180    i.Tft_SetFont       tftdisplay.o
    0x0800128c   0x0800128c   0x0000000c   Code   RO          181    i.Tft_SetForegroundColourRgb16  tftdisplay.o
    0x08001298   0x08001298   0x0000012c   Code   RO          182    i.Tft_SetWindow     tftdisplay.o
    0x080013c4   0x080013c4   0x0000000e   Code   RO          183    i.Tft_ToBSRRValue   tftdisplay.o
    0x080013d2   0x080013d2   0x00000002   PAD
    0x080013d4   0x080013d4   0x00000018   Code   RO          184    i.Tft_WriteCmd      tftdisplay.o
    0x080013ec   0x080013ec   0x00000020   Code   RO          185    i.Tft_WriteData     tftdisplay.o
    0x0800140c   0x0800140c   0x00000012   Code   RO          186    i.Tft_WritePixel    tftdisplay.o
    0x0800141e   0x0800141e   0x00000002   PAD
    0x08001420   0x08001420   0x00000058   Code   RO          187    i.Tft_WritePixels   tftdisplay.o
    0x08001478   0x08001478   0x00000044   Code   RO          329    i.Tick_InitSysTick  systick.o
    0x080014bc   0x080014bc   0x00000038   Code   RO         4634    i.__0snprintf$6     mc_p.l(printf6.o)
    0x080014f4   0x080014f4   0x0000002e   Code   RO         4777    i.__ARM_clz         mf_p.l(depilogue.o)
    0x08001522   0x08001522   0x0000001c   Code   RO          161    i.__ARM_common_switch8  led.o
    0x0800153e   0x0800153e   0x0000003c   Code   RO          390    i.__aeabi_assert    main.o
    0x0800157a   0x0800157a   0x0000000e   Code   RO         4789    i.__scatterload_copy  mc_p.l(handlers.o)
    0x08001588   0x08001588   0x00000002   Code   RO         4790    i.__scatterload_null  mc_p.l(handlers.o)
    0x0800158a   0x0800158a   0x0000000e   Code   RO         4791    i.__scatterload_zeroinit  mc_p.l(handlers.o)
    0x08001598   0x08001598   0x00000304   Code   RO         4640    i._printf_core      mc_p.l(printf6.o)
    0x0800189c   0x0800189c   0x00000020   Code   RO         4641    i._printf_post_padding  mc_p.l(printf6.o)
    0x080018bc   0x080018bc   0x0000002c   Code   RO         4642    i._printf_pre_padding  mc_p.l(printf6.o)
    0x080018e8   0x080018e8   0x00000016   Code   RO         4643    i._snputc           mc_p.l(printf6.o)
    0x080018fe   0x080018fe   0x00000002   PAD
    0x08001900   0x08001900   0x0000007c   Code   RO          391    i.main              main.o
    0x0800197c   0x0800197c   0x00000014   Code   RO          392    i.resCounterLED     main.o
    0x08001990   0x08001990   0x00000014   Code   RO          393    i.resKeyLED         main.o
    0x080019a4   0x080019a4   0x00000014   Code   RO          394    i.resLedLED         main.o
    0x080019b8   0x080019b8   0x00000014   Code   RO          395    i.resMandelbrotLED  main.o
    0x080019cc   0x080019cc   0x00000014   Code   RO          396    i.resPotiLED        main.o
    0x080019e0   0x080019e0   0x00000014   Code   RO          397    i.resSysTickLED     main.o
    0x080019f4   0x080019f4   0x00000014   Code   RO          398    i.resWatchLED       main.o
    0x08001a08   0x08001a08   0x00000014   Code   RO          399    i.setCounterLED     main.o
    0x08001a1c   0x08001a1c   0x00000014   Code   RO          400    i.setKeyLED         main.o
    0x08001a30   0x08001a30   0x00000014   Code   RO          401    i.setLedLED         main.o
    0x08001a44   0x08001a44   0x00000014   Code   RO          402    i.setMandelbrotLED  main.o
    0x08001a58   0x08001a58   0x00000014   Code   RO          403    i.setPotiLED        main.o
    0x08001a6c   0x08001a6c   0x00000014   Code   RO          404    i.setSysTickLED     main.o
    0x08001a80   0x08001a80   0x00000014   Code   RO          405    i.setWatchLED       main.o
    0x08001a94   0x08001a94   0x00001510   Data   RO         4225    .constdata          tftfont_16x24.o
    0x08002fa4   0x08002fa4   0x00000006   Data   RO         4280    .constdata          taskkey.o
    0x08002faa   0x08002faa   0x00000002   PAD
    0x08002fac   0x08002fac   0x00000020   Data   RO         4787    Region$$Table       anon$$obj.o


    Execution Region RW_IRAM1 (Exec base: 0x20000000, Load base: 0x08002fcc, Size: 0x00000490, Max: 0x00004000, ABSOLUTE)

    Exec Addr    Load Addr    Size         Type   Attr      Idx    E Section Name        Object

    0x20000000   0x08002fcc   0x00000008   Data   RW          188    .data               tftdisplay.o
    0x20000008   0x08002fd4   0x00000004   Data   RW          330    .data               systick.o
    0x2000000c   0x08002fd8   0x00000014   Data   RW         4160    .data               system_stm32f0xx.o
    0x20000020   0x08002fec   0x00000008   Data   RW         4241    .data               taskcounter.o
    0x20000028   0x08002ff4   0x00000005   Data   RW         4281    .data               taskkey.o
    0x2000002d   0x08002ff9   0x00000003   PAD
    0x20000030   0x08002ffc   0x0000000d   Data   RW         4312    .data               taskled.o
    0x2000003d   0x08003009   0x00000003   PAD
    0x20000040   0x0800300c   0x00000010   Data   RW         4344    .data               taskmandelbrot.o
    0x20000050   0x0800301c   0x00000004   Data   RW         4402    .data               taskwatch.o
    0x20000054        -       0x0000000e   Zero   RW         4240    .bss                taskcounter.o
    0x20000062        -       0x0000000c   Zero   RW         4279    .bss                taskkey.o
    0x2000006e        -       0x0000000e   Zero   RW         4373    .bss                taskpoti.o
    0x2000007c        -       0x0000000e   Zero   RW         4401    .bss                taskwatch.o
    0x2000008a   0x08003020   0x00000006   PAD
    0x20000090        -       0x00000400   Zero   RW         4148    STACK               startup_stm32f072.o


==============================================================================

Image component sizes


      Code (inc. data)   RO Data    RW Data    ZI Data      Debug   Object Name

       196         28          0          0          0       2087   adc.o
       128          8          0          0          0     163390   key.o
       188         18          0          0          0       2662   led.o
       512         88          0          0          0       6969   main.o
        28          8        192          0       1024        588   startup_stm32f072.o
       134          4          0          0          0       3038   stm32f0xx_adc.o
       200          4          0          0          0       2602   stm32f0xx_gpio.o
        64          8          0          0          0       1061   stm32f0xx_rcc.o
       340         24          0         20          0       1545   system_stm32f0xx.o
       216         34          0          4          0     151675   systick.o
        88         24          0          8         14       1142   taskcounter.o
       240         66          6          5         12       1310   taskkey.o
        92         16          0         13          0       1450   taskled.o
       536         48          0         16          0       1941   taskmandelbrot.o
        64         18          0          0         14       1019   taskpoti.o
       108         30          0          4         14       1188   taskwatch.o
      1124        180          0          8          0       9006   tftdisplay.o
         0          0       5392          0          0        512   tftfont_16x24.o
         0          0          0          0          0        364   tftfont_6x8.o

    ----------------------------------------------------------------------
      4266        606       5624         84       1084     353549   Object Totals
         0          0         32          0          0          0   (incl. Generated)
         8          0          2          6          6          0   (incl. Padding)

    ----------------------------------------------------------------------

      Code (inc. data)   RO Data    RW Data    ZI Data      Debug   Library Member Name

         0          0          0          0          0          0   entry.o
         0          0          0          0          0          0   entry10a.o
         0          0          0          0          0          0   entry11a.o
         4          0          0          0          0          0   entry12b.o
         8          4          0          0          0          0   entry2.o
         4          0          0          0          0          0   entry5.o
         0          0          0          0          0          0   entry7b.o
         0          0          0          0          0          0   entry8b.o
         8          4          0          0          0          0   entry9a.o
        30          0          0          0          0          0   handlers.o
        40          0          0          0          0         72   idiv.o
        36          8          0          0          0         68   init.o
         0          0          0          0          0          0   iusefp.o
        32          0          0          0          0         68   llshl.o
        38          0          0          0          0         68   llsshr.o
        34          0          0          0          0         68   llushr.o
       926         10          0          0          0        392   printf6.o
        26          0          0          0          0         68   strncpy.o
        44          0          0          0          0         72   uidiv.o
        40          2          0          0          0         68   cdrcmple.o
       360          6          0          0          0        140   dadd.o
       240          6          0          0          0         84   ddiv.o
       236          0          0          0          0        216   depilogue.o
        28          4          0          0          0         68   dfltui.o
       208          6          0          0          0         88   dmul.o

    ----------------------------------------------------------------------
      2346         50          0          0          0       1540   Library Totals
         4          0          0          0          0          0   (incl. Padding)

    ----------------------------------------------------------------------

      Code (inc. data)   RO Data    RW Data    ZI Data      Debug   Library Name

      1230         26          0          0          0        876   mc_p.l
      1112         24          0          0          0        664   mf_p.l

    ----------------------------------------------------------------------
      2346         50          0          0          0       1540   Library Totals

    ----------------------------------------------------------------------

==============================================================================


      Code (inc. data)   RO Data    RW Data    ZI Data      Debug   

      6612        656       5624         84       1084     351757   Grand Totals
      6612        656       5624         84       1084     351757   ELF Image Totals
      6612        656       5624         84          0          0   ROM Totals

==============================================================================

    Total RO  Size (Code + RO Data)                12236 (  11.95kB)
    Total RW  Size (RW Data + ZI Data)              1168 (   1.14kB)
    Total ROM Size (Code + RO Data + RW Data)      12320 (  12.03kB)

==============================================================================

